Component: ARM Compiler 5.05 update 2 (build 169) Tool: armlink [4d0f33]

==============================================================================

Section Cross References

    main.o(.text) refers to stm32f4xx_hal_rcc.o(.text) for HAL_RCC_OscConfig
    main.o(.text) refers to printfa.o(i.__0printf) for __2printf
    main.o(.text) refers to seven_segment.o(.text) for update_7seg_disp
    main.o(.text) refers to stm32f4xx_hal_gpio.o(.text) for HAL_GPIO_WritePin
    main.o(.text) refers to keypad.o(.text) for get_key
    main.o(.text) refers to f2d.o(.text) for __aeabi_f2d
    main.o(.text) refers to rt_cmsis.o(i.osKernelInitialize) for osKernelInitialize
    main.o(.text) refers to stm32f4xx_hal.o(.text) for HAL_Init
    main.o(.text) refers to thread_led.o(.text) for initializeLED_IO
    main.o(.text) refers to various_functions.o(.text) for generate_coeffecients
    main.o(.text) refers to config_files.o(.text) for config_7seg
    main.o(.text) refers to rt_cmsis.o(i.osMutexCreate) for osMutexCreate
    main.o(.text) refers to thread_polling_temp.o(.text) for start_Thread_polling_temp
    main.o(.text) refers to thread_angle.o(.text) for start_Thread_angle
    main.o(.text) refers to thread_temp.o(.text) for start_Thread_temp
    main.o(.text) refers to rt_cmsis.o(i.osTimerCreate) for osTimerCreate
    main.o(.text) refers to rt_cmsis.o(i.osTimerStart) for osTimerStart
    main.o(.text) refers to rt_cmsis.o(i.osKernelStart) for osKernelStart
    main.o(.text) refers to rt_time.o(.data) for os_time
    main.o(.text) refers to thread_angle.o(.data) for display_mode
    main.o(.text) refers to main.o(.data) for alarm_counter
    main.o(.text) refers to thread_polling_temp.o(.data) for alarm_on
    main.o(.text) refers to main.o(.constdata) for os_mutex_def_temp_mutex
    main.o(.constdata) refers to main.o(.bss) for os_mutex_cb_temp_mutex
    main.o(.constdata) refers to main.o(.text) for Timer_Callback1
    thread_led.o(.text) refers to rt_cmsis.o(i.osThreadCreate) for osThreadCreate
    thread_led.o(.text) refers to rt_cmsis.o(i.osDelay) for osDelay
    thread_led.o(.text) refers to stm32f4xx_hal_gpio.o(.text) for HAL_GPIO_TogglePin
    thread_led.o(.text) refers to thread_led.o(.constdata) for os_thread_def_Thread_LED
    thread_led.o(.text) refers to thread_led.o(.data) for tid_Thread_LED
    thread_led.o(.text) refers to thread_led.o(.bss) for LED_configuration
    thread_led.o(.constdata) refers to thread_led.o(.text) for Thread_LED
    supporting_functions.o(.text) refers to printfa.o(i.__0printf) for __2printf
    thread_angle.o(.text) refers to printfa.o(i.__0printf) for __2printf
    thread_angle.o(.text) refers to rt_cmsis.o(i.osThreadCreate) for osThreadCreate
    thread_angle.o(.text) refers to lis3dsh.o(.text) for LIS3DSH_ReadACC
    thread_angle.o(.text) refers to various_functions.o(.text) for FIR_C
    thread_angle.o(.text) refers to f2d.o(.text) for __aeabi_f2d
    thread_angle.o(.text) refers to atan.o(i.__hardfp_atan) for __hardfp_atan
    thread_angle.o(.text) refers to dmul.o(.text) for __aeabi_dmul
    thread_angle.o(.text) refers to ddiv.o(.text) for __aeabi_ddiv
    thread_angle.o(.text) refers to dadd.o(.text) for __aeabi_dadd
    thread_angle.o(.text) refers to d2f.o(.text) for __aeabi_d2f
    thread_angle.o(.text) refers to rt_cmsis.o(i.osSignalWait) for osSignalWait
    thread_angle.o(.text) refers to rt_cmsis.o(i.osMutexWait) for osMutexWait
    thread_angle.o(.text) refers to rt_cmsis.o(i.osMutexRelease) for osMutexRelease
    thread_angle.o(.text) refers to rt_cmsis.o(i.osSignalClear) for osSignalClear
    thread_angle.o(.text) refers to rt_cmsis.o(i.osSignalSet) for osSignalSet
    thread_angle.o(.text) refers to thread_angle.o(.constdata) for os_thread_def_Thread_angle
    thread_angle.o(.text) refers to thread_angle.o(.data) for tid_angle
    thread_angle.o(.text) refers to thread_angle.o(.bss) for accel_temp
    thread_angle.o(.text) refers to main.o(.bss) for coeff
    thread_angle.o(.text) refers to main.o(.data) for angle_mutex
    thread_angle.o(.text) refers to keypad.o(.data) for p_or_r
    thread_angle.o(.constdata) refers to thread_angle.o(.text) for Thread_angle
    thread_temp.o(.text) refers to printfa.o(i.__0printf) for __2printf
    thread_temp.o(.text) refers to rt_cmsis.o(i.osThreadCreate) for osThreadCreate
    thread_temp.o(.text) refers to rt_cmsis.o(i.osSignalWait) for osSignalWait
    thread_temp.o(.text) refers to rt_cmsis.o(i.osMutexWait) for osMutexWait
    thread_temp.o(.text) refers to f2d.o(.text) for __aeabi_f2d
    thread_temp.o(.text) refers to rt_cmsis.o(i.osMutexRelease) for osMutexRelease
    thread_temp.o(.text) refers to rt_cmsis.o(i.osSignalClear) for osSignalClear
    thread_temp.o(.text) refers to rt_cmsis.o(i.osSignalSet) for osSignalSet
    thread_temp.o(.text) refers to thread_temp.o(.constdata) for os_thread_def_Thread_temp
[...]
    determine_input                          0x080010b1   Thumb Code    68  keypad.o(.text)
    get_key                                  0x080010f5   Thumb Code   404  keypad.o(.text)
    absolute                                 0x080012c1   Thumb Code    14  various_functions.o(.text)
    generate_coeffecients                    0x080012cf   Thumb Code   210  various_functions.o(.text)
    FIR_C                                    0x080013a1   Thumb Code    84  various_functions.o(.text)
    display_num                              0x08001419   Thumb Code   156  seven_segment.o(.text)
    update_7seg_disp                         0x080014b5   Thumb Code   232  seven_segment.o(.text)
    SPI_ReceiveData                          0x080015a5   Thumb Code    10  lis3dsh.o(.text)
    LIS3DSH_TIMEOUT_UserCallback             0x080015af   Thumb Code     4  lis3dsh.o(.text)
    SPI_SendData                             0x080015b3   Thumb Code     6  lis3dsh.o(.text)
    LIS3DSH_Write                            0x08001625   Thumb Code    62  lis3dsh.o(.text)
    LIS3DSH_Init                             0x08001663   Thumb Code   170  lis3dsh.o(.text)
    LIS3DSH_Read                             0x0800170d   Thumb Code    70  lis3dsh.o(.text)
    LIS3DSH_DataReadyInterruptConfig         0x08001753   Thumb Code    42  lis3dsh.o(.text)
    LIS3DSH_LowpowerCmd                      0x0800177d   Thumb Code    40  lis3dsh.o(.text)
    LIS3DSH_DataRateCmd                      0x080017a5   Thumb Code    44  lis3dsh.o(.text)
    LIS3DSH_FullScaleCmd                     0x080017d1   Thumb Code    44  lis3dsh.o(.text)
    LIS3DSH_ReadACC                          0x080017fd   Thumb Code   628  lis3dsh.o(.text)
    HAL_SPI_MspInit                          0x08001a71   Thumb Code   218  lis3dsh.o(.text)
    os_idle_demon                            0x08001b65   Thumb Code     4  rtx_conf_cm.o(.text)
    os_error                                 0x08001b69   Thumb Code    34  rtx_conf_cm.o(.text)
    HAL_MspInit                              0x08001b8d   Thumb Code     2  stm32f4xx_hal.o(.text)
    HAL_InitTick                             0x08001b8f   Thumb Code    36  stm32f4xx_hal.o(.text)
    HAL_Init                                 0x08001bb3   Thumb Code    54  stm32f4xx_hal.o(.text)
    HAL_MspDeInit                            0x08001be9   Thumb Code     2  stm32f4xx_hal.o(.text)
    HAL_DeInit                               0x08001beb   Thumb Code    64  stm32f4xx_hal.o(.text)
    HAL_IncTick                              0x08001c2b   Thumb Code    12  stm32f4xx_hal.o(.text)
    HAL_Delay                                0x08001c3d   Thumb Code    26  stm32f4xx_hal.o(.text)
    HAL_SuspendTick                          0x08001c57   Thumb Code    18  stm32f4xx_hal.o(.text)
    HAL_ResumeTick                           0x08001c69   Thumb Code    18  stm32f4xx_hal.o(.text)
    HAL_GetHalVersion                        0x08001c7b   Thumb Code     6  stm32f4xx_hal.o(.text)
    HAL_GetREVID                             0x08001c81   Thumb Code     8  stm32f4xx_hal.o(.text)
    HAL_GetDEVID                             0x08001c89   Thumb Code    10  stm32f4xx_hal.o(.text)
    HAL_DBGMCU_EnableDBGSleepMode            0x08001c93   Thumb Code    14  stm32f4xx_hal.o(.text)
    HAL_DBGMCU_DisableDBGSleepMode           0x08001ca1   Thumb Code    14  stm32f4xx_hal.o(.text)
    HAL_DBGMCU_EnableDBGStopMode             0x08001caf   Thumb Code    14  stm32f4xx_hal.o(.text)
    HAL_DBGMCU_DisableDBGStopMode            0x08001cbd   Thumb Code    14  stm32f4xx_hal.o(.text)
    HAL_DBGMCU_EnableDBGStandbyMode          0x08001ccb   Thumb Code    14  stm32f4xx_hal.o(.text)
    HAL_DBGMCU_DisableDBGStandbyMode         0x08001cd9   Thumb Code    14  stm32f4xx_hal.o(.text)
    HAL_EnableCompensationCell               0x08001ce7   Thumb Code    22  stm32f4xx_hal.o(.text)
    HAL_DisableCompensationCell              0x08001cfd   Thumb Code    24  stm32f4xx_hal.o(.text)
    HAL_ADC_MspInit                          0x08001e97   Thumb Code     2  stm32f4xx_hal_adc.o(.text)
    HAL_ADC_Init                             0x08001e99   Thumb Code   100  stm32f4xx_hal_adc.o(.text)
    HAL_ADC_MspDeInit                        0x08001efd   Thumb Code     2  stm32f4xx_hal_adc.o(.text)
    HAL_ADC_DeInit                           0x08001eff   Thumb Code    68  stm32f4xx_hal_adc.o(.text)
    HAL_ADC_Start                            0x08001f43   Thumb Code   238  stm32f4xx_hal_adc.o(.text)
    HAL_ADC_Stop                             0x08002031   Thumb Code    72  stm32f4xx_hal_adc.o(.text)
    HAL_ADC_PollForConversion                0x08002079   Thumb Code   208  stm32f4xx_hal_adc.o(.text)
    HAL_ADC_PollForEvent                     0x08002149   Thumb Code   118  stm32f4xx_hal_adc.o(.text)
    HAL_ADC_Start_IT                         0x080021bf   Thumb Code   250  stm32f4xx_hal_adc.o(.text)
    HAL_ADC_Stop_IT                          0x080022b9   Thumb Code    86  stm32f4xx_hal_adc.o(.text)
    HAL_ADC_ErrorCallback                    0x0800230f   Thumb Code     2  stm32f4xx_hal_adc.o(.text)
    HAL_ADC_LevelOutOfWindowCallback         0x08002311   Thumb Code     2  stm32f4xx_hal_adc.o(.text)
    HAL_ADC_ConvCpltCallback                 0x08002313   Thumb Code     2  stm32f4xx_hal_adc.o(.text)
    HAL_ADC_IRQHandler                       0x08002315   Thumb Code   372  stm32f4xx_hal_adc.o(.text)
    HAL_ADC_ConvHalfCpltCallback             0x080024a3   Thumb Code     2  stm32f4xx_hal_adc.o(.text)
    HAL_ADC_Start_DMA                        0x08002521   Thumb Code   334  stm32f4xx_hal_adc.o(.text)
    HAL_ADC_Stop_DMA                         0x0800266f   Thumb Code   108  stm32f4xx_hal_adc.o(.text)
    HAL_ADC_GetValue                         0x080026db   Thumb Code     8  stm32f4xx_hal_adc.o(.text)
    HAL_ADC_ConfigChannel                    0x080026e3   Thumb Code   386  stm32f4xx_hal_adc.o(.text)
    HAL_ADC_AnalogWDGConfig                  0x08002865   Thumb Code   132  stm32f4xx_hal_adc.o(.text)
    HAL_ADC_GetState                         0x080028e9   Thumb Code     6  stm32f4xx_hal_adc.o(.text)
    HAL_ADC_GetError                         0x080028ef   Thumb Code     6  stm32f4xx_hal_adc.o(.text)
    HAL_ADCEx_InjectedStart                  0x08002909   Thumb Code   252  stm32f4xx_hal_adc_ex.o(.text)
    HAL_ADCEx_InjectedStart_IT               0x08002a05   Thumb Code   264  stm32f4xx_hal_adc_ex.o(.text)
    HAL_ADCEx_InjectedStop                   0x08002b0d   Thumb Code   104  stm32f4xx_hal_adc_ex.o(.text)
    HAL_ADCEx_InjectedPollForConversion      0x08002b75   Thumb Code   160  stm32f4xx_hal_adc_ex.o(.text)
    HAL_ADCEx_InjectedStop_IT                0x08002c15   Thumb Code   116  stm32f4xx_hal_adc_ex.o(.text)
    HAL_ADCEx_InjectedGetValue               0x08002c89   Thumb Code    70  stm32f4xx_hal_adc_ex.o(.text)
    HAL_ADCEx_MultiModeStart_DMA             0x08002d79   Thumb Code   278  stm32f4xx_hal_adc_ex.o(.text)
    HAL_ADCEx_MultiModeStop_DMA              0x08002e8f   Thumb Code   108  stm32f4xx_hal_adc_ex.o(.text)
    HAL_ADCEx_MultiModeGetValue              0x08002efb   Thumb Code    10  stm32f4xx_hal_adc_ex.o(.text)
    HAL_ADCEx_InjectedConvCpltCallback       0x08002f05   Thumb Code     2  stm32f4xx_hal_adc_ex.o(.text)
    HAL_ADCEx_InjectedConfigChannel          0x08002f07   Thumb Code   548  stm32f4xx_hal_adc_ex.o(.text)
    HAL_ADCEx_MultiModeConfigChannel         0x0800312b   Thumb Code   162  stm32f4xx_hal_adc_ex.o(.text)
    HAL_NVIC_SetPriorityGrouping             0x080031ed   Thumb Code    36  stm32f4xx_hal_cortex.o(.text)
    HAL_NVIC_SetPriority                     0x08003211   Thumb Code   124  stm32f4xx_hal_cortex.o(.text)
    HAL_NVIC_EnableIRQ                       0x0800328d   Thumb Code    32  stm32f4xx_hal_cortex.o(.text)
    HAL_NVIC_DisableIRQ                      0x080032ad   Thumb Code    30  stm32f4xx_hal_cortex.o(.text)
    HAL_NVIC_SystemReset                     0x080032cb   Thumb Code    64  stm32f4xx_hal_cortex.o(.text)
    HAL_SYSTICK_Config                       0x0800330b   Thumb Code    52  stm32f4xx_hal_cortex.o(.text)
    HAL_MPU_ConfigRegion                     0x0800333f   Thumb Code    90  stm32f4xx_hal_cortex.o(.text)
    HAL_NVIC_GetPriorityGrouping             0x08003399   Thumb Code     8  stm32f4xx_hal_cortex.o(.text)
    HAL_NVIC_GetPriority                     0x080033a1   Thumb Code   138  stm32f4xx_hal_cortex.o(.text)
    HAL_NVIC_SetPendingIRQ                   0x0800342b   Thumb Code    32  stm32f4xx_hal_cortex.o(.text)
    HAL_NVIC_GetPendingIRQ                   0x0800344b   Thumb Code    46  stm32f4xx_hal_cortex.o(.text)
    HAL_NVIC_ClearPendingIRQ                 0x08003479   Thumb Code    30  stm32f4xx_hal_cortex.o(.text)
    HAL_NVIC_GetActive                       0x08003497   Thumb Code    46  stm32f4xx_hal_cortex.o(.text)
    HAL_SYSTICK_CLKSourceConfig              0x080034c5   Thumb Code    40  stm32f4xx_hal_cortex.o(.text)
    HAL_SYSTICK_Callback                     0x080034ed   Thumb Code     2  stm32f4xx_hal_cortex.o(.text)
    HAL_SYSTICK_IRQHandler                   0x080034ef   Thumb Code     8  stm32f4xx_hal_cortex.o(.text)
    HAL_DMA_Init                             0x08003601   Thumb Code   228  stm32f4xx_hal_dma.o(.text)
    HAL_DMA_DeInit                           0x080036e5   Thumb Code    98  stm32f4xx_hal_dma.o(.text)
    HAL_DMA_Start                            0x08003773   Thumb Code   102  stm32f4xx_hal_dma.o(.text)
    HAL_DMA_Start_IT                         0x080037d9   Thumb Code   158  stm32f4xx_hal_dma.o(.text)
    HAL_DMA_Abort                            0x08003877   Thumb Code   178  stm32f4xx_hal_dma.o(.text)
    HAL_DMA_Abort_IT                         0x08003929   Thumb Code    40  stm32f4xx_hal_dma.o(.text)
    HAL_DMA_PollForTransfer                  0x08003951   Thumb Code   350  stm32f4xx_hal_dma.o(.text)
    HAL_DMA_IRQHandler                       0x08003aaf   Thumb Code   574  stm32f4xx_hal_dma.o(.text)
    HAL_DMA_RegisterCallback                 0x08003ced   Thumb Code    94  stm32f4xx_hal_dma.o(.text)
    HAL_DMA_UnRegisterCallback               0x08003d4b   Thumb Code   124  stm32f4xx_hal_dma.o(.text)
    HAL_DMA_GetState                         0x08003dc7   Thumb Code     8  stm32f4xx_hal_dma.o(.text)
    HAL_DMA_GetError                         0x08003dcf   Thumb Code     6  stm32f4xx_hal_dma.o(.text)
    HAL_GPIO_Init                            0x08003ddd   Thumb Code   466  stm32f4xx_hal_gpio.o(.text)
    HAL_GPIO_DeInit                          0x08003faf   Thumb Code   316  stm32f4xx_hal_gpio.o(.text)
    HAL_GPIO_ReadPin                         0x080040eb   Thumb Code    16  stm32f4xx_hal_gpio.o(.text)
    HAL_GPIO_WritePin                        0x080040fb   Thumb Code    12  stm32f4xx_hal_gpio.o(.text)
    HAL_GPIO_TogglePin                       0x08004107   Thumb Code     8  stm32f4xx_hal_gpio.o(.text)
    HAL_GPIO_LockPin                         0x0800410f   Thumb Code    46  stm32f4xx_hal_gpio.o(.text)
    HAL_GPIO_EXTI_IRQHandler                 0x0800413f   Thumb Code    28  stm32f4xx_hal_gpio.o(.text)
    HAL_RCC_OscConfig                        0x0800418b   Thumb Code  1088  stm32f4xx_hal_rcc.o(.text)
    HAL_RCC_GetSysClockFreq                  0x080045cb   Thumb Code   170  stm32f4xx_hal_rcc.o(.text)
    HAL_RCC_ClockConfig                      0x08004675   Thumb Code   466  stm32f4xx_hal_rcc.o(.text)
    HAL_RCC_MCOConfig                        0x08004847   Thumb Code   186  stm32f4xx_hal_rcc.o(.text)
    HAL_RCC_EnableCSS                        0x08004901   Thumb Code     8  stm32f4xx_hal_rcc.o(.text)
    HAL_RCC_DisableCSS                       0x08004909   Thumb Code     8  stm32f4xx_hal_rcc.o(.text)
    HAL_RCC_GetHCLKFreq                      0x08004911   Thumb Code     6  stm32f4xx_hal_rcc.o(.text)
    HAL_RCC_GetPCLK1Freq                     0x08004917   Thumb Code    38  stm32f4xx_hal_rcc.o(.text)
    HAL_RCC_GetPCLK2Freq                     0x0800493d   Thumb Code    38  stm32f4xx_hal_rcc.o(.text)
    HAL_RCC_GetOscConfig                     0x08004963   Thumb Code   326  stm32f4xx_hal_rcc.o(.text)
    HAL_RCC_GetClockConfig                   0x08004aa9   Thumb Code    66  stm32f4xx_hal_rcc.o(.text)
    HAL_RCC_CSSCallback                      0x08004aeb   Thumb Code     2  stm32f4xx_hal_rcc.o(.text)
    HAL_RCC_NMI_IRQHandler                   0x08004aed   Thumb Code    30  stm32f4xx_hal_rcc.o(.text)
    HAL_SPI_Init                             0x08004b17   Thumb Code   160  stm32f4xx_hal_spi.o(.text)
    HAL_SPI_MspDeInit                        0x08004bb7   Thumb Code     2  stm32f4xx_hal_spi.o(.text)
    HAL_SPI_DeInit                           0x08004bb9   Thumb Code    54  stm32f4xx_hal_spi.o(.text)
    HAL_SPI_Transmit                         0x08004cc1   Thumb Code   480  stm32f4xx_hal_spi.o(.text)
    HAL_SPI_TransmitReceive                  0x08004ea1   Thumb Code   716  stm32f4xx_hal_spi.o(.text)
    HAL_SPI_Receive                          0x0800516d   Thumb Code   548  stm32f4xx_hal_spi.o(.text)
    HAL_SPI_TxCpltCallback                   0x08005391   Thumb Code     2  stm32f4xx_hal_spi.o(.text)
    HAL_SPI_ErrorCallback                    0x08005393   Thumb Code     2  stm32f4xx_hal_spi.o(.text)
    HAL_SPI_Transmit_IT                      0x0800549d   Thumb Code   214  stm32f4xx_hal_spi.o(.text)
    HAL_SPI_RxCpltCallback                   0x08005573   Thumb Code     2  stm32f4xx_hal_spi.o(.text)
    HAL_SPI_TxRxCpltCallback                 0x080056db   Thumb Code     2  stm32f4xx_hal_spi.o(.text)
    HAL_SPI_TransmitReceive_IT               0x08005955   Thumb Code   230  stm32f4xx_hal_spi.o(.text)
    HAL_SPI_Receive_IT                       0x08005a3b   Thumb Code   232  stm32f4xx_hal_spi.o(.text)
    HAL_SPI_TxHalfCpltCallback               0x08005bbd   Thumb Code     2  stm32f4xx_hal_spi.o(.text)
    HAL_SPI_Transmit_DMA                     0x08005bcd   Thumb Code   292  stm32f4xx_hal_spi.o(.text)
    HAL_SPI_RxHalfCpltCallback               0x08005da7   Thumb Code     2  stm32f4xx_hal_spi.o(.text)
    HAL_SPI_TxRxHalfCpltCallback             0x08005e5f   Thumb Code     2  stm32f4xx_hal_spi.o(.text)
    HAL_SPI_TransmitReceive_DMA              0x08005e6f   Thumb Code   340  stm32f4xx_hal_spi.o(.text)
    HAL_SPI_Receive_DMA                      0x08005fc3   Thumb Code   276  stm32f4xx_hal_spi.o(.text)
    HAL_SPI_DMAPause                         0x080060d7   Thumb Code    50  stm32f4xx_hal_spi.o(.text)
    HAL_SPI_DMAResume                        0x08006109   Thumb Code    50  stm32f4xx_hal_spi.o(.text)
    HAL_SPI_DMAStop                          0x0800613b   Thumb Code    46  stm32f4xx_hal_spi.o(.text)
    HAL_SPI_IRQHandler                       0x0800617d   Thumb Code   308  stm32f4xx_hal_spi.o(.text)
    HAL_SPI_GetState                         0x080062b1   Thumb Code     8  stm32f4xx_hal_spi.o(.text)
    HAL_SPI_GetError                         0x080062b9   Thumb Code     6  stm32f4xx_hal_spi.o(.text)
    TIM_Base_SetConfig                       0x080062d9   Thumb Code   184  stm32f4xx_hal_tim.o(.text)
    HAL_TIM_Base_MspInit                     0x08006391   Thumb Code     2  stm32f4xx_hal_tim.o(.text)
    HAL_TIM_Base_Init                        0x08006393   Thumb Code    52  stm32f4xx_hal_tim.o(.text)
    HAL_TIM_Base_MspDeInit                   0x080063c7   Thumb Code     2  stm32f4xx_hal_tim.o(.text)
    HAL_TIM_Base_DeInit                      0x080063c9   Thumb Code    70  stm32f4xx_hal_tim.o(.text)
    HAL_TIM_Base_Start                       0x0800640f   Thumb Code    30  stm32f4xx_hal_tim.o(.text)
    HAL_TIM_Base_Stop                        0x0800642d   Thumb Code    56  stm32f4xx_hal_tim.o(.text)
    HAL_TIM_Base_Start_IT                    0x08006465   Thumb Code    30  stm32f4xx_hal_tim.o(.text)
    HAL_TIM_Base_Stop_IT                     0x08006483   Thumb Code    56  stm32f4xx_hal_tim.o(.text)
    HAL_TIM_ErrorCallback                    0x080064bb   Thumb Code     2  stm32f4xx_hal_tim.o(.text)
    TIM_DMAError                             0x080064bd   Thumb Code    20  stm32f4xx_hal_tim.o(.text)
    HAL_TIM_Base_Start_DMA                   0x080064e7   Thumb Code    96  stm32f4xx_hal_tim.o(.text)
    HAL_TIM_Base_Stop_DMA                    0x08006547   Thumb Code    62  stm32f4xx_hal_tim.o(.text)
    HAL_TIM_OC_MspInit                       0x08006585   Thumb Code     2  stm32f4xx_hal_tim.o(.text)
    HAL_TIM_OC_Init                          0x08006587   Thumb Code    52  stm32f4xx_hal_tim.o(.text)
    HAL_TIM_OC_MspDeInit                     0x080065bb   Thumb Code     2  stm32f4xx_hal_tim.o(.text)
    HAL_TIM_OC_DeInit                        0x080065bd   Thumb Code    70  stm32f4xx_hal_tim.o(.text)
    TIM_CCxChannelCmd                        0x08006603   Thumb Code    28  stm32f4xx_hal_tim.o(.text)
    HAL_TIM_OC_Start                         0x0800661f   Thumb Code    68  stm32f4xx_hal_tim.o(.text)
    HAL_TIM_OC_Stop                          0x08006663   Thumb Code   170  stm32f4xx_hal_tim.o(.text)
    HAL_TIM_OC_Start_IT                      0x0800670d   Thumb Code   144  stm32f4xx_hal_tim.o(.text)
    HAL_TIM_OC_Stop_IT                       0x0800679d   Thumb Code   196  stm32f4xx_hal_tim.o(.text)
    HAL_TIM_PWM_PulseFinishedCallback        0x08006861   Thumb Code     2  stm32f4xx_hal_tim.o(.text)
    TIM_DMADelayPulseCplt                    0x08006863   Thumb Code    70  stm32f4xx_hal_tim.o(.text)
    HAL_TIM_OC_Start_DMA                     0x080068a9   Thumb Code   310  stm32f4xx_hal_tim.o(.text)
    HAL_TIM_OC_Stop_DMA                      0x080069df   Thumb Code   202  stm32f4xx_hal_tim.o(.text)
    HAL_TIM_PWM_MspInit                      0x08006aa9   Thumb Code     2  stm32f4xx_hal_tim.o(.text)
    HAL_TIM_PWM_Init                         0x08006aab   Thumb Code    52  stm32f4xx_hal_tim.o(.text)
    HAL_TIM_PWM_MspDeInit                    0x08006adf   Thumb Code     2  stm32f4xx_hal_tim.o(.text)
    HAL_TIM_PWM_DeInit                       0x08006ae1   Thumb Code    70  stm32f4xx_hal_tim.o(.text)
    HAL_TIM_PWM_Start                        0x08006b27   Thumb Code    78  stm32f4xx_hal_tim.o(.text)
    HAL_TIM_PWM_Stop                         0x08006b75   Thumb Code   126  stm32f4xx_hal_tim.o(.text)
    HAL_TIM_PWM_Start_IT                     0x08006bf3   Thumb Code   144  stm32f4xx_hal_tim.o(.text)
    HAL_TIM_PWM_Stop_IT                      0x08006c83   Thumb Code   196  stm32f4xx_hal_tim.o(.text)
    HAL_TIM_PWM_Start_DMA                    0x08006d47   Thumb Code   310  stm32f4xx_hal_tim.o(.text)
    HAL_TIM_PWM_Stop_DMA                     0x08006e7d   Thumb Code   202  stm32f4xx_hal_tim.o(.text)
    HAL_TIM_IC_MspInit                       0x08006f47   Thumb Code     2  stm32f4xx_hal_tim.o(.text)
    HAL_TIM_IC_Init                          0x08006f49   Thumb Code    60  stm32f4xx_hal_tim.o(.text)
    HAL_TIM_IC_MspDeInit                     0x08006f85   Thumb Code     2  stm32f4xx_hal_tim.o(.text)
    HAL_TIM_IC_DeInit                        0x08006f87   Thumb Code    70  stm32f4xx_hal_tim.o(.text)
    HAL_TIM_IC_Start                         0x08006fcd   Thumb Code    32  stm32f4xx_hal_tim.o(.text)
    HAL_TIM_IC_Stop                          0x08006fed   Thumb Code    58  stm32f4xx_hal_tim.o(.text)
    HAL_TIM_IC_Start_IT                      0x08007027   Thumb Code   108  stm32f4xx_hal_tim.o(.text)
    HAL_TIM_IC_Stop_IT                       0x08007093   Thumb Code   134  stm32f4xx_hal_tim.o(.text)
    HAL_TIM_IC_CaptureCallback               0x08007119   Thumb Code     2  stm32f4xx_hal_tim.o(.text)
    TIM_DMACaptureCplt                       0x0800711b   Thumb Code    70  stm32f4xx_hal_tim.o(.text)
    HAL_TIM_IC_Start_DMA                     0x08007161   Thumb Code   274  stm32f4xx_hal_tim.o(.text)
    HAL_TIM_IC_Stop_DMA                      0x08007273   Thumb Code   140  stm32f4xx_hal_tim.o(.text)
    HAL_TIM_OnePulse_MspInit                 0x080072ff   Thumb Code     2  stm32f4xx_hal_tim.o(.text)
    HAL_TIM_OnePulse_Init                    0x08007301   Thumb Code    76  stm32f4xx_hal_tim.o(.text)
    HAL_TIM_OnePulse_MspDeInit               0x0800734d   Thumb Code     2  stm32f4xx_hal_tim.o(.text)
    HAL_TIM_OnePulse_DeInit                  0x0800734f   Thumb Code    70  stm32f4xx_hal_tim.o(.text)
    HAL_TIM_OnePulse_Start                   0x08007395   Thumb Code    66  stm32f4xx_hal_tim.o(.text)
    HAL_TIM_OnePulse_Stop                    0x080073d7   Thumb Code   130  stm32f4xx_hal_tim.o(.text)
    HAL_TIM_OnePulse_Start_IT                0x08007459   Thumb Code    90  stm32f4xx_hal_tim.o(.text)
    HAL_TIM_OnePulse_Stop_IT                 0x080074b3   Thumb Code   154  stm32f4xx_hal_tim.o(.text)
    HAL_TIM_Encoder_MspInit                  0x0800754d   Thumb Code     2  stm32f4xx_hal_tim.o(.text)
    HAL_TIM_Encoder_Init                     0x0800754f   Thumb Code   180  stm32f4xx_hal_tim.o(.text)
    HAL_TIM_Encoder_MspDeInit                0x08007603   Thumb Code     2  stm32f4xx_hal_tim.o(.text)
    HAL_TIM_Encoder_DeInit                   0x08007605   Thumb Code    70  stm32f4xx_hal_tim.o(.text)
    HAL_TIM_Encoder_Start                    0x0800764b   Thumb Code    78  stm32f4xx_hal_tim.o(.text)
    HAL_TIM_Encoder_Stop                     0x08007699   Thumb Code   104  stm32f4xx_hal_tim.o(.text)
    HAL_TIM_Encoder_Start_IT                 0x08007701   Thumb Code   126  stm32f4xx_hal_tim.o(.text)
    HAL_TIM_Encoder_Stop_IT                  0x0800777f   Thumb Code   162  stm32f4xx_hal_tim.o(.text)
    HAL_TIM_Encoder_Start_DMA                0x08007821   Thumb Code   328  stm32f4xx_hal_tim.o(.text)
    HAL_TIM_Encoder_Stop_DMA                 0x08007969   Thumb Code   152  stm32f4xx_hal_tim.o(.text)
    HAL_TIM_TriggerCallback                  0x08007a01   Thumb Code     2  stm32f4xx_hal_tim.o(.text)
    HAL_TIM_OC_DelayElapsedCallback          0x08007a03   Thumb Code     2  stm32f4xx_hal_tim.o(.text)
    HAL_TIM_IRQHandler                       0x08007a05   Thumb Code   406  stm32f4xx_hal_tim.o(.text)
    TIM_OC2_SetConfig                        0x08007c6d   Thumb Code   112  stm32f4xx_hal_tim.o(.text)
    HAL_TIM_OC_ConfigChannel                 0x08007d43   Thumb Code   116  stm32f4xx_hal_tim.o(.text)
    TIM_TI1_SetConfig                        0x08007e71   Thumb Code   122  stm32f4xx_hal_tim.o(.text)
    HAL_TIM_IC_ConfigChannel                 0x08007eeb   Thumb Code   224  stm32f4xx_hal_tim.o(.text)
    HAL_TIM_PWM_ConfigChannel                0x08007fcb   Thumb Code   294  stm32f4xx_hal_tim.o(.text)
    HAL_TIM_OnePulse_ConfigChannel           0x080080f1   Thumb Code   286  stm32f4xx_hal_tim.o(.text)
    HAL_TIM_DMABurst_WriteStart              0x08008223   Thumb Code   366  stm32f4xx_hal_tim.o(.text)
    HAL_TIM_DMABurst_WriteStop               0x08008391   Thumb Code   128  stm32f4xx_hal_tim.o(.text)
    HAL_TIM_DMABurst_ReadStart               0x08008411   Thumb Code   366  stm32f4xx_hal_tim.o(.text)
    HAL_TIM_DMABurst_ReadStop                0x0800857f   Thumb Code   128  stm32f4xx_hal_tim.o(.text)
    HAL_TIM_GenerateEvent                    0x080085ff   Thumb Code    54  stm32f4xx_hal_tim.o(.text)
    HAL_TIM_ConfigOCrefClear                 0x0800864d   Thumb Code   252  stm32f4xx_hal_tim.o(.text)
    HAL_TIM_ConfigClockSource                0x080087b3   Thumb Code   306  stm32f4xx_hal_tim.o(.text)
    HAL_TIM_ConfigTI1Input                   0x080088e5   Thumb Code    24  stm32f4xx_hal_tim.o(.text)
    HAL_TIM_SlaveConfigSynchronization       0x080089a1   Thumb Code    86  stm32f4xx_hal_tim.o(.text)
    HAL_TIM_SlaveConfigSynchronization_IT    0x080089f7   Thumb Code    86  stm32f4xx_hal_tim.o(.text)
    HAL_TIM_ReadCapturedValue                0x08008a4d   Thumb Code    84  stm32f4xx_hal_tim.o(.text)
    HAL_TIM_Base_GetState                    0x08008aa1   Thumb Code     8  stm32f4xx_hal_tim.o(.text)
    HAL_TIM_OC_GetState                      0x08008aa9   Thumb Code     8  stm32f4xx_hal_tim.o(.text)
    HAL_TIM_PWM_GetState                     0x08008ab1   Thumb Code     8  stm32f4xx_hal_tim.o(.text)
    HAL_TIM_IC_GetState                      0x08008ab9   Thumb Code     8  stm32f4xx_hal_tim.o(.text)
    HAL_TIM_OnePulse_GetState                0x08008ac1   Thumb Code     8  stm32f4xx_hal_tim.o(.text)
    HAL_TIM_Encoder_GetState                 0x08008ac9   Thumb Code     8  stm32f4xx_hal_tim.o(.text)
    HAL_TIMEx_HallSensor_MspInit             0x08008ad1   Thumb Code     2  stm32f4xx_hal_tim_ex.o(.text)
    HAL_TIMEx_HallSensor_Init                0x08008ad3   Thumb Code   196  stm32f4xx_hal_tim_ex.o(.text)
    HAL_TIMEx_HallSensor_MspDeInit           0x08008b97   Thumb Code     2  stm32f4xx_hal_tim_ex.o(.text)
    HAL_TIMEx_HallSensor_DeInit              0x08008b99   Thumb Code    70  stm32f4xx_hal_tim_ex.o(.text)
    HAL_TIMEx_HallSensor_Start               0x08008bdf   Thumb Code    30  stm32f4xx_hal_tim_ex.o(.text)
    HAL_TIMEx_HallSensor_Stop                0x08008bfd   Thumb Code    56  stm32f4xx_hal_tim_ex.o(.text)
    HAL_TIMEx_HallSensor_Start_IT            0x08008c35   Thumb Code    42  stm32f4xx_hal_tim_ex.o(.text)
    HAL_TIMEx_HallSensor_Stop_IT             0x08008c5f   Thumb Code    68  stm32f4xx_hal_tim_ex.o(.text)
    HAL_TIMEx_HallSensor_Start_DMA           0x08008ca3   Thumb Code   104  stm32f4xx_hal_tim_ex.o(.text)
    HAL_TIMEx_HallSensor_Stop_DMA            0x08008d0b   Thumb Code    68  stm32f4xx_hal_tim_ex.o(.text)
    HAL_TIMEx_OCN_Start                      0x08008d6b   Thumb Code    44  stm32f4xx_hal_tim_ex.o(.text)
    HAL_TIMEx_OCN_Stop                       0x08008d97   Thumb Code    96  stm32f4xx_hal_tim_ex.o(.text)
    HAL_TIMEx_OCN_Start_IT                   0x08008df7   Thumb Code   132  stm32f4xx_hal_tim_ex.o(.text)
    HAL_TIMEx_OCN_Stop_IT                    0x08008e7b   Thumb Code   196  stm32f4xx_hal_tim_ex.o(.text)
    HAL_TIMEx_OCN_Start_DMA                  0x08008f3f   Thumb Code   270  stm32f4xx_hal_tim_ex.o(.text)
    HAL_TIMEx_OCN_Stop_DMA                   0x0800904d   Thumb Code   192  stm32f4xx_hal_tim_ex.o(.text)
    HAL_TIMEx_PWMN_Start                     0x0800910d   Thumb Code    44  stm32f4xx_hal_tim_ex.o(.text)
    HAL_TIMEx_PWMN_Stop                      0x08009139   Thumb Code    96  stm32f4xx_hal_tim_ex.o(.text)
    HAL_TIMEx_PWMN_Start_IT                  0x08009199   Thumb Code   132  stm32f4xx_hal_tim_ex.o(.text)
    HAL_TIMEx_PWMN_Stop_IT                   0x0800921d   Thumb Code   196  stm32f4xx_hal_tim_ex.o(.text)
    HAL_TIMEx_PWMN_Start_DMA                 0x080092e1   Thumb Code   270  stm32f4xx_hal_tim_ex.o(.text)
    HAL_TIMEx_PWMN_Stop_DMA                  0x080093ef   Thumb Code   178  stm32f4xx_hal_tim_ex.o(.text)
    HAL_TIMEx_OnePulseN_Start                0x080094a1   Thumb Code    32  stm32f4xx_hal_tim_ex.o(.text)
    HAL_TIMEx_OnePulseN_Stop                 0x080094c1   Thumb Code    96  stm32f4xx_hal_tim_ex.o(.text)
    HAL_TIMEx_OnePulseN_Start_IT             0x08009521   Thumb Code    56  stm32f4xx_hal_tim_ex.o(.text)
    HAL_TIMEx_OnePulseN_Stop_IT              0x08009559   Thumb Code   120  stm32f4xx_hal_tim_ex.o(.text)
    HAL_TIMEx_ConfigCommutationEvent         0x080095d1   Thumb Code   110  stm32f4xx_hal_tim_ex.o(.text)
    HAL_TIMEx_ConfigCommutationEvent_IT      0x0800963f   Thumb Code   122  stm32f4xx_hal_tim_ex.o(.text)
    HAL_TIMEx_CommutationCallback            0x080096b9   Thumb Code     2  stm32f4xx_hal_tim_ex.o(.text)
    TIMEx_DMACommutationCplt                 0x080096bb   Thumb Code    20  stm32f4xx_hal_tim_ex.o(.text)
    HAL_TIMEx_ConfigCommutationEvent_DMA     0x080096cf   Thumb Code   146  stm32f4xx_hal_tim_ex.o(.text)
    HAL_TIMEx_MasterConfigSynchronization    0x08009761   Thumb Code    98  stm32f4xx_hal_tim_ex.o(.text)
    HAL_TIMEx_ConfigBreakDeadTime            0x080097c3   Thumb Code    80  stm32f4xx_hal_tim_ex.o(.text)
    HAL_TIMEx_RemapConfig                    0x08009813   Thumb Code    48  stm32f4xx_hal_tim_ex.o(.text)
    HAL_TIMEx_BreakCallback                  0x08009843   Thumb Code     2  stm32f4xx_hal_tim_ex.o(.text)
    HAL_TIMEx_HallSensor_GetState            0x08009845   Thumb Code     8  stm32f4xx_hal_tim_ex.o(.text)
    Reset_Handler                            0x08009851   Thumb Code     8  startup_stm32f407xx.o(.text)
    NMI_Handler                              0x08009859   Thumb Code     2  startup_stm32f407xx.o(.text)
    HardFault_Handler                        0x0800985b   Thumb Code     2  startup_stm32f407xx.o(.text)
    MemManage_Handler                        0x0800985d   Thumb Code     2  startup_stm32f407xx.o(.text)
    BusFault_Handler                         0x0800985f   Thumb Code     2  startup_stm32f407xx.o(.text)
    UsageFault_Handler                       0x08009861   Thumb Code     2  startup_stm32f407xx.o(.text)
    DebugMon_Handler                         0x08009865   Thumb Code     2  startup_stm32f407xx.o(.text)
    ADC_IRQHandler                           0x0800986b   Thumb Code     0  startup_stm32f407xx.o(.text)
    CAN1_RX0_IRQHandler                      0x0800986b   Thumb Code     0  startup_stm32f407xx.o(.text)
    CAN1_RX1_IRQHandler                      0x0800986b   Thumb Code     0  startup_stm32f407xx.o(.text)
    CAN1_SCE_IRQHandler                      0x0800986b   Thumb Code     0  startup_stm32f407xx.o(.text)
    CAN1_TX_IRQHandler                       0x0800986b   Thumb Code     0  startup_stm32f407xx.o(.text)
    CAN2_RX0_IRQHandler                      0x0800986b   Thumb Code     0  startup_stm32f407xx.o(.text)
    CAN2_RX1_IRQHandler                      0x0800986b   Thumb Code     0  startup_stm32f407xx.o(.text)
    CAN2_SCE_IRQHandler                      0x0800986b   Thumb Code     0  startup_stm32f407xx.o(.text)
    CAN2_TX_IRQHandler                       0x0800986b   Thumb Code     0  startup_stm32f407xx.o(.text)
    DCMI_IRQHandler                          0x0800986b   Thumb Code     0  startup_stm32f407xx.o(.text)
    DMA1_Stream0_IRQHandler                  0x0800986b   Thumb Code     0  startup_stm32f407xx.o(.text)
    DMA1_Stream1_IRQHandler                  0x0800986b   Thumb Code     0  startup_stm32f407xx.o(.text)
    DMA1_Stream2_IRQHandler                  0x0800986b   Thumb Code     0  startup_stm32f407xx.o(.text)
    DMA1_Stream3_IRQHandler                  0x0800986b   Thumb Code     0  startup_stm32f407xx.o(.text)
    DMA1_Stream4_IRQHandler                  0x0800986b   Thumb Code     0  startup_stm32f407xx.o(.text)
    DMA1_Stream5_IRQHandler                  0x0800986b   Thumb Code     0  startup_stm32f407xx.o(.text)
    DMA1_Stream6_IRQHandler                  0x0800986b   Thumb Code     0  startup_stm32f407xx.o(.text)
    DMA1_Stream7_IRQHandler                  0x0800986b   Thumb Code     0  startup_stm32f407xx.o(.text)
    DMA2_Stream0_IRQHandler                  0x0800986b   Thumb Code     0  startup_stm32f407xx.o(.text)
    DMA2_Stream1_IRQHandler                  0x0800986b   Thumb Code     0  startup_stm32f407xx.o(.text)
    DMA2_Stream2_IRQHandler                  0x0800986b   Thumb Code     0  startup_stm32f407xx.o(.text)
    DMA2_Stream3_IRQHandler                  0x0800986b   Thumb Code     0  startup_stm32f407xx.o(.text)
    DMA2_Stream4_IRQHandler                  0x0800986b   Thumb Code     0  startup_stm32f407xx.o(.text)
    DMA2_Stream5_IRQHandler                  0x0800986b   Thumb Code     0  startup_stm32f407xx.o(.text)
    DMA2_Stream6_IRQHandler                  0x0800986b   Thumb Code     0  startup_stm32f407xx.o(.text)
    DMA2_Stream7_IRQHandler                  0x0800986b   Thumb Code     0  startup_stm32f407xx.o(.text)
    ETH_IRQHandler                           0x0800986b   Thumb Code     0  startup_stm32f407xx.o(.text)
    ETH_WKUP_IRQHandler                      0x0800986b   Thumb Code     0  startup_stm32f407xx.o(.text)
    EXTI15_10_IRQHandler                     0x0800986b   Thumb Code     0  startup_stm32f407xx.o(.text)
    EXTI1_IRQHandler                         0x0800986b   Thumb Code     0  startup_stm32f407xx.o(.text)
    EXTI2_IRQHandler                         0x0800986b   Thumb Code     0  startup_stm32f407xx.o(.text)
    EXTI3_IRQHandler                         0x0800986b   Thumb Code     0  startup_stm32f407xx.o(.text)
    EXTI4_IRQHandler                         0x0800986b   Thumb Code     0  startup_stm32f407xx.o(.text)
    EXTI9_5_IRQHandler                       0x0800986b   Thumb Code     0  startup_stm32f407xx.o(.text)
    FLASH_IRQHandler                         0x0800986b   Thumb Code     0  startup_stm32f407xx.o(.text)
    FMC_IRQHandler                           0x0800986b   Thumb Code     0  startup_stm32f407xx.o(.text)
    FPU_IRQHandler                           0x0800986b   Thumb Code     0  startup_stm32f407xx.o(.text)
    HASH_RNG_IRQHandler                      0x0800986b   Thumb Code     0  startup_stm32f407xx.o(.text)
    I2C1_ER_IRQHandler                       0x0800986b   Thumb Code     0  startup_stm32f407xx.o(.text)
    I2C1_EV_IRQHandler                       0x0800986b   Thumb Code     0  startup_stm32f407xx.o(.text)
    I2C2_ER_IRQHandler                       0x0800986b   Thumb Code     0  startup_stm32f407xx.o(.text)
    I2C2_EV_IRQHandler                       0x0800986b   Thumb Code     0  startup_stm32f407xx.o(.text)
    I2C3_ER_IRQHandler                       0x0800986b   Thumb Code     0  startup_stm32f407xx.o(.text)
    I2C3_EV_IRQHandler                       0x0800986b   Thumb Code     0  startup_stm32f407xx.o(.text)
    OTG_FS_IRQHandler                        0x0800986b   Thumb Code     0  startup_stm32f407xx.o(.text)
    OTG_FS_WKUP_IRQHandler                   0x0800986b   Thumb Code     0  startup_stm32f407xx.o(.text)
    OTG_HS_EP1_IN_IRQHandler                 0x0800986b   Thumb Code     0  startup_stm32f407xx.o(.text)
    OTG_HS_EP1_OUT_IRQHandler                0x0800986b   Thumb Code     0  startup_stm32f407xx.o(.text)
    OTG_HS_IRQHandler                        0x0800986b   Thumb Code     0  startup_stm32f407xx.o(.text)
    OTG_HS_WKUP_IRQHandler                   0x0800986b   Thumb Code     0  startup_stm32f407xx.o(.text)
    PVD_IRQHandler                           0x0800986b   Thumb Code     0  startup_stm32f407xx.o(.text)
    RCC_IRQHandler                           0x0800986b   Thumb Code     0  startup_stm32f407xx.o(.text)
    RTC_Alarm_IRQHandler                     0x0800986b   Thumb Code     0  startup_stm32f407xx.o(.text)
    RTC_WKUP_IRQHandler                      0x0800986b   Thumb Code     0  startup_stm32f407xx.o(.text)
    SDIO_IRQHandler                          0x0800986b   Thumb Code     0  startup_stm32f407xx.o(.text)
    SPI1_IRQHandler                          0x0800986b   Thumb Code     0  startup_stm32f407xx.o(.text)
    SPI2_IRQHandler                          0x0800986b   Thumb Code     0  startup_stm32f407xx.o(.text)
    SPI3_IRQHandler                          0x0800986b   Thumb Code     0  startup_stm32f407xx.o(.text)
    TAMP_STAMP_IRQHandler                    0x0800986b   Thumb Code     0  startup_stm32f407xx.o(.text)
    TIM1_BRK_TIM9_IRQHandler                 0x0800986b   Thumb Code     0  startup_stm32f407xx.o(.text)
    TIM1_CC_IRQHandler                       0x0800986b   Thumb Code     0  startup_stm32f407xx.o(.text)
    TIM1_TRG_COM_TIM11_IRQHandler            0x0800986b   Thumb Code     0  startup_stm32f407xx.o(.text)
    TIM1_UP_TIM10_IRQHandler                 0x0800986b   Thumb Code     0  startup_stm32f407xx.o(.text)
    TIM2_IRQHandler                          0x0800986b   Thumb Code     0  startup_stm32f407xx.o(.text)
    TIM4_IRQHandler                          0x0800986b   Thumb Code     0  startup_stm32f407xx.o(.text)
    TIM5_IRQHandler                          0x0800986b   Thumb Code     0  startup_stm32f407xx.o(.text)
    TIM6_DAC_IRQHandler                      0x0800986b   Thumb Code     0  startup_stm32f407xx.o(.text)
    TIM7_IRQHandler                          0x0800986b   Thumb Code     0  startup_stm32f407xx.o(.text)
    TIM8_BRK_TIM12_IRQHandler                0x0800986b   Thumb Code     0  startup_stm32f407xx.o(.text)
    TIM8_CC_IRQHandler                       0x0800986b   Thumb Code     0  startup_stm32f407xx.o(.text)
    TIM8_TRG_COM_TIM14_IRQHandler            0x0800986b   Thumb Code     0  startup_stm32f407xx.o(.text)
    TIM8_UP_TIM13_IRQHandler                 0x0800986b   Thumb Code     0  startup_stm32f407xx.o(.text)
    UART4_IRQHandler                         0x0800986b   Thumb Code     0  startup_stm32f407xx.o(.text)
    UART5_IRQHandler                         0x0800986b   Thumb Code     0  startup_stm32f407xx.o(.text)
    USART1_IRQHandler                        0x0800986b   Thumb Code     0  startup_stm32f407xx.o(.text)
    USART2_IRQHandler                        0x0800986b   Thumb Code     0  startup_stm32f407xx.o(.text)
    USART3_IRQHandler                        0x0800986b   Thumb Code     0  startup_stm32f407xx.o(.text)
    USART6_IRQHandler                        0x0800986b   Thumb Code     0  startup_stm32f407xx.o(.text)
    WWDG_IRQHandler                          0x0800986b   Thumb Code     0  startup_stm32f407xx.o(.text)
    SystemInit                               0x08009875   Thumb Code    82  system_stm32f4xx.o(.text)
    SystemCoreClockUpdate                    0x080098c7   Thumb Code   174  system_stm32f4xx.o(.text)
    __aeabi_uldivmod                         0x08009995   Thumb Code    98  uldiv.o(.text)
    __aeabi_memcpy                           0x080099f7   Thumb Code    36  memcpya.o(.text)
    __aeabi_memcpy4                          0x080099f7   Thumb Code     0  memcpya.o(.text)
    __aeabi_memcpy8                          0x080099f7   Thumb Code     0  memcpya.o(.text)
    __aeabi_dadd                             0x08009a1b   Thumb Code   322  dadd.o(.text)
    __aeabi_dsub                             0x08009b5d   Thumb Code     6  dadd.o(.text)
    __aeabi_drsub                            0x08009b63   Thumb Code     6  dadd.o(.text)
    __aeabi_dmul                             0x08009b69   Thumb Code   228  dmul.o(.text)
    __aeabi_ddiv                             0x08009c4d   Thumb Code   222  ddiv.o(.text)
    __aeabi_i2d                              0x08009d2b   Thumb Code    34  dflti.o(.text)
    __aeabi_f2d                              0x08009d4d   Thumb Code    38  f2d.o(.text)
    __aeabi_cdrcmple                         0x08009d75   Thumb Code    48  cdrcmple.o(.text)
    __aeabi_d2f                              0x08009da5   Thumb Code    56  d2f.o(.text)
    __aeabi_uidiv                            0x08009ddd   Thumb Code     0  uidiv.o(.text)
    __aeabi_uidivmod                         0x08009ddd   Thumb Code    44  uidiv.o(.text)
    __aeabi_llsl                             0x08009e09   Thumb Code    30  llshl.o(.text)
    _ll_shift_l                              0x08009e09   Thumb Code     0  llshl.o(.text)
    __aeabi_llsr                             0x08009e27   Thumb Code    32  llushr.o(.text)
    _ll_ushift_r                             0x08009e27   Thumb Code     0  llushr.o(.text)
    __aeabi_lasr                             0x08009e47   Thumb Code    36  llsshr.o(.text)
    _ll_sshift_r                             0x08009e47   Thumb Code     0  llsshr.o(.text)
    __I$use$fp                               0x08009e6b   Thumb Code     0  iusefp.o(.text)
    _float_round                             0x08009e6b   Thumb Code    18  fepilogue.o(.text)
    _float_epilogue                          0x08009e7d   Thumb Code    92  fepilogue.o(.text)
    _double_round                            0x08009ed9   Thumb Code    30  depilogue.o(.text)
    _double_epilogue                         0x08009ef7   Thumb Code   156  depilogue.o(.text)
    __ARM_scalbn                             0x08009f93   Thumb Code    46  dscalb.o(.text)
    scalbn                                   0x08009f93   Thumb Code     0  dscalb.o(.text)
    __aeabi_d2ulz                            0x08009fc1   Thumb Code    48  dfixul.o(.text)
    __scatterload                            0x08009ff1   Thumb Code    28  init.o(.text)
    __scatterload_rt2                        0x08009ff1   Thumb Code     0  init.o(.text)
    _dsqrt                                   0x0800a015   Thumb Code   162  dsqrt.o(.text)
    SVC_Count                                0x0800a0b8   Data           4  svc_table.o(SVC_TABLE)
    SVC_Table                                0x0800a0bc   Data           0  svc_table.o(SVC_TABLE)
    __0printf                                0x0800a0bd   Thumb Code    22  printfa.o(i.__0printf)
    __1printf                                0x0800a0bd   Thumb Code     0  printfa.o(i.__0printf)
    __2printf                                0x0800a0bd   Thumb Code     0  printfa.o(i.__0printf)
    __c89printf                              0x0800a0bd   Thumb Code     0  printfa.o(i.__0printf)
    printf                                   0x0800a0bd   Thumb Code     0  printfa.o(i.__0printf)
    __ARM_fpclassify                         0x0800a0dd   Thumb Code    48  fpclassify.o(i.__ARM_fpclassify)
    __hardfp_atan                            0x0800a111   Thumb Code   622  atan.o(i.__hardfp_atan)
    __hardfp_pow                             0x0800a3e9   Thumb Code  3044  pow.o(i.__hardfp_pow)
    __kernel_poly                            0x0800b021   Thumb Code   248  poly.o(i.__kernel_poly)
    __mathlib_dbl_divzero                    0x0800b119   Thumb Code    28  dunder.o(i.__mathlib_dbl_divzero)
    __mathlib_dbl_infnan                     0x0800b149   Thumb Code    20  dunder.o(i.__mathlib_dbl_infnan)
    __mathlib_dbl_infnan2                    0x0800b15d   Thumb Code    20  dunder.o(i.__mathlib_dbl_infnan2)
    __mathlib_dbl_invalid                    0x0800b171   Thumb Code    24  dunder.o(i.__mathlib_dbl_invalid)
    __mathlib_dbl_overflow                   0x0800b191   Thumb Code    24  dunder.o(i.__mathlib_dbl_overflow)
    __mathlib_dbl_underflow                  0x0800b1b1   Thumb Code    24  dunder.o(i.__mathlib_dbl_underflow)
    __scatterload_copy                       0x0800b1d1   Thumb Code    14  handlers.o(i.__scatterload_copy)
    __scatterload_null                       0x0800b1df   Thumb Code     2  handlers.o(i.__scatterload_null)
    __scatterload_zeroinit                   0x0800b1e1   Thumb Code    14  handlers.o(i.__scatterload_zeroinit)
    __set_errno                              0x0800b1f1   Thumb Code     6  errno.o(i.__set_errno)
    _init_box                                0x0800b361   Thumb Code    70  rt_membox.o(i._init_box)
    dbg_init                                 0x0800bad9   Thumb Code    34  hal_cm.o(i.dbg_init)
    dbg_task_notify                          0x0800bb09   Thumb Code    32  hal_cm.o(i.dbg_task_notify)
    dbg_task_switch                          0x0800bb29   Thumb Code    16  hal_cm.o(i.dbg_task_switch)
    fabs                                     0x0800bb39   Thumb Code    24  fabs.o(i.fabs)
    isrMessageGet                            0x0800bb51   Thumb Code    42  rt_cmsis.o(i.isrMessageGet)
    isrMessagePut                            0x0800bb7b   Thumb Code    44  rt_cmsis.o(i.isrMessagePut)
    isrSignalSet                             0x0800bba7   Thumb Code    36  rt_cmsis.o(i.isrSignalSet)
    isr_evt_set                              0x0800bbcd   Thumb Code    34  rt_event.o(i.isr_evt_set)
    isr_mbx_receive                          0x0800bbf5   Thumb Code    86  rt_mailbox.o(i.isr_mbx_receive)
    isr_mbx_send                             0x0800bc4b   Thumb Code    14  rt_mailbox.o(i.isr_mbx_send)
    osDelay                                  0x0800bc59   Thumb Code    18  rt_cmsis.o(i.osDelay)
    osKernelInitialize                       0x0800bc71   Thumb Code    30  rt_cmsis.o(i.osKernelInitialize)
    osKernelStart                            0x0800bc95   Thumb Code    98  rt_cmsis.o(i.osKernelStart)
    osMessageGet                             0x0800bd01   Thumb Code    18  rt_cmsis.o(i.osMessageGet)
    osMutexCreate                            0x0800bd19   Thumb Code    36  rt_cmsis.o(i.osMutexCreate)
    osMutexRelease                           0x0800bd45   Thumb Code    18  rt_cmsis.o(i.osMutexRelease)
    osMutexWait                              0x0800bd5d   Thumb Code    18  rt_cmsis.o(i.osMutexWait)
    osSignalClear                            0x0800bd75   Thumb Code    20  rt_cmsis.o(i.osSignalClear)
    osSignalSet                              0x0800bd8d   Thumb Code    18  rt_cmsis.o(i.osSignalSet)
    osSignalWait                             0x0800bda5   Thumb Code    18  rt_cmsis.o(i.osSignalWait)
    osThreadCreate                           0x0800bdbd   Thumb Code    36  rt_cmsis.o(i.osThreadCreate)
    osThreadExit                             0x0800bde9   Thumb Code    14  rt_cmsis.o(i.osThreadExit)
    osTimerCall                              0x0800be01   Thumb Code     8  rt_cmsis.o(i.osTimerCall)
    osTimerCreate                            0x0800be0d   Thumb Code    36  rt_cmsis.o(i.osTimerCreate)
    osTimerStart                             0x0800be39   Thumb Code    18  rt_cmsis.o(i.osTimerStart)
    osTimerThread                            0x0800be51   Thumb Code    38  rt_cmsis.o(i.osTimerThread)
    os_tick_init                             0x0800be7d   Thumb Code    32  rt_system.o(i.os_tick_init)
    os_tick_irqack                           0x0800bea5   Thumb Code     2  rt_system.o(i.os_tick_irqack)
    rt_alloc_box                             0x0800bea7   Thumb Code    26  rt_membox.o(i.rt_alloc_box)
    rt_alloc_mem                             0x0800bec1   Thumb Code    62  rt_memory.o(i.rt_alloc_mem)
    rt_block                                 0x0800bf01   Thumb Code    48  rt_task.o(i.rt_block)
    rt_chk_robin                             0x0800bf39   Thumb Code    60  rt_robin.o(i.rt_chk_robin)
    rt_dec_dly                               0x0800bf81   Thumb Code   102  rt_list.o(i.rt_dec_dly)
    rt_dispatch                              0x0800bff1   Thumb Code    60  rt_task.o(i.rt_dispatch)
    rt_dly_wait                              0x0800c035   Thumb Code     6  rt_time.o(i.rt_dly_wait)
    rt_evt_clr                               0x0800c03d   Thumb Code    22  rt_event.o(i.rt_evt_clr)
    rt_evt_psh                               0x0800c059   Thumb Code    76  rt_event.o(i.rt_evt_psh)
    rt_evt_set                               0x0800c0a9   Thumb Code    88  rt_event.o(i.rt_evt_set)
    rt_evt_wait                              0x0800c105   Thumb Code    56  rt_event.o(i.rt_evt_wait)
    rt_free_box                              0x0800c141   Thumb Code    44  rt_membox.o(i.rt_free_box)
    rt_free_mem                              0x0800c16d   Thumb Code    40  rt_memory.o(i.rt_free_mem)
    rt_get_first                             0x0800c195   Thumb Code    40  rt_list.o(i.rt_get_first)
    rt_init_mem                              0x0800c20d   Thumb Code    26  rt_memory.o(i.rt_init_mem)
    rt_init_robin                            0x0800c229   Thumb Code    14  rt_robin.o(i.rt_init_robin)
    rt_init_stack                            0x0800c241   Thumb Code   118  hal_cm.o(i.rt_init_stack)
    rt_mbx_check                             0x0800c2c1   Thumb Code     8  rt_mailbox.o(i.rt_mbx_check)
    rt_mbx_init                              0x0800c2c9   Thumb Code    26  rt_mailbox.o(i.rt_mbx_init)
    rt_mbx_psh                               0x0800c2e5   Thumb Code   236  rt_mailbox.o(i.rt_mbx_psh)
    rt_mbx_wait                              0x0800c3d5   Thumb Code   174  rt_mailbox.o(i.rt_mbx_wait)
    rt_mut_init                              0x0800c4cd   Thumb Code    16  rt_mutex.o(i.rt_mut_init)
    rt_mut_release                           0x0800c4dd   Thumb Code   208  rt_mutex.o(i.rt_mut_release)
    rt_mut_wait                              0x0800c5b5   Thumb Code   114  rt_mutex.o(i.rt_mut_wait)
    rt_pop_req                               0x0800c62d   Thumb Code   112  rt_system.o(i.rt_pop_req)
    rt_psh_req                               0x0800c6a9   Thumb Code    22  rt_system.o(i.rt_psh_req)
    rt_psq_enq                               0x0800c6c9   Thumb Code    88  rt_list.o(i.rt_psq_enq)
    rt_put_dly                               0x0800c725   Thumb Code    68  rt_list.o(i.rt_put_dly)
    rt_put_prio                              0x0800c76d   Thumb Code    54  rt_list.o(i.rt_put_prio)
    rt_put_rdy_first                         0x0800c7a5   Thumb Code    14  rt_list.o(i.rt_put_rdy_first)
    rt_resort_prio                           0x0800c7b9   Thumb Code    46  rt_list.o(i.rt_resort_prio)
    rt_ret_val                               0x0800c7fd   Thumb Code    12  hal_cm.o(i.rt_ret_val)
    rt_ret_val2                              0x0800c809   Thumb Code    16  hal_cm.o(i.rt_ret_val2)
    rt_rmv_dly                               0x0800c819   Thumb Code    40  rt_list.o(i.rt_rmv_dly)
    rt_rmv_list                              0x0800c841   Thumb Code    44  rt_list.o(i.rt_rmv_list)
    rt_sem_psh                               0x0800c871   Thumb Code    48  rt_semaphore.o(i.rt_sem_psh)
    rt_stk_check                             0x0800c8a5   Thumb Code    28  rt_system.o(i.rt_stk_check)
    rt_switch_req                            0x0800c8c9   Thumb Code    30  rt_task.o(i.rt_switch_req)
    rt_sys_init                              0x0800c8f1   Thumb Code   138  rt_task.o(i.rt_sys_init)
    rt_sys_start                             0x0800c9bd   Thumb Code   110  rt_task.o(i.rt_sys_start)
    rt_systick                               0x0800ca35   Thumb Code    50  rt_system.o(i.rt_systick)
    rt_tsk_create                            0x0800caf9   Thumb Code   118  rt_task.o(i.rt_tsk_create)
    rt_tsk_delete                            0x0800cb81   Thumb Code   352  rt_task.o(i.rt_tsk_delete)
    rt_tsk_prio                              0x0800ccfd   Thumb Code   108  rt_task.o(i.rt_tsk_prio)
    rt_tsk_self                              0x0800cd79   Thumb Code    12  rt_task.o(i.rt_tsk_self)
    sqrt                                     0x0800cd89   Thumb Code   110  sqrt.o(i.sqrt)
    svcDelay                                 0x0800cdf7   Thumb Code    18  rt_cmsis.o(i.svcDelay)
    svcKernelInitialize                      0x0800ce09   Thumb Code    80  rt_cmsis.o(i.svcKernelInitialize)
    svcKernelStart                           0x0800ce79   Thumb Code    62  rt_cmsis.o(i.svcKernelStart)
    svcMessageCreate                         0x0800cec1   Thumb Code    36  rt_cmsis.o(i.svcMessageCreate)
    svcMessageGet                            0x0800cee5   Thumb Code    58  rt_cmsis.o(i.svcMessageGet)
    svcMutexCreate                           0x0800cf1f   Thumb Code    28  rt_cmsis.o(i.svcMutexCreate)
    svcMutexRelease                          0x0800cf3b   Thumb Code    34  rt_cmsis.o(i.svcMutexRelease)
    svcMutexWait                             0x0800cf5d   Thumb Code    58  rt_cmsis.o(i.svcMutexWait)
    svcSignalClear                           0x0800cf97   Thumb Code    36  rt_cmsis.o(i.svcSignalClear)
    svcSignalSet                             0x0800cfbb   Thumb Code    36  rt_cmsis.o(i.svcSignalSet)
    svcSignalWait                            0x0800cfe1   Thumb Code    80  rt_cmsis.o(i.svcSignalWait)
    svcThreadCreate                          0x0800d035   Thumb Code    96  rt_cmsis.o(i.svcThreadCreate)
    svcThreadGetId                           0x0800d0a1   Thumb Code    22  rt_cmsis.o(i.svcThreadGetId)
    svcThreadTerminate                       0x0800d0bd   Thumb Code    50  rt_cmsis.o(i.svcThreadTerminate)
    svcTimerCall                             0x0800d0f5   Thumb Code    24  rt_cmsis.o(i.svcTimerCall)
    svcTimerCreate                           0x0800d10d   Thumb Code    52  rt_cmsis.o(i.svcTimerCreate)
    svcTimerStart                            0x0800d145   Thumb Code    96  rt_cmsis.o(i.svcTimerStart)
    sysTimerTick                             0x0800d1a9   Thumb Code    84  rt_cmsis.o(i.sysTimerTick)
    os_mutex_def_temp_mutex                  0x0800d204   Data           4  main.o(.constdata)
    os_mutex_def_angle_mutex                 0x0800d208   Data           4  main.o(.constdata)
    os_timer_def_Timer1                      0x0800d20c   Data           8  main.o(.constdata)
    os_timer_def_Timer2                      0x0800d214   Data           8  main.o(.constdata)
    os_thread_def_Thread_LED                 0x0800d21c   Data          16  thread_led.o(.constdata)
    os_thread_def_Thread_angle               0x0800d22c   Data          16  thread_angle.o(.constdata)
    os_thread_def_Thread_temp                0x0800d23c   Data          16  thread_temp.o(.constdata)
    os_thread_def_Thread_polling_temp        0x0800d24c   Data          16  thread_polling_temp.o(.constdata)
    os_maxtaskrun                            0x0800d25c   Data           2  rtx_conf_cm.o(.constdata)
    os_stackinfo                             0x0800d260   Data           4  rtx_conf_cm.o(.constdata)
    os_rrobin                                0x0800d264   Data           4  rtx_conf_cm.o(.constdata)
    os_tickfreq                              0x0800d268   Data           4  rtx_conf_cm.o(.constdata)
    os_tickus_i                              0x0800d26c   Data           2  rtx_conf_cm.o(.constdata)
    os_tickus_f                              0x0800d26e   Data           2  rtx_conf_cm.o(.constdata)
    os_trv                                   0x0800d270   Data           4  rtx_conf_cm.o(.constdata)
    os_flags                                 0x0800d274   Data           1  rtx_conf_cm.o(.constdata)
    CMSIS_RTOS_API_Version                   0x0800d278   Data           4  rtx_conf_cm.o(.constdata)
    CMSIS_RTOS_RTX_Version                   0x0800d27c   Data           4  rtx_conf_cm.o(.constdata)
    os_clockrate                             0x0800d280   Data           4  rtx_conf_cm.o(.constdata)
    os_timernum                              0x0800d284   Data           4  rtx_conf_cm.o(.constdata)
    mp_tcb_size                              0x0800d288   Data           2  rtx_conf_cm.o(.constdata)
    mp_stk_size                              0x0800d28c   Data           4  rtx_conf_cm.o(.constdata)
    os_stack_sz                              0x0800d290   Data           4  rtx_conf_cm.o(.constdata)
    os_fifo_size                             0x0800d294   Data           1  rtx_conf_cm.o(.constdata)
    os_thread_def_osTimerThread              0x0800d298   Data          16  rtx_conf_cm.o(.constdata)
    os_messageQ_def_osTimerMessageQ          0x0800d2a8   Data           8  rtx_conf_cm.o(.constdata)
    mp_tmr_size                              0x0800d2b0   Data           2  rtx_conf_cm.o(.constdata)
    os_thread_def_main                       0x0800d2b4   Data          16  rtx_conf_cm.o(.constdata)
    APBAHBPrescTable                         0x0800d2cc   Data          16  stm32f4xx_hal_rcc.o(.constdata)
    AHBPrescTable                            0x0800d2dc   Data          16  system_stm32f4xx.o(.constdata)
    APBPrescTable                            0x0800d2ec   Data           8  system_stm32f4xx.o(.constdata)
    __mathlib_zero                           0x0800d418   Data           8  qnan.o(.constdata)
    Region$$Table$$Base                      0x0800d420   Number         0  anon$$obj.o(Region$$Table)
    Region$$Table$$Limit                     0x0800d440   Number         0  anon$$obj.o(Region$$Table)
    temp_mutex                               0x20000000   Data           4  main.o(.data)
    angle_mutex                              0x20000004   Data           4  main.o(.data)
    alarm_counter                            0x20000008   Data           4  main.o(.data)
    display                                  0x2000000c   Data           4  main.o(.data)
    tid_Thread_LED                           0x20000010   Data           4  thread_led.o(.data)
    i                                        0x20000014   Data           4  thread_angle.o(.data)
    pitch                                    0x20000018   Data           4  thread_angle.o(.data)
    roll                                     0x2000001c   Data           4  thread_angle.o(.data)
    duty_cycle                               0x20000020   Data           4  thread_angle.o(.data)
    display_temp                             0x20000024   Data           4  thread_angle.o(.data)
    display_pitch                            0x20000028   Data           4  thread_angle.o(.data)
    display_roll                             0x2000002c   Data           4  thread_angle.o(.data)
    display_angle_counter                    0x20000030   Data           4  thread_angle.o(.data)
    display_mode                             0x20000034   Data           4  thread_angle.o(.data)
    ext_io_flag                              0x20000038   Data           4  thread_angle.o(.data)
    threshold                                0x2000003c   Data           4  thread_angle.o(.data)
    input_value                              0x20000040   Data           4  thread_angle.o(.data)
    tid_angle                                0x20000044   Data           4  thread_angle.o(.data)
    display_temp_counter                     0x20000048   Data           4  thread_temp.o(.data)
    tid_Thread_temp                          0x2000004c   Data           4  thread_temp.o(.data)
    temp_count                               0x20000050   Data           4  thread_polling_temp.o(.data)
    alarm_on                                 0x20000054   Data           4  thread_polling_temp.o(.data)
    pina                                     0x20000058   Data           4  thread_polling_temp.o(.data)
    shown_temp                               0x2000005c   Data           4  thread_polling_temp.o(.data)
    tid_Thread_polling_temp                  0x20000060   Data           4  thread_polling_temp.o(.data)
    LIS3DSH_Initialize                       0x20000064   Data           6  config_files.o(.data)
    LIS3DSH_Init_Config                      0x2000006a   Data           3  config_files.o(.data)
    input                                    0x20000070   Data           4  keypad.o(.data)
    new_digit                                0x20000074   Data           4  keypad.o(.data)
    keypad                                   0x20000078   Data          64  keypad.o(.data)
    keystate                                 0x200000b8   Data           4  keypad.o(.data)
    p_or_r                                   0x200000bc   Data           4  keypad.o(.data)
    input_flag                               0x200000c0   Data           4  keypad.o(.data)
    LIS3DSHTimeout                           0x200000c4   Data           4  lis3dsh.o(.data)
    osThreadId_osTimerThread                 0x200000c8   Data           4  rtx_conf_cm.o(.data)
    osMessageQId_osTimerMessageQ             0x200000cc   Data           4  rtx_conf_cm.o(.data)
    os_tmr                                   0x200000d0   Data           4  rtx_conf_cm.o(.data)
    m_tmr                                    0x200000d4   Data           4  rtx_conf_cm.o(.data)
    uwTick                                   0x200000d8   Data           4  stm32f4xx_hal.o(.data)
    SystemCoreClock                          0x200000dc   Data           4  system_stm32f4xx.o(.data)
    os_initialized                           0x200000e0   Data           1  rt_cmsis.o(.data)
    os_running                               0x200000e1   Data           1  rt_cmsis.o(.data)
    os_timer_head                            0x200000e4   Data           4  rt_cmsis.o(.data)
    os_time                                  0x200000e8   Data           4  rt_time.o(.data)
    os_tsk                                   0x200000ec   Data           8  rt_task.o(.data)
    os_tick_irqn                             0x200000f8   Data           4  rt_system.o(.data)
    dbg_msg                                  0x200000fc   Data           1  hal_cm.o(.data)
    os_robin                                 0x20000100   Data           8  rt_robin.o(.data)
    __stdout                                 0x20000108   Data           4  stdout.o(.data)
    os_mutex_cb_temp_mutex                   0x20000110   Data          16  main.o(.bss)
    os_mutex_cb_angle_mutex                  0x20000120   Data          16  main.o(.bss)
    os_timer_cb_Timer1                       0x20000130   Data          24  main.o(.bss)
    os_timer_cb_Timer2                       0x20000148   Data          24  main.o(.bss)
    coeff                                    0x20000160   Data         100  main.o(.bss)
    LED_configuration                        0x200001c4   Data          20  thread_led.o(.bss)
    acceleration_normalized                  0x200001d8   Data          12  thread_angle.o(.bss)
    accel_temp                               0x200001e4   Data          12  thread_angle.o(.bss)
    acceleration_reading_x                   0x200001f0   Data         200  thread_angle.o(.bss)
    acceleration_reading_y                   0x200002b8   Data         200  thread_angle.o(.bss)
    acceleration_reading_z                   0x20000380   Data         200  thread_angle.o(.bss)
    ADC_init                                 0x20000448   Data          48  config_files.o(.bss)
    ADC_ChannelStruct                        0x20000478   Data          16  config_files.o(.bss)
    ADC1_handler                             0x20000488   Data          72  config_files.o(.bss)
    GPIO_Init                                0x200004d0   Data          20  config_files.o(.bss)
    TIM3_handler                             0x200004e4   Data          60  config_files.o(.bss)
    SpiHandle                                0x20000520   Data          88  lis3dsh.o(.bss)
    mp_tcb                                   0x20000578   Data         376  rtx_conf_cm.o(.bss)
    mp_stk                                   0x200006f0   Data        4816  rtx_conf_cm.o(.bss)
    os_stack_mem                             0x200019c0   Data        1256  rtx_conf_cm.o(.bss)
    os_fifo                                  0x20001ea8   Data         132  rtx_conf_cm.o(.bss)
    os_active_TCB                            0x20001f2c   Data          28  rtx_conf_cm.o(.bss)
    os_messageQ_q_osTimerMessageQ            0x20001f48   Data          32  rtx_conf_cm.o(.bss)
    os_idle_TCB                              0x20001f68   Data          52  rt_task.o(.bss)
    os_rdy                                   0x20001f9c   Data          24  rt_list.o(.bss)
    os_dly                                   0x20001fb4   Data          24  rt_list.o(.bss)
    __initial_sp                             0x200023d0   Data           0  startup_stm32f407xx.o(STACK)



==============================================================================

Memory Map of the image

  Image Entry point : 0x08000189

  Load Region LR_IROM1 (Base: 0x08000000, Size: 0x0000d550, Max: 0x00100000, ABSOLUTE)

    Execution Region ER_IROM1 (Base: 0x08000000, Size: 0x0000d440, Max: 0x00100000, ABSOLUTE)

    Base Addr    Size         Type   Attr      Idx    E Section Name        Object

    0x08000000   0x00000188   Data   RO          940    RESET               startup_stm32f407xx.o
    0x08000188   0x00000000   Code   RO         2217  * .ARM.Collect$$$$00000000  mc_w.l(entry.o)
    0x08000188   0x00000004   Code   RO         2538    .ARM.Collect$$$$00000001  mc_w.l(entry2.o)
    0x0800018c   0x00000004   Code   RO         2541    .ARM.Collect$$$$00000004  mc_w.l(entry5.o)
    0x08000190   0x00000000   Code   RO         2543    .ARM.Collect$$$$00000008  mc_w.l(entry7b.o)
    0x08000190   0x00000000   Code   RO         2545    .ARM.Collect$$$$0000000A  mc_w.l(entry8b.o)
    0x08000190   0x00000000   Code   RO         2546    .ARM.Collect$$$$0000000D  mc_w.l(entry10a.o)
    0x08000190   0x00000000   Code   RO         2548    .ARM.Collect$$$$0000000F  mc_w.l(entry11a.o)
    0x08000190   0x00000018   Code   RO          514    .ARM.Collect$$$$000000FF  rtx_conf_cm.o
    0x080001a8   0x00000004   Code   RO         2539    .ARM.Collect$$$$00002712  mc_w.l(entry2.o)
    0x080001ac   0x00000198   Code   RO         2176    .emb_text           RTX_CM4.lib(hal_cm4.o)
    0x08000344   0x0000033c   Code   RO            4    .text               main.o
    0x08000680   0x00000088   Code   RO          167    .text               thread_led.o
    0x08000708   0x00000038   Code   RO          218    .text               fput_debug.o
    0x08000740   0x00000458   Code   RO          246    .text               thread_angle.o
    0x08000b98   0x00000100   Code   RO          283    .text               thread_temp.o
    0x08000c98   0x00000018   Code   RO          316    .text               stm32f4xx_it.o
    0x08000cb0   0x00000270   Code   RO          343    .text               thread_polling_temp.o
    0x08000f20   0x00000190   Code   RO          375    .text               config_files.o
    0x080010b0   0x00000210   Code   RO          410    .text               keypad.o
    0x080012c0   0x00000158   Code   RO          441    .text               various_functions.o
    0x08001418   0x0000018c   Code   RO          465    .text               seven_segment.o
    0x080015a4   0x000005c0   Code   RO          489    .text               lis3dsh.o
    0x08001b64   0x00000026   Code   RO          515    .text               rtx_conf_cm.o
    0x08001b8a   0x00000002   PAD
    0x08001b8c   0x000001a0   Code   RO          546    .text               stm32f4xx_hal.o
    0x08001d2c   0x00000bdc   Code   RO          573    .text               stm32f4xx_hal_adc.o
    0x08002908   0x000008c4   Code   RO          597    .text               stm32f4xx_hal_adc_ex.o
    0x080031cc   0x0000034c   Code   RO          621    .text               stm32f4xx_hal_cortex.o
    0x08003518   0x000008c4   Code   RO          649    .text               stm32f4xx_hal_dma.o
    0x08003ddc   0x000003ac   Code   RO          698    .text               stm32f4xx_hal_gpio.o
    0x08004188   0x0000098c   Code   RO          770    .text               stm32f4xx_hal_rcc.o
    0x08004b14   0x000017c4   Code   RO          821    .text               stm32f4xx_hal_spi.o
    0x080062d8   0x000027f8   Code   RO          845    .text               stm32f4xx_hal_tim.o
    0x08008ad0   0x00000d80   Code   RO          869    .text               stm32f4xx_hal_tim_ex.o
    0x08009850   0x00000024   Code   RO          941    .text               startup_stm32f407xx.o
    0x08009874   0x00000120   Code   RO          948    .text               system_stm32f4xx.o
    0x08009994   0x00000062   Code   RO         2220    .text               mc_w.l(uldiv.o)
    0x080099f6   0x00000024   Code   RO         2222    .text               mc_w.l(memcpya.o)
    0x08009a1a   0x0000014e   Code   RO         2487    .text               mf_w.l(dadd.o)
    0x08009b68   0x000000e4   Code   RO         2489    .text               mf_w.l(dmul.o)
    0x08009c4c   0x000000de   Code   RO         2491    .text               mf_w.l(ddiv.o)
    0x08009d2a   0x00000022   Code   RO         2493    .text               mf_w.l(dflti.o)
    0x08009d4c   0x00000026   Code   RO         2495    .text               mf_w.l(f2d.o)
    0x08009d72   0x00000002   PAD
    0x08009d74   0x00000030   Code   RO         2497    .text               mf_w.l(cdrcmple.o)
    0x08009da4   0x00000038   Code   RO         2499    .text               mf_w.l(d2f.o)
    0x08009ddc   0x0000002c   Code   RO         2551    .text               mc_w.l(uidiv.o)
    0x08009e08   0x0000001e   Code   RO         2553    .text               mc_w.l(llshl.o)
    0x08009e26   0x00000020   Code   RO         2555    .text               mc_w.l(llushr.o)
    0x08009e46   0x00000024   Code   RO         2557    .text               mc_w.l(llsshr.o)
    0x08009e6a   0x00000000   Code   RO         2566    .text               mc_w.l(iusefp.o)
    0x08009e6a   0x0000006e   Code   RO         2567    .text               mf_w.l(fepilogue.o)
    0x08009ed8   0x000000ba   Code   RO         2569    .text               mf_w.l(depilogue.o)
    0x08009f92   0x0000002e   Code   RO         2573    .text               mf_w.l(dscalb.o)
    0x08009fc0   0x00000030   Code   RO         2575    .text               mf_w.l(dfixul.o)
    0x08009ff0   0x00000024   Code   RO         2577    .text               mc_w.l(init.o)
    0x0800a014   0x000000a2   Code   RO         2579    .text               mf_w.l(dsqrt.o)
    0x0800a0b6   0x00000002   PAD
    0x0800a0b8   0x00000004   Code   RO         2186    SVC_TABLE           RTX_CM4.lib(svc_table.o)
    0x0800a0bc   0x00000020   Code   RO         2459    i.__0printf         mc_w.l(printfa.o)
    0x0800a0dc   0x00000030   Code   RO         2521    i.__ARM_fpclassify  m_wm.l(fpclassify.o)
    0x0800a10c   0x00000004   PAD
    0x0800a110   0x000002d8   Code   RO         2189    i.__hardfp_atan     m_wm.l(atan.o)
    0x0800a3e8   0x00000c38   Code   RO         2203    i.__hardfp_pow      m_wm.l(pow.o)
    0x0800b020   0x000000f8   Code   RO         2523    i.__kernel_poly     m_wm.l(poly.o)
    0x0800b118   0x00000030   Code   RO         2501    i.__mathlib_dbl_divzero  m_wm.l(dunder.o)
    0x0800b148   0x00000014   Code   RO         2502    i.__mathlib_dbl_infnan  m_wm.l(dunder.o)
    0x0800b15c   0x00000014   Code   RO         2503    i.__mathlib_dbl_infnan2  m_wm.l(dunder.o)
    0x0800b170   0x00000020   Code   RO         2504    i.__mathlib_dbl_invalid  m_wm.l(dunder.o)
    0x0800b190   0x00000020   Code   RO         2505    i.__mathlib_dbl_overflow  m_wm.l(dunder.o)
    0x0800b1b0   0x00000020   Code   RO         2507    i.__mathlib_dbl_underflow  m_wm.l(dunder.o)
    0x0800b1d0   0x0000000e   Code   RO         2585    i.__scatterload_copy  mc_w.l(handlers.o)
    0x0800b1de   0x00000002   Code   RO         2586    i.__scatterload_null  mc_w.l(handlers.o)
    0x0800b1e0   0x0000000e   Code   RO         2587    i.__scatterload_zeroinit  mc_w.l(handlers.o)
    0x0800b1ee   0x00000002   PAD
    0x0800b1f0   0x0000000c   Code   RO         2561    i.__set_errno       mc_w.l(errno.o)
    0x0800b1fc   0x00000164   Code   RO         2466    i._fp_digits        mc_w.l(printfa.o)
    0x0800b360   0x00000046   Code   RO         2049    i._init_box         RTX_CM4.lib(rt_membox.o)
    0x0800b3a6   0x00000002   PAD
    0x0800b3a8   0x000006dc   Code   RO         2467    i._printf_core      mc_w.l(printfa.o)
    0x0800ba84   0x00000024   Code   RO         2468    i._printf_post_padding  mc_w.l(printfa.o)
    0x0800baa8   0x0000002e   Code   RO         2469    i._printf_pre_padding  mc_w.l(printfa.o)
    0x0800bad6   0x00000002   PAD
    0x0800bad8   0x00000030   Code   RO         2102    i.dbg_init          RTX_CM4.lib(hal_cm.o)
    0x0800bb08   0x00000020   Code   RO         2103    i.dbg_task_notify   RTX_CM4.lib(hal_cm.o)
    0x0800bb28   0x00000010   Code   RO         2104    i.dbg_task_switch   RTX_CM4.lib(hal_cm.o)
    0x0800bb38   0x00000018   Code   RO         2517    i.fabs              m_wm.l(fabs.o)
    0x0800bb50   0x0000002a   Code   RO          979    i.isrMessageGet     RTX_CM4.lib(rt_cmsis.o)
    0x0800bb7a   0x0000002c   Code   RO          980    i.isrMessagePut     RTX_CM4.lib(rt_cmsis.o)
    0x0800bba6   0x00000024   Code   RO          982    i.isrSignalSet      RTX_CM4.lib(rt_cmsis.o)
    0x0800bbca   0x00000002   PAD
    0x0800bbcc   0x00000028   Code   RO         1806    i.isr_evt_set       RTX_CM4.lib(rt_event.o)
    0x0800bbf4   0x00000056   Code   RO         1928    i.isr_mbx_receive   RTX_CM4.lib(rt_mailbox.o)
    0x0800bc4a   0x0000000e   Code   RO         1929    i.isr_mbx_send      RTX_CM4.lib(rt_mailbox.o)
    0x0800bc58   0x00000018   Code   RO          983    i.osDelay           RTX_CM4.lib(rt_cmsis.o)
    0x0800bc70   0x00000024   Code   RO          984    i.osKernelInitialize  RTX_CM4.lib(rt_cmsis.o)
    0x0800bc94   0x0000006c   Code   RO          986    i.osKernelStart     RTX_CM4.lib(rt_cmsis.o)
    0x0800bd00   0x00000018   Code   RO          995    i.osMessageGet      RTX_CM4.lib(rt_cmsis.o)
    0x0800bd18   0x0000002c   Code   RO          997    i.osMutexCreate     RTX_CM4.lib(rt_cmsis.o)
    0x0800bd44   0x00000018   Code   RO          999    i.osMutexRelease    RTX_CM4.lib(rt_cmsis.o)
    0x0800bd5c   0x00000018   Code   RO         1000    i.osMutexWait       RTX_CM4.lib(rt_cmsis.o)
    0x0800bd74   0x00000018   Code   RO         1009    i.osSignalClear     RTX_CM4.lib(rt_cmsis.o)
    0x0800bd8c   0x00000018   Code   RO         1010    i.osSignalSet       RTX_CM4.lib(rt_cmsis.o)
    0x0800bda4   0x00000018   Code   RO         1011    i.osSignalWait      RTX_CM4.lib(rt_cmsis.o)
    0x0800bdbc   0x0000002c   Code   RO         1012    i.osThreadCreate    RTX_CM4.lib(rt_cmsis.o)
    0x0800bde8   0x00000018   Code   RO         1013    i.osThreadExit      RTX_CM4.lib(rt_cmsis.o)
    0x0800be00   0x0000000c   Code   RO         1019    i.osTimerCall       RTX_CM4.lib(rt_cmsis.o)
    0x0800be0c   0x0000002c   Code   RO         1020    i.osTimerCreate     RTX_CM4.lib(rt_cmsis.o)
    0x0800be38   0x00000018   Code   RO         1022    i.osTimerStart      RTX_CM4.lib(rt_cmsis.o)
    0x0800be50   0x0000002c   Code   RO         1024    i.osTimerThread     RTX_CM4.lib(rt_cmsis.o)
    0x0800be7c   0x00000028   Code   RO         1716    i.os_tick_init      RTX_CM4.lib(rt_system.o)
    0x0800bea4   0x00000002   Code   RO         1717    i.os_tick_irqack    RTX_CM4.lib(rt_system.o)
    0x0800bea6   0x0000001a   Code   RO         2050    i.rt_alloc_box      RTX_CM4.lib(rt_membox.o)
    0x0800bec0   0x0000003e   Code   RO         2078    i.rt_alloc_mem      RTX_CM4.lib(rt_memory.o)
    0x0800befe   0x00000002   PAD
    0x0800bf00   0x00000038   Code   RO         1631    i.rt_block          RTX_CM4.lib(rt_task.o)
    0x0800bf38   0x00000048   Code   RO         2155    i.rt_chk_robin      RTX_CM4.lib(rt_robin.o)
    0x0800bf80   0x00000070   Code   RO         1852    i.rt_dec_dly        RTX_CM4.lib(rt_list.o)
    0x0800bff0   0x00000044   Code   RO         1632    i.rt_dispatch       RTX_CM4.lib(rt_task.o)
    0x0800c034   0x00000006   Code   RO         1598    i.rt_dly_wait       RTX_CM4.lib(rt_time.o)
    0x0800c03a   0x00000002   PAD
    0x0800c03c   0x0000001c   Code   RO         1807    i.rt_evt_clr        RTX_CM4.lib(rt_event.o)
    0x0800c058   0x00000050   Code   RO         1809    i.rt_evt_psh        RTX_CM4.lib(rt_event.o)
    0x0800c0a8   0x0000005c   Code   RO         1810    i.rt_evt_set        RTX_CM4.lib(rt_event.o)
    0x0800c104   0x0000003c   Code   RO         1811    i.rt_evt_wait       RTX_CM4.lib(rt_event.o)
    0x0800c140   0x0000002c   Code   RO         2051    i.rt_free_box       RTX_CM4.lib(rt_membox.o)
    0x0800c16c   0x00000028   Code   RO         2079    i.rt_free_mem       RTX_CM4.lib(rt_memory.o)
    0x0800c194   0x00000028   Code   RO         1853    i.rt_get_first      RTX_CM4.lib(rt_list.o)
    0x0800c1bc   0x00000008   Code   RO         1029    i.rt_id2obj         RTX_CM4.lib(rt_cmsis.o)
    0x0800c1c4   0x00000048   Code   RO         1633    i.rt_init_context   RTX_CM4.lib(rt_task.o)
    0x0800c20c   0x0000001a   Code   RO         2080    i.rt_init_mem       RTX_CM4.lib(rt_memory.o)
    0x0800c226   0x00000002   PAD
    0x0800c228   0x00000018   Code   RO         2156    i.rt_init_robin     RTX_CM4.lib(rt_robin.o)
    0x0800c240   0x00000080   Code   RO         2105    i.rt_init_stack     RTX_CM4.lib(hal_cm.o)
    0x0800c2c0   0x00000008   Code   RO         1930    i.rt_mbx_check      RTX_CM4.lib(rt_mailbox.o)
    0x0800c2c8   0x0000001a   Code   RO         1931    i.rt_mbx_init       RTX_CM4.lib(rt_mailbox.o)
    0x0800c2e2   0x00000002   PAD
    0x0800c2e4   0x000000f0   Code   RO         1932    i.rt_mbx_psh        RTX_CM4.lib(rt_mailbox.o)
    0x0800c3d4   0x000000b4   Code   RO         1934    i.rt_mbx_wait       RTX_CM4.lib(rt_mailbox.o)
    0x0800c488   0x00000044   Code   RO         1030    i.rt_ms2tick        RTX_CM4.lib(rt_cmsis.o)
    0x0800c4cc   0x00000010   Code   RO         2019    i.rt_mut_init       RTX_CM4.lib(rt_mutex.o)
    0x0800c4dc   0x000000d8   Code   RO         2020    i.rt_mut_release    RTX_CM4.lib(rt_mutex.o)
    0x0800c5b4   0x00000078   Code   RO         2021    i.rt_mut_wait       RTX_CM4.lib(rt_mutex.o)
    0x0800c62c   0x0000007c   Code   RO         1720    i.rt_pop_req        RTX_CM4.lib(rt_system.o)
    0x0800c6a8   0x00000020   Code   RO         1721    i.rt_psh_req        RTX_CM4.lib(rt_system.o)
    0x0800c6c8   0x0000005c   Code   RO         1855    i.rt_psq_enq        RTX_CM4.lib(rt_list.o)
    0x0800c724   0x00000048   Code   RO         1856    i.rt_put_dly        RTX_CM4.lib(rt_list.o)
    0x0800c76c   0x00000036   Code   RO         1857    i.rt_put_prio       RTX_CM4.lib(rt_list.o)
    0x0800c7a2   0x00000002   PAD
    0x0800c7a4   0x00000014   Code   RO         1858    i.rt_put_rdy_first  RTX_CM4.lib(rt_list.o)
    0x0800c7b8   0x00000034   Code   RO         1859    i.rt_resort_prio    RTX_CM4.lib(rt_list.o)
    0x0800c7ec   0x00000010   Code   RO         2106    i.rt_ret_regs       RTX_CM4.lib(hal_cm.o)
    0x0800c7fc   0x0000000c   Code   RO         2107    i.rt_ret_val        RTX_CM4.lib(hal_cm.o)
    0x0800c808   0x00000010   Code   RO         2108    i.rt_ret_val2       RTX_CM4.lib(hal_cm.o)
    0x0800c818   0x00000028   Code   RO         1860    i.rt_rmv_dly        RTX_CM4.lib(rt_list.o)
    0x0800c840   0x00000030   Code   RO         1861    i.rt_rmv_list       RTX_CM4.lib(rt_list.o)
    0x0800c870   0x00000034   Code   RO         1979    i.rt_sem_psh        RTX_CM4.lib(rt_semaphore.o)
    0x0800c8a4   0x00000024   Code   RO         1723    i.rt_stk_check      RTX_CM4.lib(rt_system.o)
    0x0800c8c8   0x00000028   Code   RO         1634    i.rt_switch_req     RTX_CM4.lib(rt_task.o)
    0x0800c8f0   0x000000cc   Code   RO         1635    i.rt_sys_init       RTX_CM4.lib(rt_task.o)
    0x0800c9bc   0x00000078   Code   RO         1636    i.rt_sys_start      RTX_CM4.lib(rt_task.o)
    0x0800ca34   0x00000040   Code   RO         1725    i.rt_systick        RTX_CM4.lib(rt_system.o)
    0x0800ca74   0x00000012   Code   RO         1031    i.rt_tid2ptcb       RTX_CM4.lib(rt_cmsis.o)
    0x0800ca86   0x00000002   PAD
    0x0800ca88   0x00000034   Code   RO         1032    i.rt_timer_insert   RTX_CM4.lib(rt_cmsis.o)
    0x0800cabc   0x0000003c   Code   RO         1033    i.rt_timer_remove   RTX_CM4.lib(rt_cmsis.o)
    0x0800caf8   0x00000088   Code   RO         1637    i.rt_tsk_create     RTX_CM4.lib(rt_task.o)
    0x0800cb80   0x0000017c   Code   RO         1638    i.rt_tsk_delete     RTX_CM4.lib(rt_task.o)
    0x0800ccfc   0x0000007c   Code   RO         1640    i.rt_tsk_prio       RTX_CM4.lib(rt_task.o)
    0x0800cd78   0x00000010   Code   RO         1641    i.rt_tsk_self       RTX_CM4.lib(rt_task.o)
    0x0800cd88   0x0000006e   Code   RO         2528    i.sqrt              m_wm.l(sqrt.o)
    0x0800cdf6   0x00000012   Code   RO         1034    i.svcDelay          RTX_CM4.lib(rt_cmsis.o)
    0x0800ce08   0x00000070   Code   RO         1035    i.svcKernelInitialize  RTX_CM4.lib(rt_cmsis.o)
    0x0800ce78   0x00000048   Code   RO         1037    i.svcKernelStart    RTX_CM4.lib(rt_cmsis.o)
    0x0800cec0   0x00000024   Code   RO         1040    i.svcMessageCreate  RTX_CM4.lib(rt_cmsis.o)
    0x0800cee4   0x0000003a   Code   RO         1041    i.svcMessageGet     RTX_CM4.lib(rt_cmsis.o)
    0x0800cf1e   0x0000001c   Code   RO         1043    i.svcMutexCreate    RTX_CM4.lib(rt_cmsis.o)
    0x0800cf3a   0x00000022   Code   RO         1045    i.svcMutexRelease   RTX_CM4.lib(rt_cmsis.o)
    0x0800cf5c   0x0000003a   Code   RO         1046    i.svcMutexWait      RTX_CM4.lib(rt_cmsis.o)
    0x0800cf96   0x00000024   Code   RO         1052    i.svcSignalClear    RTX_CM4.lib(rt_cmsis.o)
    0x0800cfba   0x00000024   Code   RO         1053    i.svcSignalSet      RTX_CM4.lib(rt_cmsis.o)
    0x0800cfde   0x00000002   PAD
    0x0800cfe0   0x00000054   Code   RO         1054    i.svcSignalWait     RTX_CM4.lib(rt_cmsis.o)
    0x0800d034   0x0000006c   Code   RO         1055    i.svcThreadCreate   RTX_CM4.lib(rt_cmsis.o)
    0x0800d0a0   0x0000001c   Code   RO         1056    i.svcThreadGetId    RTX_CM4.lib(rt_cmsis.o)
    0x0800d0bc   0x00000038   Code   RO         1059    i.svcThreadTerminate  RTX_CM4.lib(rt_cmsis.o)
    0x0800d0f4   0x00000018   Code   RO         1061    i.svcTimerCall      RTX_CM4.lib(rt_cmsis.o)
    0x0800d10c   0x00000038   Code   RO         1062    i.svcTimerCreate    RTX_CM4.lib(rt_cmsis.o)
    0x0800d144   0x00000064   Code   RO         1064    i.svcTimerStart     RTX_CM4.lib(rt_cmsis.o)
    0x0800d1a8   0x0000005c   Code   RO         1070    i.sysTimerTick      RTX_CM4.lib(rt_cmsis.o)
    0x0800d204   0x00000018   Data   RO            6    .constdata          main.o
    0x0800d21c   0x00000010   Data   RO          169    .constdata          thread_led.o
    0x0800d22c   0x00000010   Data   RO          248    .constdata          thread_angle.o
    0x0800d23c   0x00000010   Data   RO          284    .constdata          thread_temp.o
    0x0800d24c   0x00000010   Data   RO          344    .constdata          thread_polling_temp.o
    0x0800d25c   0x00000068   Data   RO          517    .constdata          rtx_conf_cm.o
    0x0800d2c4   0x00000008   Data   RO          650    .constdata          stm32f4xx_hal_dma.o
    0x0800d2cc   0x00000010   Data   RO          771    .constdata          stm32f4xx_hal_rcc.o
    0x0800d2dc   0x00000018   Data   RO          949    .constdata          system_stm32f4xx.o
    0x0800d2f4   0x00000004   PAD
    0x0800d2f8   0x00000098   Data   RO         2192    .constdata          m_wm.l(atan.o)
    0x0800d390   0x00000088   Data   RO         2206    .constdata          m_wm.l(pow.o)
    0x0800d418   0x00000008   Data   RO         2525    .constdata          m_wm.l(qnan.o)
    0x0800d420   0x00000020   Data   RO         2583    Region$$Table       anon$$obj.o


    Execution Region RW_IRAM1 (Base: 0x20000000, Size: 0x000023d0, Max: 0x00020000, ABSOLUTE)

    Base Addr    Size         Type   Attr      Idx    E Section Name        Object

    0x20000000   0x00000010   Data   RW            7    .data               main.o
    0x20000010   0x00000004   Data   RW          170    .data               thread_led.o
    0x20000014   0x00000034   Data   RW          249    .data               thread_angle.o
    0x20000048   0x00000008   Data   RW          285    .data               thread_temp.o
    0x20000050   0x00000014   Data   RW          345    .data               thread_polling_temp.o
    0x20000064   0x00000009   Data   RW          377    .data               config_files.o
    0x2000006d   0x00000003   PAD
    0x20000070   0x00000054   Data   RW          411    .data               keypad.o
    0x200000c4   0x00000004   Data   RW          491    .data               lis3dsh.o
    0x200000c8   0x00000010   Data   RW          518    .data               rtx_conf_cm.o
    0x200000d8   0x00000004   Data   RW          547    .data               stm32f4xx_hal.o
    0x200000dc   0x00000004   Data   RW          950    .data               system_stm32f4xx.o
    0x200000e0   0x00000008   Data   RW         1073    .data               RTX_CM4.lib(rt_cmsis.o)
    0x200000e8   0x00000004   Data   RW         1602    .data               RTX_CM4.lib(rt_time.o)
    0x200000ec   0x00000008   Data   RW         1643    .data               RTX_CM4.lib(rt_task.o)
    0x200000f4   0x00000008   Data   RW         1728    .data               RTX_CM4.lib(rt_system.o)
    0x200000fc   0x00000001   Data   RW         2109    .data               RTX_CM4.lib(hal_cm.o)
    0x200000fd   0x00000003   PAD
    0x20000100   0x00000008   Data   RW         2157    .data               RTX_CM4.lib(rt_robin.o)
    0x20000108   0x00000004   Data   RW         2550    .data               mc_w.l(stdout.o)
    0x2000010c   0x00000004   Data   RW         2562    .data               mc_w.l(errno.o)
    0x20000110   0x000000b4   Zero   RW            5    .bss                main.o
    0x200001c4   0x00000014   Zero   RW          168    .bss                thread_led.o
    0x200001d8   0x00000270   Zero   RW          247    .bss                thread_angle.o
    0x20000448   0x000000d8   Zero   RW          376    .bss                config_files.o
    0x20000520   0x00000058   Zero   RW          490    .bss                lis3dsh.o
    0x20000578   0x000019f0   Zero   RW          516    .bss                rtx_conf_cm.o
    0x20001f68   0x00000034   Zero   RW         1642    .bss                RTX_CM4.lib(rt_task.o)
    0x20001f9c   0x00000030   Zero   RW         1862    .bss                RTX_CM4.lib(rt_list.o)
    0x20001fcc   0x00000004   PAD
    0x20001fd0   0x00000400   Zero   RW          938    STACK               startup_stm32f407xx.o


==============================================================================

Image component sizes


      Code (inc. data)   RO Data    RW Data    ZI Data      Debug   Object Name

       400         56          0          9        216       2056   config_files.o
        56          4          0          0          0      30447   fput_debug.o
       528         56          0         84          0       1790   keypad.o
      1472        120          0          4         88       5009   lis3dsh.o
       828        152         24         16        180     716392   main.o
        62          6        104         16       6640       7702   rtx_conf_cm.o
       396         18          0          0          0       1011   seven_segment.o
        36          8        392          0       1024        884   startup_stm32f407xx.o
       416         24          0          4          0       5315   stm32f4xx_hal.o
      3036         72          0          0          0       8295   stm32f4xx_hal_adc.o
      2244         50          0          0          0       6234   stm32f4xx_hal_adc_ex.o
       844         22          0          0          0      35619   stm32f4xx_hal_cortex.o
      2244         30          8          0          0       7181   stm32f4xx_hal_dma.o
       940         46          0          0          0       3927   stm32f4xx_hal_gpio.o
      2444         62         16          0          0       5742   stm32f4xx_hal_rcc.o
      6084         90          0          0          0      16752   stm32f4xx_hal_spi.o
     10232        152          0          0          0      31154   stm32f4xx_hal_tim.o
      3456         24          0          0          0      11962   stm32f4xx_hal_tim_ex.o
        24          4          0          0          0        639   stm32f4xx_it.o
       288         32         24          4          0       1797   system_stm32f4xx.o
      1112        170         16         52        624       3174   thread_angle.o
       136         22         16          4         20       1783   thread_led.o
       624        186         16         20          0       2477   thread_polling_temp.o
       256         70         16          8          0       1796   thread_temp.o
       344         36          0          0          0       1543   various_functions.o

    ----------------------------------------------------------------------
     38504       1512        668        224       8792     910681   Object Totals
         0          0         32          0          0          0   (incl. Generated)
         2          0          4          3          0          0   (incl. Padding)

    ----------------------------------------------------------------------

      Code (inc. data)   RO Data    RW Data    ZI Data      Debug   Library Member Name

       268         24          0          1          0       4524   hal_cm.o
       408         34          0          0          0        824   hal_cm4.o
      1912        210          0          8          0      48535   rt_cmsis.o
       300         24          0          0          0       3423   rt_event.o
       530         34          0          0         48       8685   rt_list.o
       554         10          0          0          0       4237   rt_mailbox.o
       140          0          0          0          0       2069   rt_membox.o
       128          0          0          0          0       2451   rt_memory.o
       352         14          0          0          0       2249   rt_mutex.o
        96         22          0          8          0       1254   rt_robin.o
        52          4          0          0          0        621   rt_semaphore.o
       298         52          0          8          0       6511   rt_system.o
      1216        174          0          8         52      10129   rt_task.o
         6          0          0          4          0        700   rt_time.o
         4          4          0          0          0        208   svc_table.o
       728        106        152          0          0        228   atan.o
       184         44          0          0          0        744   dunder.o
        24          0          0          0          0        124   fabs.o
        48          0          0          0          0        124   fpclassify.o
       248          0          0          0          0        152   poly.o
      3128        302        136          0          0        356   pow.o
         0          0          8          0          0          0   qnan.o
       110          0          0          0          0        148   sqrt.o
         0          0          0          0          0          0   entry.o
         0          0          0          0          0          0   entry10a.o
         0          0          0          0          0          0   entry11a.o
         8          4          0          0          0          0   entry2.o
         4          0          0          0          0          0   entry5.o
         0          0          0          0          0          0   entry7b.o
         0          0          0          0          0          0   entry8b.o
        12          6          0          4          0         68   errno.o
        30          0          0          0          0          0   handlers.o
        36          8          0          0          0         68   init.o
         0          0          0          0          0          0   iusefp.o
        30          0          0          0          0         68   llshl.o
        36          0          0          0          0         68   llsshr.o
        32          0          0          0          0         68   llushr.o
        36          0          0          0          0         68   memcpya.o
      2226         90          0          0          0        444   printfa.o
         0          0          0          4          0          0   stdout.o
        44          0          0          0          0         80   uidiv.o
        98          0          0          0          0         92   uldiv.o
        48          0          0          0          0         68   cdrcmple.o
        56          0          0          0          0         88   d2f.o
       334          0          0          0          0        148   dadd.o
       222          0          0          0          0        100   ddiv.o
       186          0          0          0          0        176   depilogue.o
        48          0          0          0          0         68   dfixul.o
        34          0          0          0          0         76   dflti.o
       228          0          0          0          0         96   dmul.o
        46          0          0          0          0         80   dscalb.o
       162          0          0          0          0        100   dsqrt.o
        38          0          0          0          0         68   f2d.o
       110          0          0          0          0        168   fepilogue.o

    ----------------------------------------------------------------------
     14868       1166        296         48        104     100556   Library Totals
        30          0          0          3          4          0   (incl. Padding)

    ----------------------------------------------------------------------

      Code (inc. data)   RO Data    RW Data    ZI Data      Debug   Library Name

      6264        606          0         37        100      96420   RTX_CM4.lib
      4470        452        296          0          0       1876   m_wm.l
      2592        108          0          8          0       1024   mc_w.l
      1512          0          0          0          0       1236   mf_w.l

    ----------------------------------------------------------------------
     14868       1166        296         48        104     100556   Library Totals

    ----------------------------------------------------------------------

==============================================================================


      Code (inc. data)   RO Data    RW Data    ZI Data      Debug   

     53372       2678        964        272       8896     994097   Grand Totals
     53372       2678        964        272       8896     994097   ELF Image Totals
     53372       2678        964        272          0          0   ROM Totals

==============================================================================

    Total RO  Size (Code + RO Data)                54336 (  53.06kB)
    Total RW  Size (RW Data + ZI Data)              9168 (   8.95kB)
    Total ROM Size (Code + RO Data + RW Data)      54608 (  53.33kB)

==============================================================================

