Component: ARM Compiler 5.05 update 2 (build 169) Tool: armlink [4d0f33]

==============================================================================

Section Cross References

    main.o(.text) refers to _printf_percent.o(.ARM.Collect$$_printf_percent$$00000000) for _printf_percent
    main.o(.text) refers to _printf_i.o(.ARM.Collect$$_printf_percent$$00000008) for _printf_i
    main.o(.text) refers to _printf_dec.o(.text) for _printf_int_dec
    main.o(.text) refers to _printf_f.o(.ARM.Collect$$_printf_percent$$00000003) for _printf_f
    main.o(.text) refers to printf1.o(x$fpl$printf1) for _printf_fp_dec
    main.o(.text) refers to powf.o(i.__hardfp_powf) for __hardfp_powf
    main.o(.text) refers to sqrtf_full.o(i.__hardfp_sqrtf) for __hardfp_sqrtf
    main.o(.text) refers to rt_memcpy_w.o(.text) for __aeabi_memcpy4
    main.o(.text) refers to noretval__2printf.o(.text) for __2printf
    main.o(.text) refers to f2d.o(x$fpl$f2d) for __aeabi_f2d
    main.o(.text) refers to fir_asm.o(text) for fir_asm
    main.o(.text) refers to arm_fir_init_f32.o(.text) for arm_fir_init_f32
    main.o(.text) refers to arm_fir_f32.o(.text) for arm_fir_f32
    main.o(.text) refers to arm_sub_f32.o(.text) for arm_sub_f32
    main.o(.text) refers to arm_std_f32.o(.text) for arm_std_f32
    main.o(.text) refers to arm_correlate_f32.o(.text) for arm_correlate_f32
    main.o(.text) refers to main.o(.constdata) for .constdata
    startup_stm32f407xx.o(STACK) refers (Special) to heapauxi.o(.text) for __use_two_region_memory
    startup_stm32f407xx.o(HEAP) refers (Special) to heapauxi.o(.text) for __use_two_region_memory
    startup_stm32f407xx.o(RESET) refers (Special) to heapauxi.o(.text) for __use_two_region_memory
    startup_stm32f407xx.o(RESET) refers to startup_stm32f407xx.o(STACK) for __initial_sp
    startup_stm32f407xx.o(RESET) refers to startup_stm32f407xx.o(.text) for Reset_Handler
    startup_stm32f407xx.o(.text) refers (Special) to heapauxi.o(.text) for __use_two_region_memory
    startup_stm32f407xx.o(.text) refers to system_stm32f4xx.o(.text) for SystemInit
    startup_stm32f407xx.o(.text) refers to __main.o(!!!main) for __main
    startup_stm32f407xx.o(.text) refers to startup_stm32f407xx.o(HEAP) for Heap_Mem
    startup_stm32f407xx.o(.text) refers to startup_stm32f407xx.o(STACK) for Stack_Mem
    system_stm32f4xx.o(.text) refers to system_stm32f4xx.o(.data) for SystemCoreClock
    system_stm32f4xx.o(.text) refers to system_stm32f4xx.o(.constdata) for AHBPrescTable
    arm_fir_init_f32.o(.text) refers to rt_memclr_w.o(.text) for __aeabi_memclr4
    __2printf.o(.text) refers to _printf_char_file.o(.text) for _printf_char_file
    __2printf.o(.text) refers to stdio_streams.o(.bss) for __stdout
    noretval__2printf.o(.text) refers to _printf_char_file.o(.text) for _printf_char_file
    noretval__2printf.o(.text) refers to stdio_streams.o(.bss) for __stdout
    __printf.o(.text) refers to _printf_percent.o(.ARM.Collect$$_printf_percent$$00000000) for _printf_percent
    _printf_dec.o(.text) refers to _printf_intcommon.o(.text) for _printf_int_common
    __printf_flags.o(.text) refers to _printf_percent.o(.ARM.Collect$$_printf_percent$$00000000) for _printf_percent
    __printf_flags.o(.text) refers to __printf_flags.o(.constdata) for .constdata
    __printf_ss.o(.text) refers to _printf_percent.o(.ARM.Collect$$_printf_percent$$00000000) for _printf_percent
    __printf_flags_ss.o(.text) refers to _printf_percent.o(.ARM.Collect$$_printf_percent$$00000000) for _printf_percent
    __printf_flags_ss.o(.text) refers to __printf_flags_ss.o(.constdata) for .constdata
    __printf_wp.o(.text) refers to __printf_wp.o(i._is_digit) for _is_digit
    __printf_wp.o(.text) refers to _printf_percent.o(.ARM.Collect$$_printf_percent$$00000000) for _printf_percent
    __printf_flags_wp.o(.text) refers to __printf_wp.o(i._is_digit) for _is_digit
    __printf_flags_wp.o(.text) refers to _printf_percent.o(.ARM.Collect$$_printf_percent$$00000000) for _printf_percent
    __printf_flags_wp.o(.text) refers to __printf_flags_wp.o(.constdata) for .constdata
    __printf_ss_wp.o(.text) refers to __printf_wp.o(i._is_digit) for _is_digit
    __printf_ss_wp.o(.text) refers to _printf_percent.o(.ARM.Collect$$_printf_percent$$00000000) for _printf_percent
    __printf_flags_ss_wp.o(.text) refers to __printf_wp.o(i._is_digit) for _is_digit
    __printf_flags_ss_wp.o(.text) refers to _printf_percent.o(.ARM.Collect$$_printf_percent$$00000000) for _printf_percent
    __printf_flags_ss_wp.o(.text) refers to __printf_flags_ss_wp.o(.constdata) for .constdata
    _printf_i.o(.ARM.Collect$$_printf_percent$$00000008) refers (Weak) to _printf_dec.o(.text) for _printf_int_dec
    _printf_f.o(.ARM.Collect$$_printf_percent$$00000003) refers (Weak) to printf1.o(x$fpl$printf1) for _printf_fp_dec
[...]
    ../clib/memcpset.s                       0x00000000   Number         0  rt_memcpy_w.o ABSOLUTE
    ../clib/memcpset.s                       0x00000000   Number         0  rt_memclr_w.o ABSOLUTE
    ../clib/misc.s                           0x00000000   Number         0  printf_stubs.o ABSOLUTE
    ../clib/printf.c                         0x00000000   Number         0  __2printf.o ABSOLUTE
    ../clib/printf.c                         0x00000000   Number         0  __printf.o ABSOLUTE
    ../clib/printf.c                         0x00000000   Number         0  _printf_dec.o ABSOLUTE
    ../clib/printf.c                         0x00000000   Number         0  __printf_flags.o ABSOLUTE
    ../clib/printf.c                         0x00000000   Number         0  __printf_ss.o ABSOLUTE
    ../clib/printf.c                         0x00000000   Number         0  __printf_flags_ss.o ABSOLUTE
    ../clib/printf.c                         0x00000000   Number         0  __printf_wp.o ABSOLUTE
    ../clib/printf.c                         0x00000000   Number         0  __printf_flags_wp.o ABSOLUTE
    ../clib/printf.c                         0x00000000   Number         0  __printf_ss_wp.o ABSOLUTE
    ../clib/printf.c                         0x00000000   Number         0  __printf_flags_ss_wp.o ABSOLUTE
    ../clib/printf.c                         0x00000000   Number         0  _printf_char_common.o ABSOLUTE
    ../clib/printf.c                         0x00000000   Number         0  _printf_fp_dec.o ABSOLUTE
    ../clib/printf.c                         0x00000000   Number         0  _printf_char_file.o ABSOLUTE
    ../clib/printf.c                         0x00000000   Number         0  _printf_fp_infnan.o ABSOLUTE
    ../clib/printf.c                         0x00000000   Number         0  __printf_nopercent.o ABSOLUTE
    ../clib/printf.c                         0x00000000   Number         0  _printf_intcommon.o ABSOLUTE
    ../clib/printf.c                         0x00000000   Number         0  noretval__2printf.o ABSOLUTE
    ../clib/printf_percent.s                 0x00000000   Number         0  _printf_percent_end.o ABSOLUTE
    ../clib/printf_percent.s                 0x00000000   Number         0  _printf_f.o ABSOLUTE
    ../clib/printf_percent.s                 0x00000000   Number         0  _printf_i.o ABSOLUTE
    ../clib/printf_percent.s                 0x00000000   Number         0  _printf_percent.o ABSOLUTE
    ../clib/signal.c                         0x00000000   Number         0  defsig_rtmem_outer.o ABSOLUTE
    ../clib/signal.c                         0x00000000   Number         0  defsig_rtred_outer.o ABSOLUTE
    ../clib/signal.c                         0x00000000   Number         0  defsig_rtmem_formal.o ABSOLUTE
    ../clib/signal.c                         0x00000000   Number         0  defsig_general.o ABSOLUTE
    ../clib/signal.c                         0x00000000   Number         0  defsig_rtred_formal.o ABSOLUTE
    ../clib/signal.c                         0x00000000   Number         0  defsig_other.o ABSOLUTE
    ../clib/signal.c                         0x00000000   Number         0  defsig_stak_inner.o ABSOLUTE
    ../clib/signal.c                         0x00000000   Number         0  defsig_segv_inner.o ABSOLUTE
    ../clib/signal.c                         0x00000000   Number         0  defsig_cppl_inner.o ABSOLUTE
    ../clib/signal.c                         0x00000000   Number         0  __raise.o ABSOLUTE
    ../clib/signal.c                         0x00000000   Number         0  defsig_rtmem_inner.o ABSOLUTE
    ../clib/signal.c                         0x00000000   Number         0  defsig_pvfn_inner.o ABSOLUTE
    ../clib/signal.c                         0x00000000   Number         0  defsig_rtred_inner.o ABSOLUTE
    ../clib/signal.c                         0x00000000   Number         0  defsig_fpe_formal.o ABSOLUTE
    ../clib/signal.c                         0x00000000   Number         0  defsig_fpe_inner.o ABSOLUTE
    ../clib/signal.c                         0x00000000   Number         0  defsig_fpe_outer.o ABSOLUTE
    ../clib/signal.c                         0x00000000   Number         0  defsig_exit.o ABSOLUTE
    ../clib/signal.c                         0x00000000   Number         0  defsig_abrt_inner.o ABSOLUTE
    ../clib/signal.s                         0x00000000   Number         0  defsig.o ABSOLUTE
    ../clib/stdio.c                          0x00000000   Number         0  ferror.o ABSOLUTE
    ../clib/stdio.c                          0x00000000   Number         0  ferror_locked.o ABSOLUTE
    ../clib/stdio.c                          0x00000000   Number         0  initio_locked.o ABSOLUTE
    ../clib/stdio.c                          0x00000000   Number         0  ftell.o ABSOLUTE
    ../clib/stdio.c                          0x00000000   Number         0  initio.o ABSOLUTE
    ../clib/stdio.c                          0x00000000   Number         0  stdio_streams.o ABSOLUTE
    ../clib/stdio.c                          0x00000000   Number         0  setvbuf.o ABSOLUTE
    ../clib/stdio.c                          0x00000000   Number         0  stdio.o ABSOLUTE
    ../clib/stdio.c                          0x00000000   Number         0  fseek.o ABSOLUTE
    ../clib/stdio.c                          0x00000000   Number         0  fopen.o ABSOLUTE
    ../clib/stdio.c                          0x00000000   Number         0  setvbuf_locked.o ABSOLUTE
    ../clib/stdio.c                          0x00000000   Number         0  streamlock.o ABSOLUTE
    ../clib/stdio.c                          0x00000000   Number         0  fopen_locked.o ABSOLUTE
    ../clib/stdio.c                          0x00000000   Number         0  fclose.o ABSOLUTE
    ../clib/stdlib.c                         0x00000000   Number         0  exit.o ABSOLUTE
    ../clib/string.c                         0x00000000   Number         0  strlen.o ABSOLUTE
    ../fplib/d2f.s                           0x00000000   Number         0  d2f_clz.o ABSOLUTE
    ../fplib/dflt.s                          0x00000000   Number         0  dflt_clz.o ABSOLUTE
    ../fplib/dnaninf.s                       0x00000000   Number         0  dnaninf.o ABSOLUTE
    ../fplib/drenorm.s                       0x00000000   Number         0  drenorm_clz.o ABSOLUTE
    ../fplib/dretinf.s                       0x00000000   Number         0  dretinf.o ABSOLUTE
    ../fplib/dunder.s                        0x00000000   Number         0  dunder_clz.o ABSOLUTE
    ../fplib/except.s                        0x00000000   Number         0  except.o ABSOLUTE
    ../fplib/f2d.s                           0x00000000   Number         0  f2d.o ABSOLUTE
    ../fplib/fnaninf.s                       0x00000000   Number         0  fnaninf.o ABSOLUTE
    ../fplib/fpinit.s                        0x00000000   Number         0  fpinit.o ABSOLUTE
    ../fplib/fretinf.s                       0x00000000   Number         0  fretinf.o ABSOLUTE
    ../fplib/funder.s                        0x00000000   Number         0  funder_clz.o ABSOLUTE
    ../fplib/istatus.s                       0x00000000   Number         0  istatus.o ABSOLUTE
    ../fplib/printf1.s                       0x00000000   Number         0  printf1.o ABSOLUTE
    ../fplib/retnan.s                        0x00000000   Number         0  retnan.o ABSOLUTE
    ../fplib/trapv.s                         0x00000000   Number         0  trapv.o ABSOLUTE
    ../fplib/usenofp.s                       0x00000000   Number         0  usenofp.o ABSOLUTE
    ../mathlib/fpclassify.c                  0x00000000   Number         0  fpclassify.o ABSOLUTE
    ../mathlib/fpclassifyf.c                 0x00000000   Number         0  fpclassifyf.o ABSOLUTE
    ../mathlib/funder.c                      0x00000000   Number         0  funder.o ABSOLUTE
    ../mathlib/powf.c                        0x00000000   Number         0  powf_x.o ABSOLUTE
    ../mathlib/powf.c                        0x00000000   Number         0  powf.o ABSOLUTE
    ../mathlib/sqrtf.c                       0x00000000   Number         0  sqrtf_full.o ABSOLUTE
    ../mathlib/sqrtf.c                       0x00000000   Number         0  sqrtf_full_x.o ABSOLUTE
    ..\..\Source\BasicMathFunctions\arm_sub_f32.c 0x00000000   Number         0  arm_sub_f32.o ABSOLUTE
    ..\..\Source\FilteringFunctions\arm_correlate_f32.c 0x00000000   Number         0  arm_correlate_f32.o ABSOLUTE
    ..\..\Source\FilteringFunctions\arm_fir_f32.c 0x00000000   Number         0  arm_fir_f32.o ABSOLUTE
    ..\..\Source\FilteringFunctions\arm_fir_init_f32.c 0x00000000   Number         0  arm_fir_init_f32.o ABSOLUTE
    ..\..\Source\StatisticsFunctions\arm_std_f32.c 0x00000000   Number         0  arm_std_f32.o ABSOLUTE
    ..\\..\\Source\\BasicMathFunctions\\arm_sub_f32.c 0x00000000   Number         0  arm_sub_f32.o ABSOLUTE
    ..\\..\\Source\\FilteringFunctions\\arm_correlate_f32.c 0x00000000   Number         0  arm_correlate_f32.o ABSOLUTE
    ..\\..\\Source\\FilteringFunctions\\arm_fir_f32.c 0x00000000   Number         0  arm_fir_f32.o ABSOLUTE
    ..\\..\\Source\\FilteringFunctions\\arm_fir_init_f32.c 0x00000000   Number         0  arm_fir_init_f32.o ABSOLUTE
    ..\\..\\Source\\StatisticsFunctions\\arm_std_f32.c 0x00000000   Number         0  arm_std_f32.o ABSOLUTE
    RTE\Device\STM32F407VGTx\startup_stm32f407xx.s 0x00000000   Number         0  startup_stm32f407xx.o ABSOLUTE
    RTE\Device\STM32F407VGTx\system_stm32f4xx.c 0x00000000   Number         0  system_stm32f4xx.o ABSOLUTE
    RTE\\Device\\STM32F407VGTx\\system_stm32f4xx.c 0x00000000   Number         0  system_stm32f4xx.o ABSOLUTE
    Sources\Assembly.s                       0x00000000   Number         0  assembly.o ABSOLUTE
    Sources\\fput_debug.c                    0x00000000   Number         0  fput_debug.o ABSOLUTE
    Sources\\main.c                          0x00000000   Number         0  main.o ABSOLUTE
    Sources\fput_debug.c                     0x00000000   Number         0  fput_debug.o ABSOLUTE
    Sources\main.c                           0x00000000   Number         0  main.o ABSOLUTE
    dc.s                                     0x00000000   Number         0  dc.o ABSOLUTE
    fir_asm.s                                0x00000000   Number         0  fir_asm.o ABSOLUTE
    RESET                                    0x08000000   Section      392  startup_stm32f407xx.o(RESET)
    !!!main                                  0x08000188   Section        8  __main.o(!!!main)
    !!!scatter                               0x08000190   Section       52  __scatter.o(!!!scatter)
    !!handler_copy                           0x080001c4   Section       26  __scatter_copy.o(!!handler_copy)
    !!handler_zi                             0x080001e0   Section       28  __scatter_zi.o(!!handler_zi)
    .ARM.Collect$$_printf_percent$$00000000  0x080001fc   Section        0  _printf_percent.o(.ARM.Collect$$_printf_percent$$00000000)
    .ARM.Collect$$_printf_percent$$00000003  0x080001fc   Section        6  _printf_f.o(.ARM.Collect$$_printf_percent$$00000003)
    .ARM.Collect$$_printf_percent$$00000008  0x08000202   Section        6  _printf_i.o(.ARM.Collect$$_printf_percent$$00000008)
    .ARM.Collect$$_printf_percent$$00000017  0x08000208   Section        4  _printf_percent_end.o(.ARM.Collect$$_printf_percent$$00000017)
    .ARM.Collect$$libinit$$00000000          0x0800020c   Section        2  libinit.o(.ARM.Collect$$libinit$$00000000)
    .ARM.Collect$$libinit$$00000001          0x0800020e   Section        4  libinit2.o(.ARM.Collect$$libinit$$00000001)
    .ARM.Collect$$libinit$$00000004          0x08000212   Section        0  libinit2.o(.ARM.Collect$$libinit$$00000004)
    .ARM.Collect$$libinit$$00000005          0x08000212   Section        8  libinit2.o(.ARM.Collect$$libinit$$00000005)
    .ARM.Collect$$libinit$$0000000A          0x0800021a   Section        0  libinit2.o(.ARM.Collect$$libinit$$0000000A)
    .ARM.Collect$$libinit$$0000000C          0x0800021a   Section        0  libinit2.o(.ARM.Collect$$libinit$$0000000C)
    .ARM.Collect$$libinit$$0000000E          0x0800021a   Section        0  libinit2.o(.ARM.Collect$$libinit$$0000000E)
    .ARM.Collect$$libinit$$0000000F          0x0800021a   Section        6  libinit2.o(.ARM.Collect$$libinit$$0000000F)
    .ARM.Collect$$libinit$$00000011          0x08000220   Section        0  libinit2.o(.ARM.Collect$$libinit$$00000011)
    .ARM.Collect$$libinit$$00000013          0x08000220   Section        0  libinit2.o(.ARM.Collect$$libinit$$00000013)
    .ARM.Collect$$libinit$$00000015          0x08000220   Section        0  libinit2.o(.ARM.Collect$$libinit$$00000015)
    .ARM.Collect$$libinit$$00000016          0x08000220   Section       10  libinit2.o(.ARM.Collect$$libinit$$00000016)
    .ARM.Collect$$libinit$$00000017          0x0800022a   Section        0  libinit2.o(.ARM.Collect$$libinit$$00000017)
    .ARM.Collect$$libinit$$00000019          0x0800022a   Section        0  libinit2.o(.ARM.Collect$$libinit$$00000019)
    .ARM.Collect$$libinit$$0000001B          0x0800022a   Section        0  libinit2.o(.ARM.Collect$$libinit$$0000001B)
    .ARM.Collect$$libinit$$0000001D          0x0800022a   Section        0  libinit2.o(.ARM.Collect$$libinit$$0000001D)
    .ARM.Collect$$libinit$$0000001F          0x0800022a   Section        0  libinit2.o(.ARM.Collect$$libinit$$0000001F)
    .ARM.Collect$$libinit$$00000021          0x0800022a   Section        0  libinit2.o(.ARM.Collect$$libinit$$00000021)
    .ARM.Collect$$libinit$$00000023          0x0800022a   Section        0  libinit2.o(.ARM.Collect$$libinit$$00000023)
    .ARM.Collect$$libinit$$00000024          0x0800022a   Section        4  libinit2.o(.ARM.Collect$$libinit$$00000024)
    .ARM.Collect$$libinit$$00000025          0x0800022e   Section        0  libinit2.o(.ARM.Collect$$libinit$$00000025)
    .ARM.Collect$$libinit$$0000002C          0x0800022e   Section        0  libinit2.o(.ARM.Collect$$libinit$$0000002C)
    .ARM.Collect$$libinit$$0000002E          0x0800022e   Section        0  libinit2.o(.ARM.Collect$$libinit$$0000002E)
    .ARM.Collect$$libinit$$00000030          0x0800022e   Section        0  libinit2.o(.ARM.Collect$$libinit$$00000030)
    .ARM.Collect$$libinit$$00000032          0x0800022e   Section        0  libinit2.o(.ARM.Collect$$libinit$$00000032)
    .ARM.Collect$$libinit$$00000033          0x0800022e   Section        2  libinit2.o(.ARM.Collect$$libinit$$00000033)
    .ARM.Collect$$libshutdown$$00000000      0x08000230   Section        2  libshutdown.o(.ARM.Collect$$libshutdown$$00000000)
    .ARM.Collect$$libshutdown$$00000002      0x08000232   Section        4  libshutdown2.o(.ARM.Collect$$libshutdown$$00000002)
    .ARM.Collect$$libshutdown$$00000003      0x08000236   Section        0  libshutdown2.o(.ARM.Collect$$libshutdown$$00000003)
    .ARM.Collect$$libshutdown$$00000006      0x08000236   Section        0  libshutdown2.o(.ARM.Collect$$libshutdown$$00000006)
    .ARM.Collect$$libshutdown$$00000009      0x08000236   Section        0  libshutdown2.o(.ARM.Collect$$libshutdown$$00000009)
    .ARM.Collect$$libshutdown$$0000000B      0x08000236   Section        0  libshutdown2.o(.ARM.Collect$$libshutdown$$0000000B)
    .ARM.Collect$$libshutdown$$0000000E      0x08000236   Section        0  libshutdown2.o(.ARM.Collect$$libshutdown$$0000000E)
    .ARM.Collect$$libshutdown$$0000000F      0x08000236   Section        2  libshutdown2.o(.ARM.Collect$$libshutdown$$0000000F)
    .ARM.Collect$$rtentry$$00000000          0x08000238   Section        0  __rtentry.o(.ARM.Collect$$rtentry$$00000000)
    .ARM.Collect$$rtentry$$00000002          0x08000238   Section        0  __rtentry2.o(.ARM.Collect$$rtentry$$00000002)
    .ARM.Collect$$rtentry$$00000004          0x08000238   Section        6  __rtentry4.o(.ARM.Collect$$rtentry$$00000004)
    .ARM.Collect$$rtentry$$00000009          0x0800023e   Section        0  __rtentry2.o(.ARM.Collect$$rtentry$$00000009)
    .ARM.Collect$$rtentry$$0000000A          0x0800023e   Section        4  __rtentry2.o(.ARM.Collect$$rtentry$$0000000A)
    .ARM.Collect$$rtentry$$0000000C          0x08000242   Section        0  __rtentry2.o(.ARM.Collect$$rtentry$$0000000C)
    .ARM.Collect$$rtentry$$0000000D          0x08000242   Section        8  __rtentry2.o(.ARM.Collect$$rtentry$$0000000D)
    .ARM.Collect$$rtexit$$00000000           0x0800024a   Section        2  rtexit.o(.ARM.Collect$$rtexit$$00000000)
    .ARM.Collect$$rtexit$$00000002           0x0800024c   Section        0  rtexit2.o(.ARM.Collect$$rtexit$$00000002)
    .ARM.Collect$$rtexit$$00000003           0x0800024c   Section        4  rtexit2.o(.ARM.Collect$$rtexit$$00000003)
    .ARM.Collect$$rtexit$$00000004           0x08000250   Section        6  rtexit2.o(.ARM.Collect$$rtexit$$00000004)
    .emb_text                                0x08000258   Section        0  maybetermalloc1.o(.emb_text)
    .text                                    0x08000258   Section        0  main.o(.text)
    .text                                    0x080007a4   Section        0  fput_debug.o(.text)
    .text                                    0x080007dc   Section       68  startup_stm32f407xx.o(.text)
    $v0                                      0x080007dc   Number         0  startup_stm32f407xx.o(.text)
    .text                                    0x08000820   Section        0  system_stm32f4xx.o(.text)
    .text                                    0x08000940   Section        0  arm_sub_f32.o(.text)
    .text                                    0x08000a14   Section        0  arm_correlate_f32.o(.text)
    .text                                    0x08000fa0   Section        0  arm_fir_f32.o(.text)
    .text                                    0x080014d2   Section        0  arm_fir_init_f32.o(.text)
    .text                                    0x080014f0   Section        0  arm_std_f32.o(.text)
    .text                                    0x08001624   Section        0  noretval__2printf.o(.text)
    .text                                    0x0800163c   Section        0  _printf_dec.o(.text)
    .text                                    0x080016b4   Section        0  __printf_wp.o(.text)
    .text                                    0x080017c2   Section      100  rt_memcpy_w.o(.text)
    .text                                    0x08001826   Section       78  rt_memclr_w.o(.text)
    .text                                    0x08001874   Section        0  heapauxi.o(.text)
    .text                                    0x0800187a   Section        0  _rserrno.o(.text)
    .text                                    0x08001890   Section        0  _printf_intcommon.o(.text)
    .text                                    0x08001942   Section        0  _printf_fp_dec.o(.text)
    _fp_digits                               0x08001945   Thumb Code   428  _printf_fp_dec.o(.text)
    .text                                    0x08001d5c   Section        0  _printf_char_file.o(.text)
    .text                                    0x08001d80   Section        8  rt_locale_intlibspace.o(.text)
    .text                                    0x08001d88   Section        8  rt_errno_addr_intlibspace.o(.text)
    .text                                    0x08001d90   Section      138  lludiv10.o(.text)
    .text                                    0x08001e1c   Section        0  _printf_char_common.o(.text)
    _printf_input_char                       0x08001e1d   Thumb Code    10  _printf_char_common.o(.text)
    .text                                    0x08001e4c   Section        0  _printf_fp_infnan.o(.text)
    .text                                    0x08001ecc   Section        0  bigflt0.o(.text)
    .text                                    0x08001fa8   Section        0  ferror.o(.text)
    .text                                    0x08001fb0   Section        0  initio.o(.text)
    .text                                    0x080020e8   Section        0  sys_io.o(.text)
    .text                                    0x08002150   Section        8  libspace.o(.text)
    .text                                    0x08002158   Section       74  sys_stackheap_outer.o(.text)
    .text                                    0x080021a2   Section        0  h1_free.o(.text)
    .text                                    0x080021f0   Section        0  _fptrap.o(.text)
    .text                                    0x08002220   Section        0  setvbuf.o(.text)
    .text                                    0x08002268   Section        0  fopen.o(.text)
    _freopen_locked                          0x08002269   Thumb Code     0  fopen.o(.text)
    .text                                    0x08002354   Section        0  fclose.o(.text)
    .text                                    0x080023a0   Section        0  exit.o(.text)
    .text                                    0x080023ac   Section        0  defsig_rtred_outer.o(.text)
    .text                                    0x080023bc   Section      128  strcmpv7m.o(.text)
    .text                                    0x0800243c   Section        2  use_no_semi.o(.text)
    .text                                    0x0800243e   Section        0  indicate_semi.o(.text)
    .text                                    0x08002440   Section        8  rt_heap_descriptor_intlibspace.o(.text)
    .text                                    0x08002448   Section        0  hguard.o(.text)
    .text                                    0x0800244c   Section        0  init_alloc.o(.text)
    .text                                    0x080024d6   Section        0  h1_alloc.o(.text)
    .text                                    0x08002534   Section        0  fseek.o(.text)
    .text                                    0x0800262c   Section        0  stdio.o(.text)
    .text                                    0x0800271c   Section        0  defsig_exit.o(.text)
    .text                                    0x08002726   Section        0  defsig_fpe_outer.o(.text)
    .text                                    0x08002734   Section        0  defsig_rtred_inner.o(.text)
    .text                                    0x08002768   Section        0  strlen.o(.text)
    .text                                    0x080027a8   Section        0  sys_exit.o(.text)
    .text                                    0x080027b4   Section        0  h1_init.o(.text)
    .text                                    0x080027c2   Section        0  h1_extend.o(.text)
    .text                                    0x080027f6   Section        0  ftell.o(.text)
    .text                                    0x08002838   Section        0  defsig_general.o(.text)
    .text                                    0x0800286c   Section        0  defsig_fpe_inner.o(.text)
    .text                                    0x08002918   Section        0  defsig_rtmem_outer.o(.text)
    .text                                    0x08002926   Section        0  sys_wrch.o(.text)
    .text                                    0x08002934   Section        0  defsig_rtmem_inner.o(.text)
    CL$$btod_d2e                             0x08002984   Section       62  btod.o(CL$$btod_d2e)
    CL$$btod_d2e_denorm_low                  0x080029c2   Section       70  btod.o(CL$$btod_d2e_denorm_low)
    CL$$btod_d2e_norm_op1                    0x08002a08   Section       96  btod.o(CL$$btod_d2e_norm_op1)
    CL$$btod_div_common                      0x08002a68   Section      824  btod.o(CL$$btod_div_common)
    CL$$btod_e2e                             0x08002da0   Section      198  btod.o(CL$$btod_e2e)
    CL$$btod_ediv                            0x08002e66   Section       40  btod.o(CL$$btod_ediv)
    CL$$btod_emul                            0x08002e8e   Section       40  btod.o(CL$$btod_emul)
    CL$$btod_mult_common                     0x08002eb6   Section      580  btod.o(CL$$btod_mult_common)
    i.__ARM_fpclassify                       0x080030fa   Section        0  fpclassify.o(i.__ARM_fpclassify)
    i.__ARM_fpclassifyf                      0x0800312a   Section        0  fpclassifyf.o(i.__ARM_fpclassifyf)
    i.__hardfp_powf                          0x08003150   Section        0  powf.o(i.__hardfp_powf)
    i.__hardfp_sqrtf                         0x0800375c   Section        0  sqrtf_full.o(i.__hardfp_sqrtf)
    i.__mathlib_flt_divzero                  0x08003798   Section        0  funder.o(i.__mathlib_flt_divzero)
    i.__mathlib_flt_infnan2                  0x080037ac   Section        0  funder.o(i.__mathlib_flt_infnan2)
    i.__mathlib_flt_invalid                  0x080037b4   Section        0  funder.o(i.__mathlib_flt_invalid)
    i.__mathlib_flt_overflow                 0x080037c4   Section        0  funder.o(i.__mathlib_flt_overflow)
    i.__mathlib_flt_underflow                0x080037d4   Section        0  funder.o(i.__mathlib_flt_underflow)
    i._is_digit                              0x080037e4   Section        0  __printf_wp.o(i._is_digit)
    locale$$code                             0x080037f4   Section       44  lc_numeric_c.o(locale$$code)
    text                                     0x08003820   Section       66  fir_asm.o(text)
    $v0                                      0x08003820   Number         0  fir_asm.o(text)
    x$fpl$dfltn                              0x08003862   Section       26  dflt_clz.o(x$fpl$dfltn)
    $v0                                      0x08003862   Number         0  dflt_clz.o(x$fpl$dfltn)
    x$fpl$dretinf                            0x0800387c   Section       12  dretinf.o(x$fpl$dretinf)
    $v0                                      0x0800387c   Number         0  dretinf.o(x$fpl$dretinf)
    x$fpl$exception                          0x08003888   Section      492  except.o(x$fpl$exception)
    $v0                                      0x08003888   Number         0  except.o(x$fpl$exception)
    x$fpl$f2d                                0x08003a74   Section      122  f2d.o(x$fpl$f2d)
    $v0                                      0x08003a74   Number         0  f2d.o(x$fpl$f2d)
    x$fpl$fnaninf                            0x08003aee   Section      242  fnaninf.o(x$fpl$fnaninf)
    $v0                                      0x08003aee   Number         0  fnaninf.o(x$fpl$fnaninf)
    x$fpl$fpinit                             0x08003be0   Section       10  fpinit.o(x$fpl$fpinit)
    $v0                                      0x08003be0   Number         0  fpinit.o(x$fpl$fpinit)
    x$fpl$funder                             0x08003bea   Section      316  funder_clz.o(x$fpl$funder)
    $v0                                      0x08003bea   Number         0  funder_clz.o(x$fpl$funder)
    x$fpl$ieeestatus                         0x08003d28   Section       32  istatus.o(x$fpl$ieeestatus)
    $v0                                      0x08003d28   Number         0  istatus.o(x$fpl$ieeestatus)
    x$fpl$printf1                            0x08003d48   Section        4  printf1.o(x$fpl$printf1)
    $v0                                      0x08003d48   Number         0  printf1.o(x$fpl$printf1)
    x$fpl$retnan                             0x08003d4c   Section      178  retnan.o(x$fpl$retnan)
    $v0                                      0x08003d4c   Number         0  retnan.o(x$fpl$retnan)
    x$fpl$trapveneer                         0x08003dfe   Section      126  trapv.o(x$fpl$trapveneer)
    $v0                                      0x08003dfe   Number         0  trapv.o(x$fpl$trapveneer)
    .constdata                               0x08003e7c   Section      108  main.o(.constdata)
    x$fpl$usenofp                            0x08003e7c   Section        0  usenofp.o(x$fpl$usenofp)
    .constdata                               0x08003ee8   Section       16  system_stm32f4xx.o(.constdata)
    .constdata                               0x08003ef8   Section      320  powf.o(.constdata)
    table                                    0x08003ef8   Data         128  powf.o(.constdata)
    powersof2to1over16top                    0x08003f78   Data          64  powf.o(.constdata)
    powersof2to1over16bot                    0x08003fb8   Data          64  powf.o(.constdata)
    powersof2to1over16all                    0x08003ff8   Data          64  powf.o(.constdata)
    .constdata                               0x08004038   Section      148  bigflt0.o(.constdata)
    tenpwrs_x                                0x08004038   Data          60  bigflt0.o(.constdata)
    tenpwrs_i                                0x08004074   Data          64  bigflt0.o(.constdata)
    .constdata                               0x080040cc   Section        4  sys_io.o(.constdata)
    .constdata                               0x080040d0   Section        4  sys_io.o(.constdata)
    .constdata                               0x080040d4   Section        4  sys_io.o(.constdata)
    locale$$data                             0x080040f8   Section       28  lc_numeric_c.o(locale$$data)
    __lcnum_c_name                           0x080040fc   Data           2  lc_numeric_c.o(locale$$data)
    __lcnum_c_start                          0x08004104   Data           0  lc_numeric_c.o(locale$$data)
    __lcnum_c_point                          0x08004110   Data           0  lc_numeric_c.o(locale$$data)
    __lcnum_c_thousands                      0x08004112   Data           0  lc_numeric_c.o(locale$$data)
    __lcnum_c_grouping                       0x08004113   Data           0  lc_numeric_c.o(locale$$data)
    __lcnum_c_end                            0x08004114   Data           0  lc_numeric_c.o(locale$$data)
    .data                                    0x20000000   Section        4  system_stm32f4xx.o(.data)
    .data                                    0x20000004   Section        4  stdio_streams.o(.data)
    .data                                    0x20000008   Section        4  stdio_streams.o(.data)
    .data                                    0x2000000c   Section        4  stdio_streams.o(.data)
    .bss                                     0x20000010   Section       84  stdio_streams.o(.bss)
    .bss                                     0x20000064   Section       84  stdio_streams.o(.bss)
    .bss                                     0x200000b8   Section       84  stdio_streams.o(.bss)
    .bss                                     0x2000010c   Section       96  libspace.o(.bss)
    HEAP                                     0x20000170   Section      512  startup_stm32f407xx.o(HEAP)
    Heap_Mem                                 0x20000170   Data         512  startup_stm32f407xx.o(HEAP)
    STACK                                    0x20000370   Section     1024  startup_stm32f407xx.o(STACK)
    Stack_Mem                                0x20000370   Data        1024  startup_stm32f407xx.o(STACK)
    __initial_sp                             0x20000770   Data           0  startup_stm32f407xx.o(STACK)

    Global Symbols

    Symbol Name                              Value     Ov Type        Size  Object(Section)

    BuildAttributes$$THM_ISAv4$E$P$D$K$B$S$7EM$VFPi3$EXTD16$VFPS$VFMA$PE$A:L22UL41UL21$X:L11$S22US41US21$IEEE1$IW$USESV6$~STKCKD$USESV7$~SHL$OTIME$ROPI$IEEEX$EBA8$UX$STANDARDLIB$REQ8$PRES8$EABIv2 0x00000000   Number         0  anon$$obj.o ABSOLUTE
    __ARM_use_no_argv                        0x00000000   Number         0  main.o ABSOLUTE
    _printf_flags                            0x00000000   Number         0  printf_stubs.o ABSOLUTE
    _printf_return_value                     0x00000000   Number         0  printf_stubs.o ABSOLUTE
    _printf_sizespec                         0x00000000   Number         0  printf_stubs.o ABSOLUTE
    _printf_widthprec                        0x00000000   Number         0  printf_stubs.o ABSOLUTE
    __ARM_exceptions_init                     - Undefined Weak Reference
    __alloca_initialize                       - Undefined Weak Reference
    __arm_preinit_                            - Undefined Weak Reference
    __cpp_initialize__aeabi_                  - Undefined Weak Reference
    __cxa_finalize                            - Undefined Weak Reference
    __sigvec_lookup                           - Undefined Weak Reference
    __user_heap_extent                        - Undefined Weak Reference
    _atexit_init                              - Undefined Weak Reference
    _call_atexit_fns                          - Undefined Weak Reference
    _clock_init                               - Undefined Weak Reference
    _fp_trap_big                              - Undefined Weak Reference
    _fp_trap_init                             - Undefined Weak Reference
    _fp_trap_shutdown                         - Undefined Weak Reference
    _get_lc_collate                           - Undefined Weak Reference
    _get_lc_ctype                             - Undefined Weak Reference
    _get_lc_monetary                          - Undefined Weak Reference
    _get_lc_time                              - Undefined Weak Reference
    _getenv_init                              - Undefined Weak Reference
    _handle_redirection                       - Undefined Weak Reference
    _mutex_acquire                            - Undefined Weak Reference
    _mutex_free                               - Undefined Weak Reference
    _mutex_release                            - Undefined Weak Reference
    _printf_post_padding                      - Undefined Weak Reference
    _printf_pre_padding                       - Undefined Weak Reference
    _printf_truncate_signed                   - Undefined Weak Reference
    _printf_truncate_unsigned                 - Undefined Weak Reference
    _rand_init                                - Undefined Weak Reference
    _signal_finish                            - Undefined Weak Reference
    _signal_init                              - Undefined Weak Reference
    __Vectors_Size                           0x00000188   Number         0  startup_stm32f407xx.o ABSOLUTE
    __Vectors                                0x08000000   Data           4  startup_stm32f407xx.o(RESET)
    __Vectors_End                            0x08000188   Data           0  startup_stm32f407xx.o(RESET)
    __main                                   0x08000189   Thumb Code     8  __main.o(!!!main)
    __scatterload                            0x08000191   Thumb Code     0  __scatter.o(!!!scatter)
    __scatterload_rt2                        0x08000191   Thumb Code    44  __scatter.o(!!!scatter)
    __scatterload_rt2_thumb_only             0x08000191   Thumb Code     0  __scatter.o(!!!scatter)
    __scatterload_null                       0x0800019f   Thumb Code     0  __scatter.o(!!!scatter)
    __scatterload_copy                       0x080001c5   Thumb Code    26  __scatter_copy.o(!!handler_copy)
    __scatterload_zeroinit                   0x080001e1   Thumb Code    28  __scatter_zi.o(!!handler_zi)
    _printf_f                                0x080001fd   Thumb Code     0  _printf_f.o(.ARM.Collect$$_printf_percent$$00000003)
    _printf_percent                          0x080001fd   Thumb Code     0  _printf_percent.o(.ARM.Collect$$_printf_percent$$00000000)
    _printf_i                                0x08000203   Thumb Code     0  _printf_i.o(.ARM.Collect$$_printf_percent$$00000008)
    _printf_percent_end                      0x08000209   Thumb Code     0  _printf_percent_end.o(.ARM.Collect$$_printf_percent$$00000017)
    __rt_lib_init                            0x0800020d   Thumb Code     0  libinit.o(.ARM.Collect$$libinit$$00000000)
    __rt_lib_init_fp_1                       0x0800020f   Thumb Code     0  libinit2.o(.ARM.Collect$$libinit$$00000001)
    __rt_lib_init_heap_2                     0x08000213   Thumb Code     0  libinit2.o(.ARM.Collect$$libinit$$00000005)
    __rt_lib_init_preinit_1                  0x08000213   Thumb Code     0  libinit2.o(.ARM.Collect$$libinit$$00000004)
    __rt_lib_init_heap_1                     0x0800021b   Thumb Code     0  libinit2.o(.ARM.Collect$$libinit$$0000000A)
    __rt_lib_init_lc_common                  0x0800021b   Thumb Code     0  libinit2.o(.ARM.Collect$$libinit$$0000000F)
    __rt_lib_init_rand_1                     0x0800021b   Thumb Code     0  libinit2.o(.ARM.Collect$$libinit$$0000000E)
    __rt_lib_init_user_alloc_1               0x0800021b   Thumb Code     0  libinit2.o(.ARM.Collect$$libinit$$0000000C)
    __rt_lib_init_lc_collate_1               0x08000221   Thumb Code     0  libinit2.o(.ARM.Collect$$libinit$$00000011)
    __rt_lib_init_lc_ctype_1                 0x08000221   Thumb Code     0  libinit2.o(.ARM.Collect$$libinit$$00000013)
    __rt_lib_init_lc_monetary_1              0x08000221   Thumb Code     0  libinit2.o(.ARM.Collect$$libinit$$00000015)
    __rt_lib_init_lc_numeric_2               0x08000221   Thumb Code     0  libinit2.o(.ARM.Collect$$libinit$$00000016)
    __rt_lib_init_atexit_1                   0x0800022b   Thumb Code     0  libinit2.o(.ARM.Collect$$libinit$$0000001B)
    __rt_lib_init_clock_1                    0x0800022b   Thumb Code     0  libinit2.o(.ARM.Collect$$libinit$$00000021)
    __rt_lib_init_fp_trap_1                  0x0800022b   Thumb Code     0  libinit2.o(.ARM.Collect$$libinit$$0000001F)
    __rt_lib_init_getenv_1                   0x0800022b   Thumb Code     0  libinit2.o(.ARM.Collect$$libinit$$00000023)
    __rt_lib_init_lc_numeric_1               0x0800022b   Thumb Code     0  libinit2.o(.ARM.Collect$$libinit$$00000017)
    __rt_lib_init_lc_time_1                  0x0800022b   Thumb Code     0  libinit2.o(.ARM.Collect$$libinit$$00000019)
    __rt_lib_init_signal_1                   0x0800022b   Thumb Code     0  libinit2.o(.ARM.Collect$$libinit$$0000001D)
    __rt_lib_init_stdio_2                    0x0800022b   Thumb Code     0  libinit2.o(.ARM.Collect$$libinit$$00000024)
    __rt_lib_init_alloca_1                   0x0800022f   Thumb Code     0  libinit2.o(.ARM.Collect$$libinit$$0000002E)
    __rt_lib_init_argv_1                     0x0800022f   Thumb Code     0  libinit2.o(.ARM.Collect$$libinit$$0000002C)
    __rt_lib_init_cpp_1                      0x0800022f   Thumb Code     0  libinit2.o(.ARM.Collect$$libinit$$00000032)
    __rt_lib_init_exceptions_1               0x0800022f   Thumb Code     0  libinit2.o(.ARM.Collect$$libinit$$00000030)
    __rt_lib_init_return                     0x0800022f   Thumb Code     0  libinit2.o(.ARM.Collect$$libinit$$00000033)
    __rt_lib_init_stdio_1                    0x0800022f   Thumb Code     0  libinit2.o(.ARM.Collect$$libinit$$00000025)
    __rt_lib_shutdown                        0x08000231   Thumb Code     0  libshutdown.o(.ARM.Collect$$libshutdown$$00000000)
    __rt_lib_shutdown_stdio_2                0x08000233   Thumb Code     0  libshutdown2.o(.ARM.Collect$$libshutdown$$00000002)
    __rt_lib_shutdown_fp_trap_1              0x08000237   Thumb Code     0  libshutdown2.o(.ARM.Collect$$libshutdown$$00000006)
    __rt_lib_shutdown_heap_1                 0x08000237   Thumb Code     0  libshutdown2.o(.ARM.Collect$$libshutdown$$0000000E)
    __rt_lib_shutdown_return                 0x08000237   Thumb Code     0  libshutdown2.o(.ARM.Collect$$libshutdown$$0000000F)
    __rt_lib_shutdown_signal_1               0x08000237   Thumb Code     0  libshutdown2.o(.ARM.Collect$$libshutdown$$00000009)
    __rt_lib_shutdown_stdio_1                0x08000237   Thumb Code     0  libshutdown2.o(.ARM.Collect$$libshutdown$$00000003)
    __rt_lib_shutdown_user_alloc_1           0x08000237   Thumb Code     0  libshutdown2.o(.ARM.Collect$$libshutdown$$0000000B)
    __rt_entry                               0x08000239   Thumb Code     0  __rtentry.o(.ARM.Collect$$rtentry$$00000000)
    __rt_entry_presh_1                       0x08000239   Thumb Code     0  __rtentry2.o(.ARM.Collect$$rtentry$$00000002)
    __rt_entry_sh                            0x08000239   Thumb Code     0  __rtentry4.o(.ARM.Collect$$rtentry$$00000004)
    __rt_entry_li                            0x0800023f   Thumb Code     0  __rtentry2.o(.ARM.Collect$$rtentry$$0000000A)
    __rt_entry_postsh_1                      0x0800023f   Thumb Code     0  __rtentry2.o(.ARM.Collect$$rtentry$$00000009)
    __rt_entry_main                          0x08000243   Thumb Code     0  __rtentry2.o(.ARM.Collect$$rtentry$$0000000D)
    __rt_entry_postli_1                      0x08000243   Thumb Code     0  __rtentry2.o(.ARM.Collect$$rtentry$$0000000C)
    __rt_exit                                0x0800024b   Thumb Code     0  rtexit.o(.ARM.Collect$$rtexit$$00000000)
    __rt_exit_ls                             0x0800024d   Thumb Code     0  rtexit2.o(.ARM.Collect$$rtexit$$00000003)
    __rt_exit_prels_1                        0x0800024d   Thumb Code     0  rtexit2.o(.ARM.Collect$$rtexit$$00000002)
    __rt_exit_exit                           0x08000251   Thumb Code     0  rtexit2.o(.ARM.Collect$$rtexit$$00000004)
    FIR_C                                    0x08000259   Thumb Code    76  main.o(.text)
    _maybe_terminate_alloc                   0x08000259   Thumb Code     0  maybetermalloc1.o(.emb_text)
    average_difference                       0x080002a5   Thumb Code    72  main.o(.text)
    subtraction                              0x080002ed   Thumb Code    44  main.o(.text)
    mean                                     0x08000319   Thumb Code    50  main.o(.text)
    std_dev                                  0x0800034b   Thumb Code   102  main.o(.text)
    correlation                              0x080003b1   Thumb Code   116  main.o(.text)
    main                                     0x08000425   Thumb Code   894  main.o(.text)
    fputc                                    0x080007a5   Thumb Code    52  fput_debug.o(.text)
    Reset_Handler                            0x080007dd   Thumb Code    10  startup_stm32f407xx.o(.text)
    NMI_Handler                              0x080007e7   Thumb Code     2  startup_stm32f407xx.o(.text)
    HardFault_Handler                        0x080007e9   Thumb Code     2  startup_stm32f407xx.o(.text)
    MemManage_Handler                        0x080007eb   Thumb Code     2  startup_stm32f407xx.o(.text)
    BusFault_Handler                         0x080007ed   Thumb Code     2  startup_stm32f407xx.o(.text)
    UsageFault_Handler                       0x080007ef   Thumb Code     2  startup_stm32f407xx.o(.text)
    SVC_Handler                              0x080007f1   Thumb Code     2  startup_stm32f407xx.o(.text)
    DebugMon_Handler                         0x080007f3   Thumb Code     2  startup_stm32f407xx.o(.text)
    PendSV_Handler                           0x080007f5   Thumb Code     2  startup_stm32f407xx.o(.text)
    SysTick_Handler                          0x080007f7   Thumb Code     2  startup_stm32f407xx.o(.text)
    ADC_IRQHandler                           0x080007f9   Thumb Code     0  startup_stm32f407xx.o(.text)
    CAN1_RX0_IRQHandler                      0x080007f9   Thumb Code     0  startup_stm32f407xx.o(.text)
    CAN1_RX1_IRQHandler                      0x080007f9   Thumb Code     0  startup_stm32f407xx.o(.text)
    CAN1_SCE_IRQHandler                      0x080007f9   Thumb Code     0  startup_stm32f407xx.o(.text)
    CAN1_TX_IRQHandler                       0x080007f9   Thumb Code     0  startup_stm32f407xx.o(.text)
    CAN2_RX0_IRQHandler                      0x080007f9   Thumb Code     0  startup_stm32f407xx.o(.text)
    CAN2_RX1_IRQHandler                      0x080007f9   Thumb Code     0  startup_stm32f407xx.o(.text)
    CAN2_SCE_IRQHandler                      0x080007f9   Thumb Code     0  startup_stm32f407xx.o(.text)
    CAN2_TX_IRQHandler                       0x080007f9   Thumb Code     0  startup_stm32f407xx.o(.text)
    DCMI_IRQHandler                          0x080007f9   Thumb Code     0  startup_stm32f407xx.o(.text)
    DMA1_Stream0_IRQHandler                  0x080007f9   Thumb Code     0  startup_stm32f407xx.o(.text)
    DMA1_Stream1_IRQHandler                  0x080007f9   Thumb Code     0  startup_stm32f407xx.o(.text)
    DMA1_Stream2_IRQHandler                  0x080007f9   Thumb Code     0  startup_stm32f407xx.o(.text)
    DMA1_Stream3_IRQHandler                  0x080007f9   Thumb Code     0  startup_stm32f407xx.o(.text)
    DMA1_Stream4_IRQHandler                  0x080007f9   Thumb Code     0  startup_stm32f407xx.o(.text)
    DMA1_Stream5_IRQHandler                  0x080007f9   Thumb Code     0  startup_stm32f407xx.o(.text)
    DMA1_Stream6_IRQHandler                  0x080007f9   Thumb Code     0  startup_stm32f407xx.o(.text)
    DMA1_Stream7_IRQHandler                  0x080007f9   Thumb Code     0  startup_stm32f407xx.o(.text)
    DMA2_Stream0_IRQHandler                  0x080007f9   Thumb Code     0  startup_stm32f407xx.o(.text)
    DMA2_Stream1_IRQHandler                  0x080007f9   Thumb Code     0  startup_stm32f407xx.o(.text)
    DMA2_Stream2_IRQHandler                  0x080007f9   Thumb Code     0  startup_stm32f407xx.o(.text)
    DMA2_Stream3_IRQHandler                  0x080007f9   Thumb Code     0  startup_stm32f407xx.o(.text)
    DMA2_Stream4_IRQHandler                  0x080007f9   Thumb Code     0  startup_stm32f407xx.o(.text)
    DMA2_Stream5_IRQHandler                  0x080007f9   Thumb Code     0  startup_stm32f407xx.o(.text)
    DMA2_Stream6_IRQHandler                  0x080007f9   Thumb Code     0  startup_stm32f407xx.o(.text)
    DMA2_Stream7_IRQHandler                  0x080007f9   Thumb Code     0  startup_stm32f407xx.o(.text)
    ETH_IRQHandler                           0x080007f9   Thumb Code     0  startup_stm32f407xx.o(.text)
    ETH_WKUP_IRQHandler                      0x080007f9   Thumb Code     0  startup_stm32f407xx.o(.text)
    EXTI0_IRQHandler                         0x080007f9   Thumb Code     0  startup_stm32f407xx.o(.text)
    EXTI15_10_IRQHandler                     0x080007f9   Thumb Code     0  startup_stm32f407xx.o(.text)
    EXTI1_IRQHandler                         0x080007f9   Thumb Code     0  startup_stm32f407xx.o(.text)
    EXTI2_IRQHandler                         0x080007f9   Thumb Code     0  startup_stm32f407xx.o(.text)
    EXTI3_IRQHandler                         0x080007f9   Thumb Code     0  startup_stm32f407xx.o(.text)
    EXTI4_IRQHandler                         0x080007f9   Thumb Code     0  startup_stm32f407xx.o(.text)
    EXTI9_5_IRQHandler                       0x080007f9   Thumb Code     0  startup_stm32f407xx.o(.text)
    FLASH_IRQHandler                         0x080007f9   Thumb Code     0  startup_stm32f407xx.o(.text)
    FMC_IRQHandler                           0x080007f9   Thumb Code     0  startup_stm32f407xx.o(.text)
    FPU_IRQHandler                           0x080007f9   Thumb Code     0  startup_stm32f407xx.o(.text)
    HASH_RNG_IRQHandler                      0x080007f9   Thumb Code     0  startup_stm32f407xx.o(.text)
    I2C1_ER_IRQHandler                       0x080007f9   Thumb Code     0  startup_stm32f407xx.o(.text)
    I2C1_EV_IRQHandler                       0x080007f9   Thumb Code     0  startup_stm32f407xx.o(.text)
    I2C2_ER_IRQHandler                       0x080007f9   Thumb Code     0  startup_stm32f407xx.o(.text)
    I2C2_EV_IRQHandler                       0x080007f9   Thumb Code     0  startup_stm32f407xx.o(.text)
    I2C3_ER_IRQHandler                       0x080007f9   Thumb Code     0  startup_stm32f407xx.o(.text)
    I2C3_EV_IRQHandler                       0x080007f9   Thumb Code     0  startup_stm32f407xx.o(.text)
    OTG_FS_IRQHandler                        0x080007f9   Thumb Code     0  startup_stm32f407xx.o(.text)
    OTG_FS_WKUP_IRQHandler                   0x080007f9   Thumb Code     0  startup_stm32f407xx.o(.text)
    OTG_HS_EP1_IN_IRQHandler                 0x080007f9   Thumb Code     0  startup_stm32f407xx.o(.text)
    OTG_HS_EP1_OUT_IRQHandler                0x080007f9   Thumb Code     0  startup_stm32f407xx.o(.text)
    OTG_HS_IRQHandler                        0x080007f9   Thumb Code     0  startup_stm32f407xx.o(.text)
    OTG_HS_WKUP_IRQHandler                   0x080007f9   Thumb Code     0  startup_stm32f407xx.o(.text)
    PVD_IRQHandler                           0x080007f9   Thumb Code     0  startup_stm32f407xx.o(.text)
    RCC_IRQHandler                           0x080007f9   Thumb Code     0  startup_stm32f407xx.o(.text)
    RTC_Alarm_IRQHandler                     0x080007f9   Thumb Code     0  startup_stm32f407xx.o(.text)
    RTC_WKUP_IRQHandler                      0x080007f9   Thumb Code     0  startup_stm32f407xx.o(.text)
    SDIO_IRQHandler                          0x080007f9   Thumb Code     0  startup_stm32f407xx.o(.text)
    SPI1_IRQHandler                          0x080007f9   Thumb Code     0  startup_stm32f407xx.o(.text)
    SPI2_IRQHandler                          0x080007f9   Thumb Code     0  startup_stm32f407xx.o(.text)
    SPI3_IRQHandler                          0x080007f9   Thumb Code     0  startup_stm32f407xx.o(.text)
    TAMP_STAMP_IRQHandler                    0x080007f9   Thumb Code     0  startup_stm32f407xx.o(.text)
    TIM1_BRK_TIM9_IRQHandler                 0x080007f9   Thumb Code     0  startup_stm32f407xx.o(.text)
    TIM1_CC_IRQHandler                       0x080007f9   Thumb Code     0  startup_stm32f407xx.o(.text)
    TIM1_TRG_COM_TIM11_IRQHandler            0x080007f9   Thumb Code     0  startup_stm32f407xx.o(.text)
    TIM1_UP_TIM10_IRQHandler                 0x080007f9   Thumb Code     0  startup_stm32f407xx.o(.text)
    TIM2_IRQHandler                          0x080007f9   Thumb Code     0  startup_stm32f407xx.o(.text)
    TIM3_IRQHandler                          0x080007f9   Thumb Code     0  startup_stm32f407xx.o(.text)
    TIM4_IRQHandler                          0x080007f9   Thumb Code     0  startup_stm32f407xx.o(.text)
    TIM5_IRQHandler                          0x080007f9   Thumb Code     0  startup_stm32f407xx.o(.text)
    TIM6_DAC_IRQHandler                      0x080007f9   Thumb Code     0  startup_stm32f407xx.o(.text)
    TIM7_IRQHandler                          0x080007f9   Thumb Code     0  startup_stm32f407xx.o(.text)
    TIM8_BRK_TIM12_IRQHandler                0x080007f9   Thumb Code     0  startup_stm32f407xx.o(.text)
    TIM8_CC_IRQHandler                       0x080007f9   Thumb Code     0  startup_stm32f407xx.o(.text)
    TIM8_TRG_COM_TIM14_IRQHandler            0x080007f9   Thumb Code     0  startup_stm32f407xx.o(.text)
    TIM8_UP_TIM13_IRQHandler                 0x080007f9   Thumb Code     0  startup_stm32f407xx.o(.text)
    UART4_IRQHandler                         0x080007f9   Thumb Code     0  startup_stm32f407xx.o(.text)
    UART5_IRQHandler                         0x080007f9   Thumb Code     0  startup_stm32f407xx.o(.text)
    USART1_IRQHandler                        0x080007f9   Thumb Code     0  startup_stm32f407xx.o(.text)
    USART2_IRQHandler                        0x080007f9   Thumb Code     0  startup_stm32f407xx.o(.text)
    USART3_IRQHandler                        0x080007f9   Thumb Code     0  startup_stm32f407xx.o(.text)
    USART6_IRQHandler                        0x080007f9   Thumb Code     0  startup_stm32f407xx.o(.text)
    WWDG_IRQHandler                          0x080007f9   Thumb Code     0  startup_stm32f407xx.o(.text)
    __user_initial_stackheap                 0x080007fd   Thumb Code     0  startup_stm32f407xx.o(.text)
    SystemInit                               0x08000821   Thumb Code    82  system_stm32f4xx.o(.text)
    SystemCoreClockUpdate                    0x08000873   Thumb Code   174  system_stm32f4xx.o(.text)
    arm_sub_f32                              0x08000941   Thumb Code   210  arm_sub_f32.o(.text)
    arm_correlate_f32                        0x08000a15   Thumb Code  1420  arm_correlate_f32.o(.text)
    arm_fir_f32                              0x08000fa1   Thumb Code  1330  arm_fir_f32.o(.text)
    arm_fir_init_f32                         0x080014d3   Thumb Code    28  arm_fir_init_f32.o(.text)
    arm_std_f32                              0x080014f1   Thumb Code   304  arm_std_f32.o(.text)
    __2printf                                0x08001625   Thumb Code    20  noretval__2printf.o(.text)
    _printf_int_dec                          0x0800163d   Thumb Code   104  _printf_dec.o(.text)
    __printf                                 0x080016b5   Thumb Code   270  __printf_wp.o(.text)
    __aeabi_memcpy4                          0x080017c3   Thumb Code     0  rt_memcpy_w.o(.text)
    __aeabi_memcpy8                          0x080017c3   Thumb Code     0  rt_memcpy_w.o(.text)
    __rt_memcpy_w                            0x080017c3   Thumb Code   100  rt_memcpy_w.o(.text)
    _memcpy_lastbytes_aligned                0x0800180b   Thumb Code     0  rt_memcpy_w.o(.text)
    __aeabi_memclr4                          0x08001827   Thumb Code     0  rt_memclr_w.o(.text)
    __aeabi_memclr8                          0x08001827   Thumb Code     0  rt_memclr_w.o(.text)
    __rt_memclr_w                            0x08001827   Thumb Code    78  rt_memclr_w.o(.text)
    _memset_w                                0x0800182b   Thumb Code     0  rt_memclr_w.o(.text)
    __use_two_region_memory                  0x08001875   Thumb Code     2  heapauxi.o(.text)
    __rt_heap_escrow                         0x08001877   Thumb Code     2  heapauxi.o(.text)
    __rt_heap_expand                         0x08001879   Thumb Code     2  heapauxi.o(.text)
    __read_errno                             0x0800187b   Thumb Code    10  _rserrno.o(.text)
    __set_errno                              0x08001885   Thumb Code    12  _rserrno.o(.text)
    _printf_int_common                       0x08001891   Thumb Code   178  _printf_intcommon.o(.text)
    __lib_sel_fp_printf                      0x08001943   Thumb Code     2  _printf_fp_dec.o(.text)
    _printf_fp_dec_real                      0x08001af1   Thumb Code   620  _printf_fp_dec.o(.text)
    _printf_char_file                        0x08001d5d   Thumb Code    32  _printf_char_file.o(.text)
    __rt_locale                              0x08001d81   Thumb Code     8  rt_locale_intlibspace.o(.text)
    __aeabi_errno_addr                       0x08001d89   Thumb Code     8  rt_errno_addr_intlibspace.o(.text)
    __errno$intlibspace                      0x08001d89   Thumb Code     0  rt_errno_addr_intlibspace.o(.text)
    __rt_errno_addr$intlibspace              0x08001d89   Thumb Code     0  rt_errno_addr_intlibspace.o(.text)
    _ll_udiv10                               0x08001d91   Thumb Code   138  lludiv10.o(.text)
    _printf_char_common                      0x08001e27   Thumb Code    32  _printf_char_common.o(.text)
    _printf_fp_infnan                        0x08001e4d   Thumb Code   112  _printf_fp_infnan.o(.text)
    _btod_etento                             0x08001ecd   Thumb Code   216  bigflt0.o(.text)
    ferror                                   0x08001fa9   Thumb Code     8  ferror.o(.text)
    _initio                                  0x08001fb1   Thumb Code   210  initio.o(.text)
    _terminateio                             0x08002083   Thumb Code    56  initio.o(.text)
    _sys_open                                0x080020e9   Thumb Code    20  sys_io.o(.text)
    _sys_close                               0x080020fd   Thumb Code    12  sys_io.o(.text)
    _sys_write                               0x08002109   Thumb Code    16  sys_io.o(.text)
    _sys_read                                0x08002119   Thumb Code    14  sys_io.o(.text)
    _sys_istty                               0x08002127   Thumb Code    12  sys_io.o(.text)
    _sys_seek                                0x08002133   Thumb Code    14  sys_io.o(.text)
    _sys_ensure                              0x08002141   Thumb Code     2  sys_io.o(.text)
    _sys_flen                                0x08002143   Thumb Code    12  sys_io.o(.text)
    __user_libspace                          0x08002151   Thumb Code     8  libspace.o(.text)
    __user_perproc_libspace                  0x08002151   Thumb Code     0  libspace.o(.text)
    __user_perthread_libspace                0x08002151   Thumb Code     0  libspace.o(.text)
    __user_setup_stackheap                   0x08002159   Thumb Code    74  sys_stackheap_outer.o(.text)
    free                                     0x080021a3   Thumb Code    78  h1_free.o(.text)
    _fp_trap                                 0x080021f1   Thumb Code    44  _fptrap.o(.text)
    setvbuf                                  0x08002221   Thumb Code    70  setvbuf.o(.text)
    freopen                                  0x08002269   Thumb Code   158  fopen.o(.text)
    fopen                                    0x08002307   Thumb Code    74  fopen.o(.text)
    _fclose_internal                         0x08002355   Thumb Code    76  fclose.o(.text)
    fclose                                   0x08002355   Thumb Code     0  fclose.o(.text)
    exit                                     0x080023a1   Thumb Code    12  exit.o(.text)
    __rt_SIGRTRED                            0x080023ad   Thumb Code    14  defsig_rtred_outer.o(.text)
    strcmp                                   0x080023bd   Thumb Code   128  strcmpv7m.o(.text)
    __I$use$semihosting                      0x0800243d   Thumb Code     0  use_no_semi.o(.text)
    __use_no_semihosting_swi                 0x0800243d   Thumb Code     2  use_no_semi.o(.text)
    __semihosting_library_function           0x0800243f   Thumb Code     0  indicate_semi.o(.text)
    __rt_heap_descriptor                     0x08002441   Thumb Code     8  rt_heap_descriptor_intlibspace.o(.text)
    __use_no_heap                            0x08002449   Thumb Code     2  hguard.o(.text)
    __heap$guard                             0x0800244b   Thumb Code     2  hguard.o(.text)
    _terminate_user_alloc                    0x0800244d   Thumb Code     2  init_alloc.o(.text)
    _init_user_alloc                         0x0800244f   Thumb Code     2  init_alloc.o(.text)
    __Heap_Full                              0x08002451   Thumb Code    34  init_alloc.o(.text)
    __Heap_Broken                            0x08002473   Thumb Code     6  init_alloc.o(.text)
    _init_alloc                              0x08002479   Thumb Code    94  init_alloc.o(.text)
    malloc                                   0x080024d7   Thumb Code    94  h1_alloc.o(.text)
    _fseek                                   0x08002535   Thumb Code   242  fseek.o(.text)
    fseek                                    0x08002535   Thumb Code     0  fseek.o(.text)
    _seterr                                  0x0800262d   Thumb Code    20  stdio.o(.text)
    _writebuf                                0x08002641   Thumb Code    84  stdio.o(.text)
    _fflush                                  0x08002695   Thumb Code    70  stdio.o(.text)
    _deferredlazyseek                        0x080026db   Thumb Code    60  stdio.o(.text)
    __sig_exit                               0x0800271d   Thumb Code    10  defsig_exit.o(.text)
    __rt_SIGFPE                              0x08002727   Thumb Code    14  defsig_fpe_outer.o(.text)
    __rt_SIGRTRED_inner                      0x08002735   Thumb Code    14  defsig_rtred_inner.o(.text)
    strlen                                   0x08002769   Thumb Code    62  strlen.o(.text)
    _sys_exit                                0x080027a9   Thumb Code     8  sys_exit.o(.text)
    __Heap_Initialize                        0x080027b5   Thumb Code    10  h1_init.o(.text)
    __Heap_DescSize                          0x080027bf   Thumb Code     4  h1_init.o(.text)
    __Heap_ProvideMemory                     0x080027c3   Thumb Code    52  h1_extend.o(.text)
    _ftell_internal                          0x080027f7   Thumb Code    66  ftell.o(.text)
    ftell                                    0x080027f7   Thumb Code     0  ftell.o(.text)
    __default_signal_display                 0x08002839   Thumb Code    50  defsig_general.o(.text)
    __rt_SIGFPE_inner                        0x0800286d   Thumb Code    62  defsig_fpe_inner.o(.text)
    __rt_SIGRTMEM                            0x08002919   Thumb Code    14  defsig_rtmem_outer.o(.text)
    _ttywrch                                 0x08002927   Thumb Code    14  sys_wrch.o(.text)
    __rt_SIGRTMEM_inner                      0x08002935   Thumb Code    22  defsig_rtmem_inner.o(.text)
    _btod_d2e                                0x08002985   Thumb Code    62  btod.o(CL$$btod_d2e)
    _d2e_denorm_low                          0x080029c3   Thumb Code    70  btod.o(CL$$btod_d2e_denorm_low)
    _d2e_norm_op1                            0x08002a09   Thumb Code    96  btod.o(CL$$btod_d2e_norm_op1)
    __btod_div_common                        0x08002a69   Thumb Code   696  btod.o(CL$$btod_div_common)
    _e2e                                     0x08002da1   Thumb Code   198  btod.o(CL$$btod_e2e)
    _btod_ediv                               0x08002e67   Thumb Code    40  btod.o(CL$$btod_ediv)
    _btod_emul                               0x08002e8f   Thumb Code    40  btod.o(CL$$btod_emul)
    __btod_mult_common                       0x08002eb7   Thumb Code   580  btod.o(CL$$btod_mult_common)
    __ARM_fpclassify                         0x080030fb   Thumb Code    48  fpclassify.o(i.__ARM_fpclassify)
    __ARM_fpclassifyf                        0x0800312b   Thumb Code    38  fpclassifyf.o(i.__ARM_fpclassifyf)
    __hardfp_powf                            0x08003151   Thumb Code  1518  powf.o(i.__hardfp_powf)
    __mathlib_powf                           0x08003151   Thumb Code     0  powf.o(i.__hardfp_powf)
    __hardfp_sqrtf                           0x0800375d   Thumb Code    58  sqrtf_full.o(i.__hardfp_sqrtf)
    __mathlib_flt_divzero                    0x08003799   Thumb Code    14  funder.o(i.__mathlib_flt_divzero)
    __mathlib_flt_infnan2                    0x080037ad   Thumb Code     6  funder.o(i.__mathlib_flt_infnan2)
    __mathlib_flt_invalid                    0x080037b5   Thumb Code    10  funder.o(i.__mathlib_flt_invalid)
    __mathlib_flt_overflow                   0x080037c5   Thumb Code    10  funder.o(i.__mathlib_flt_overflow)
    __mathlib_flt_underflow                  0x080037d5   Thumb Code    10  funder.o(i.__mathlib_flt_underflow)
    _is_digit                                0x080037e5   Thumb Code    14  __printf_wp.o(i._is_digit)
    _get_lc_numeric                          0x080037f5   Thumb Code    44  lc_numeric_c.o(locale$$code)
    fir_asm                                  0x08003821   Thumb Code     0  fir_asm.o(text)
    __dflt_normalise                         0x08003863   Thumb Code    26  dflt_clz.o(x$fpl$dfltn)
    __fpl_dretinf                            0x0800387d   Thumb Code    12  dretinf.o(x$fpl$dretinf)
    __fpl_exception                          0x08003889   Thumb Code   454  except.o(x$fpl$exception)
    __aeabi_f2d                              0x08003a75   Thumb Code     0  f2d.o(x$fpl$f2d)
    _f2d                                     0x08003a75   Thumb Code   122  f2d.o(x$fpl$f2d)
    __fpl_fnaninf                            0x08003aef   Thumb Code   242  fnaninf.o(x$fpl$fnaninf)
    _fp_init                                 0x08003be1   Thumb Code    10  fpinit.o(x$fpl$fpinit)
    __fplib_config_fpu_vfp                   0x08003be9   Thumb Code     0  fpinit.o(x$fpl$fpinit)
    __fplib_config_pureend_doubles           0x08003be9   Thumb Code     0  fpinit.o(x$fpl$fpinit)
    __funder                                 0x08003beb   Thumb Code   254  funder_clz.o(x$fpl$funder)
    __funder_d                               0x08003ce9   Thumb Code    62  funder_clz.o(x$fpl$funder)
    __ieee_status                            0x08003d29   Thumb Code    28  istatus.o(x$fpl$ieeestatus)
    _printf_fp_dec                           0x08003d49   Thumb Code     4  printf1.o(x$fpl$printf1)
    __fpl_return_NaN                         0x08003d4d   Thumb Code   178  retnan.o(x$fpl$retnan)
    _fp_trapveneer                           0x08003dff   Thumb Code    36  trapv.o(x$fpl$trapveneer)
    __fpl_cmpreturn                          0x08003e23   Thumb Code    90  trapv.o(x$fpl$trapveneer)
    __I$use$fp                               0x08003e7c   Number         0  usenofp.o(x$fpl$usenofp)
    AHBPrescTable                            0x08003ee8   Data          16  system_stm32f4xx.o(.constdata)
    __stdin_name                             0x080040cc   Data           4  sys_io.o(.constdata)
    __stdout_name                            0x080040d0   Data           4  sys_io.o(.constdata)
    __stderr_name                            0x080040d4   Data           4  sys_io.o(.constdata)
    Region$$Table$$Base                      0x080040d8   Number         0  anon$$obj.o(Region$$Table)
    Region$$Table$$Limit                     0x080040f8   Number         0  anon$$obj.o(Region$$Table)
    SystemCoreClock                          0x20000000   Data           4  system_stm32f4xx.o(.data)
    __aeabi_stdin                            0x20000004   Data           4  stdio_streams.o(.data)
    __aeabi_stdout                           0x20000008   Data           4  stdio_streams.o(.data)
    __aeabi_stderr                           0x2000000c   Data           4  stdio_streams.o(.data)
    __stdin                                  0x20000010   Data          84  stdio_streams.o(.bss)
    __stdout                                 0x20000064   Data          84  stdio_streams.o(.bss)
    __stderr                                 0x200000b8   Data          84  stdio_streams.o(.bss)
    __libspace_start                         0x2000010c   Data          96  libspace.o(.bss)
    __temporary_stack_top$libspace           0x2000016c   Data           0  libspace.o(.bss)



==============================================================================

Memory Map of the image

  Image Entry point : 0x08000189

  Load Region LR_IROM1 (Base: 0x08000000, Size: 0x00004124, Max: 0x00100000, ABSOLUTE)

    Execution Region ER_IROM1 (Base: 0x08000000, Size: 0x00004114, Max: 0x00100000, ABSOLUTE)

    Base Addr    Size         Type   Attr      Idx    E Section Name        Object

    0x08000000   0x00000188   Data   RO           98    RESET               startup_stm32f407xx.o
    0x08000188   0x00000008   Code   RO          323  * !!!main             c_w.l(__main.o)
    0x08000190   0x00000034   Code   RO          769    !!!scatter          c_w.l(__scatter.o)
    0x080001c4   0x0000001a   Code   RO          771    !!handler_copy      c_w.l(__scatter_copy.o)
    0x080001de   0x00000002   PAD
    0x080001e0   0x0000001c   Code   RO          773    !!handler_zi        c_w.l(__scatter_zi.o)
    0x080001fc   0x00000000   Code   RO          316    .ARM.Collect$$_printf_percent$$00000000  c_w.l(_printf_percent.o)
    0x080001fc   0x00000006   Code   RO          315    .ARM.Collect$$_printf_percent$$00000003  c_w.l(_printf_f.o)
    0x08000202   0x00000006   Code   RO          314    .ARM.Collect$$_printf_percent$$00000008  c_w.l(_printf_i.o)
    0x08000208   0x00000004   Code   RO          364    .ARM.Collect$$_printf_percent$$00000017  c_w.l(_printf_percent_end.o)
    0x0800020c   0x00000002   Code   RO          577    .ARM.Collect$$libinit$$00000000  c_w.l(libinit.o)
    0x0800020e   0x00000004   Code   RO          578    .ARM.Collect$$libinit$$00000001  c_w.l(libinit2.o)
    0x08000212   0x00000000   Code   RO          581    .ARM.Collect$$libinit$$00000004  c_w.l(libinit2.o)
    0x08000212   0x00000008   Code   RO          582    .ARM.Collect$$libinit$$00000005  c_w.l(libinit2.o)
    0x0800021a   0x00000000   Code   RO          584    .ARM.Collect$$libinit$$0000000A  c_w.l(libinit2.o)
    0x0800021a   0x00000000   Code   RO          586    .ARM.Collect$$libinit$$0000000C  c_w.l(libinit2.o)
    0x0800021a   0x00000000   Code   RO          588    .ARM.Collect$$libinit$$0000000E  c_w.l(libinit2.o)
    0x0800021a   0x00000006   Code   RO          589    .ARM.Collect$$libinit$$0000000F  c_w.l(libinit2.o)
    0x08000220   0x00000000   Code   RO          591    .ARM.Collect$$libinit$$00000011  c_w.l(libinit2.o)
    0x08000220   0x00000000   Code   RO          593    .ARM.Collect$$libinit$$00000013  c_w.l(libinit2.o)
    0x08000220   0x00000000   Code   RO          595    .ARM.Collect$$libinit$$00000015  c_w.l(libinit2.o)
    0x08000220   0x0000000a   Code   RO          596    .ARM.Collect$$libinit$$00000016  c_w.l(libinit2.o)
    0x0800022a   0x00000000   Code   RO          597    .ARM.Collect$$libinit$$00000017  c_w.l(libinit2.o)
    0x0800022a   0x00000000   Code   RO          599    .ARM.Collect$$libinit$$00000019  c_w.l(libinit2.o)
    0x0800022a   0x00000000   Code   RO          601    .ARM.Collect$$libinit$$0000001B  c_w.l(libinit2.o)
    0x0800022a   0x00000000   Code   RO          603    .ARM.Collect$$libinit$$0000001D  c_w.l(libinit2.o)
    0x0800022a   0x00000000   Code   RO          605    .ARM.Collect$$libinit$$0000001F  c_w.l(libinit2.o)
    0x0800022a   0x00000000   Code   RO          607    .ARM.Collect$$libinit$$00000021  c_w.l(libinit2.o)
    0x0800022a   0x00000000   Code   RO          609    .ARM.Collect$$libinit$$00000023  c_w.l(libinit2.o)
    0x0800022a   0x00000004   Code   RO          610    .ARM.Collect$$libinit$$00000024  c_w.l(libinit2.o)
    0x0800022e   0x00000000   Code   RO          611    .ARM.Collect$$libinit$$00000025  c_w.l(libinit2.o)
    0x0800022e   0x00000000   Code   RO          615    .ARM.Collect$$libinit$$0000002C  c_w.l(libinit2.o)
    0x0800022e   0x00000000   Code   RO          617    .ARM.Collect$$libinit$$0000002E  c_w.l(libinit2.o)
    0x0800022e   0x00000000   Code   RO          619    .ARM.Collect$$libinit$$00000030  c_w.l(libinit2.o)
    0x0800022e   0x00000000   Code   RO          621    .ARM.Collect$$libinit$$00000032  c_w.l(libinit2.o)
    0x0800022e   0x00000002   Code   RO          622    .ARM.Collect$$libinit$$00000033  c_w.l(libinit2.o)
    0x08000230   0x00000002   Code   RO          750    .ARM.Collect$$libshutdown$$00000000  c_w.l(libshutdown.o)
    0x08000232   0x00000004   Code   RO          624    .ARM.Collect$$libshutdown$$00000002  c_w.l(libshutdown2.o)
    0x08000236   0x00000000   Code   RO          625    .ARM.Collect$$libshutdown$$00000003  c_w.l(libshutdown2.o)
    0x08000236   0x00000000   Code   RO          628    .ARM.Collect$$libshutdown$$00000006  c_w.l(libshutdown2.o)
    0x08000236   0x00000000   Code   RO          631    .ARM.Collect$$libshutdown$$00000009  c_w.l(libshutdown2.o)
    0x08000236   0x00000000   Code   RO          633    .ARM.Collect$$libshutdown$$0000000B  c_w.l(libshutdown2.o)
    0x08000236   0x00000000   Code   RO          636    .ARM.Collect$$libshutdown$$0000000E  c_w.l(libshutdown2.o)
    0x08000236   0x00000002   Code   RO          637    .ARM.Collect$$libshutdown$$0000000F  c_w.l(libshutdown2.o)
    0x08000238   0x00000000   Code   RO          355    .ARM.Collect$$rtentry$$00000000  c_w.l(__rtentry.o)
    0x08000238   0x00000000   Code   RO          403    .ARM.Collect$$rtentry$$00000002  c_w.l(__rtentry2.o)
    0x08000238   0x00000006   Code   RO          415    .ARM.Collect$$rtentry$$00000004  c_w.l(__rtentry4.o)
    0x0800023e   0x00000000   Code   RO          405    .ARM.Collect$$rtentry$$00000009  c_w.l(__rtentry2.o)
    0x0800023e   0x00000004   Code   RO          406    .ARM.Collect$$rtentry$$0000000A  c_w.l(__rtentry2.o)
    0x08000242   0x00000000   Code   RO          408    .ARM.Collect$$rtentry$$0000000C  c_w.l(__rtentry2.o)
    0x08000242   0x00000008   Code   RO          409    .ARM.Collect$$rtentry$$0000000D  c_w.l(__rtentry2.o)
    0x0800024a   0x00000002   Code   RO          645    .ARM.Collect$$rtexit$$00000000  c_w.l(rtexit.o)
    0x0800024c   0x00000000   Code   RO          699    .ARM.Collect$$rtexit$$00000002  c_w.l(rtexit2.o)
    0x0800024c   0x00000004   Code   RO          700    .ARM.Collect$$rtexit$$00000003  c_w.l(rtexit2.o)
    0x08000250   0x00000006   Code   RO          701    .ARM.Collect$$rtexit$$00000004  c_w.l(rtexit2.o)
    0x08000256   0x00000002   PAD
    0x08000258   0x00000000   Code   RO          705    .emb_text           c_w.l(maybetermalloc1.o)
    0x08000258   0x0000054a   Code   RO            4    .text               main.o
    0x080007a2   0x00000002   PAD
    0x080007a4   0x00000038   Code   RO           58    .text               fput_debug.o
    0x080007dc   0x00000044   Code   RO           99    .text               startup_stm32f407xx.o
    0x08000820   0x00000120   Code   RO          106    .text               system_stm32f4xx.o
    0x08000940   0x000000d2   Code   RO          142    .text               arm_cortexM4lf_math.lib(arm_sub_f32.o)
    0x08000a12   0x00000002   PAD
    0x08000a14   0x0000058c   Code   RO          188    .text               arm_cortexM4lf_math.lib(arm_correlate_f32.o)
    0x08000fa0   0x00000532   Code   RO          212    .text               arm_cortexM4lf_math.lib(arm_fir_f32.o)
    0x080014d2   0x0000001c   Code   RO          236    .text               arm_cortexM4lf_math.lib(arm_fir_init_f32.o)
    0x080014ee   0x00000002   PAD
    0x080014f0   0x00000134   Code   RO          260    .text               arm_cortexM4lf_math.lib(arm_std_f32.o)
    0x08001624   0x00000018   Code   RO          288    .text               c_w.l(noretval__2printf.o)
    0x0800163c   0x00000078   Code   RO          292    .text               c_w.l(_printf_dec.o)
    0x080016b4   0x0000010e   Code   RO          302    .text               c_w.l(__printf_wp.o)
    0x080017c2   0x00000064   Code   RO          317    .text               c_w.l(rt_memcpy_w.o)
    0x08001826   0x0000004e   Code   RO          319    .text               c_w.l(rt_memclr_w.o)
    0x08001874   0x00000006   Code   RO          321    .text               c_w.l(heapauxi.o)
    0x0800187a   0x00000016   Code   RO          356    .text               c_w.l(_rserrno.o)
    0x08001890   0x000000b2   Code   RO          358    .text               c_w.l(_printf_intcommon.o)
    0x08001942   0x0000041a   Code   RO          360    .text               c_w.l(_printf_fp_dec.o)
    0x08001d5c   0x00000024   Code   RO          362    .text               c_w.l(_printf_char_file.o)
    0x08001d80   0x00000008   Code   RO          420    .text               c_w.l(rt_locale_intlibspace.o)
    0x08001d88   0x00000008   Code   RO          425    .text               c_w.l(rt_errno_addr_intlibspace.o)
    0x08001d90   0x0000008a   Code   RO          427    .text               c_w.l(lludiv10.o)
    0x08001e1a   0x00000002   PAD
    0x08001e1c   0x00000030   Code   RO          429    .text               c_w.l(_printf_char_common.o)
    0x08001e4c   0x00000080   Code   RO          431    .text               c_w.l(_printf_fp_infnan.o)
    0x08001ecc   0x000000dc   Code   RO          433    .text               c_w.l(bigflt0.o)
    0x08001fa8   0x00000008   Code   RO          458    .text               c_w.l(ferror.o)
    0x08001fb0   0x00000138   Code   RO          460    .text               c_w.l(initio.o)
    0x080020e8   0x00000066   Code   RO          481    .text               c_w.l(sys_io.o)
    0x0800214e   0x00000002   PAD
    0x08002150   0x00000008   Code   RO          486    .text               c_w.l(libspace.o)
    0x08002158   0x0000004a   Code   RO          491    .text               c_w.l(sys_stackheap_outer.o)
    0x080021a2   0x0000004e   Code   RO          495    .text               c_w.l(h1_free.o)
    0x080021f0   0x00000030   Code   RO          549    .text               c_w.l(_fptrap.o)
    0x08002220   0x00000046   Code   RO          553    .text               c_w.l(setvbuf.o)
    0x08002266   0x00000002   PAD
    0x08002268   0x000000ec   Code   RO          556    .text               c_w.l(fopen.o)
    0x08002354   0x0000004c   Code   RO          558    .text               c_w.l(fclose.o)
    0x080023a0   0x0000000c   Code   RO          564    .text               c_w.l(exit.o)
    0x080023ac   0x0000000e   Code   RO          566    .text               c_w.l(defsig_rtred_outer.o)
    0x080023ba   0x00000002   PAD
    0x080023bc   0x00000080   Code   RO          570    .text               c_w.l(strcmpv7m.o)
    0x0800243c   0x00000002   Code   RO          642    .text               c_w.l(use_no_semi.o)
    0x0800243e   0x00000000   Code   RO          644    .text               c_w.l(indicate_semi.o)
    0x0800243e   0x00000002   PAD
    0x08002440   0x00000008   Code   RO          652    .text               c_w.l(rt_heap_descriptor_intlibspace.o)
    0x08002448   0x00000004   Code   RO          654    .text               c_w.l(hguard.o)
    0x0800244c   0x0000008a   Code   RO          656    .text               c_w.l(init_alloc.o)
    0x080024d6   0x0000005e   Code   RO          662    .text               c_w.l(h1_alloc.o)
    0x08002534   0x000000f8   Code   RO          676    .text               c_w.l(fseek.o)
    0x0800262c   0x000000f0   Code   RO          678    .text               c_w.l(stdio.o)
    0x0800271c   0x0000000a   Code   RO          680    .text               c_w.l(defsig_exit.o)
    0x08002726   0x0000000e   Code   RO          682    .text               c_w.l(defsig_fpe_outer.o)
    0x08002734   0x00000034   Code   RO          686    .text               c_w.l(defsig_rtred_inner.o)
    0x08002768   0x0000003e   Code   RO          688    .text               c_w.l(strlen.o)
    0x080027a6   0x00000002   PAD
    0x080027a8   0x0000000c   Code   RO          696    .text               c_w.l(sys_exit.o)
    0x080027b4   0x0000000e   Code   RO          707    .text               c_w.l(h1_init.o)
    0x080027c2   0x00000034   Code   RO          709    .text               c_w.l(h1_extend.o)
    0x080027f6   0x00000042   Code   RO          715    .text               c_w.l(ftell.o)
    0x08002838   0x00000032   Code   RO          719    .text               c_w.l(defsig_general.o)
    0x0800286a   0x00000002   PAD
    0x0800286c   0x000000ac   Code   RO          721    .text               c_w.l(defsig_fpe_inner.o)
    0x08002918   0x0000000e   Code   RO          723    .text               c_w.l(defsig_rtmem_outer.o)
    0x08002926   0x0000000e   Code   RO          736    .text               c_w.l(sys_wrch.o)
    0x08002934   0x00000050   Code   RO          744    .text               c_w.l(defsig_rtmem_inner.o)
    0x08002984   0x0000003e   Code   RO          436    CL$$btod_d2e        c_w.l(btod.o)
    0x080029c2   0x00000046   Code   RO          438    CL$$btod_d2e_denorm_low  c_w.l(btod.o)
    0x08002a08   0x00000060   Code   RO          437    CL$$btod_d2e_norm_op1  c_w.l(btod.o)
    0x08002a68   0x00000338   Code   RO          446    CL$$btod_div_common  c_w.l(btod.o)
    0x08002da0   0x000000c6   Code   RO          443    CL$$btod_e2e        c_w.l(btod.o)
    0x08002e66   0x00000028   Code   RO          440    CL$$btod_ediv       c_w.l(btod.o)
    0x08002e8e   0x00000028   Code   RO          439    CL$$btod_emul       c_w.l(btod.o)
    0x08002eb6   0x00000244   Code   RO          445    CL$$btod_mult_common  c_w.l(btod.o)
    0x080030fa   0x00000030   Code   RO          479    i.__ARM_fpclassify  m_wm.l(fpclassify.o)
    0x0800312a   0x00000026   Code   RO          386    i.__ARM_fpclassifyf  m_wm.l(fpclassifyf.o)
    0x08003150   0x0000060c   Code   RO          329    i.__hardfp_powf     m_wm.l(powf.o)
    0x0800375c   0x0000003a   Code   RO          343    i.__hardfp_sqrtf    m_wm.l(sqrtf_full.o)
    0x08003796   0x00000002   PAD
    0x08003798   0x00000014   Code   RO          388    i.__mathlib_flt_divzero  m_wm.l(funder.o)
    0x080037ac   0x00000006   Code   RO          390    i.__mathlib_flt_infnan2  m_wm.l(funder.o)
    0x080037b2   0x00000002   PAD
    0x080037b4   0x00000010   Code   RO          391    i.__mathlib_flt_invalid  m_wm.l(funder.o)
    0x080037c4   0x00000010   Code   RO          392    i.__mathlib_flt_overflow  m_wm.l(funder.o)
    0x080037d4   0x00000010   Code   RO          394    i.__mathlib_flt_underflow  m_wm.l(funder.o)
    0x080037e4   0x0000000e   Code   RO          304    i._is_digit         c_w.l(__printf_wp.o)
    0x080037f2   0x00000002   PAD
    0x080037f4   0x0000002c   Code   RO          467    locale$$code        c_w.l(lc_numeric_c.o)
    0x08003820   0x00000042   Code   RO           93    text                fir_asm.o
    0x08003862   0x0000001a   Code   RO          375    x$fpl$dfltn         g_wm.l(dflt_clz.o)
    0x0800387c   0x0000000c   Code   RO          379    x$fpl$dretinf       g_wm.l(dretinf.o)
    0x08003888   0x000001ec   Code   RO          471    x$fpl$exception     g_wm.l(except.o)
    0x08003a74   0x0000007a   Code   RO          325    x$fpl$f2d           g_wm.l(f2d.o)
    0x08003aee   0x000000f2   Code   RO          381    x$fpl$fnaninf       g_wm.l(fnaninf.o)
    0x08003be0   0x0000000a   Code   RO          694    x$fpl$fpinit        g_wm.l(fpinit.o)
    0x08003bea   0x0000013c   Code   RO          475    x$fpl$funder        g_wm.l(funder_clz.o)
    0x08003d26   0x00000002   PAD
    0x08003d28   0x00000020   Code   RO          383    x$fpl$ieeestatus    g_wm.l(istatus.o)
    0x08003d48   0x00000004   Code   RO          327    x$fpl$printf1       g_wm.l(printf1.o)
    0x08003d4c   0x000000b2   Code   RO          640    x$fpl$retnan        g_wm.l(retnan.o)
    0x08003dfe   0x0000007e   Code   RO          477    x$fpl$trapveneer    g_wm.l(trapv.o)
    0x08003e7c   0x00000000   Code   RO          385    x$fpl$usenofp       g_wm.l(usenofp.o)
    0x08003e7c   0x0000006c   Data   RO            5    .constdata          main.o
    0x08003ee8   0x00000010   Data   RO          107    .constdata          system_stm32f4xx.o
    0x08003ef8   0x00000140   Data   RO          332    .constdata          m_wm.l(powf.o)
    0x08004038   0x00000094   Data   RO          434    .constdata          c_w.l(bigflt0.o)
    0x080040cc   0x00000004   Data   RO          482    .constdata          c_w.l(sys_io.o)
    0x080040d0   0x00000004   Data   RO          483    .constdata          c_w.l(sys_io.o)
    0x080040d4   0x00000004   Data   RO          484    .constdata          c_w.l(sys_io.o)
    0x080040d8   0x00000020   Data   RO          767    Region$$Table       anon$$obj.o
    0x080040f8   0x0000001c   Data   RO          466    locale$$data        c_w.l(lc_numeric_c.o)


    Execution Region RW_IRAM1 (Base: 0x20000000, Size: 0x00000770, Max: 0x00020000, ABSOLUTE)

    Base Addr    Size         Type   Attr      Idx    E Section Name        Object

    0x20000000   0x00000004   Data   RW          108    .data               system_stm32f4xx.o
    0x20000004   0x00000004   Data   RW          368    .data               c_w.l(stdio_streams.o)
    0x20000008   0x00000004   Data   RW          369    .data               c_w.l(stdio_streams.o)
    0x2000000c   0x00000004   Data   RW          370    .data               c_w.l(stdio_streams.o)
    0x20000010   0x00000054   Zero   RW          365    .bss                c_w.l(stdio_streams.o)
    0x20000064   0x00000054   Zero   RW          366    .bss                c_w.l(stdio_streams.o)
    0x200000b8   0x00000054   Zero   RW          367    .bss                c_w.l(stdio_streams.o)
    0x2000010c   0x00000060   Zero   RW          487    .bss                c_w.l(libspace.o)
    0x2000016c   0x00000004   PAD
    0x20000170   0x00000200   Zero   RW           97    HEAP                startup_stm32f407xx.o
    0x20000370   0x00000400   Zero   RW           96    STACK               startup_stm32f407xx.o


==============================================================================

Image component sizes


      Code (inc. data)   RO Data    RW Data    ZI Data      Debug   Object Name

        66          0          0          0          0        260   fir_asm.o
        56          4          0          0          0     581595   fput_debug.o
      1354        274        108          0          0      22813   main.o
        68         28        392          0       1536        904   startup_stm32f407xx.o
       288         32         16          4          0       1779   system_stm32f4xx.o

    ----------------------------------------------------------------------
      1834        338        548          4       1536     607351   Object Totals
         0          0         32          0          0          0   (incl. Generated)
         2          0          0          0          0          0   (incl. Padding)

    ----------------------------------------------------------------------

      Code (inc. data)   RO Data    RW Data    ZI Data      Debug   Library Member Name

      1420          6          0          0          0       3820   arm_correlate_f32.o
      1330          6          0          0          0       3666   arm_fir_f32.o
        28          0          0          0          0       1091   arm_fir_init_f32.o
       308          4          0          0          0      14826   arm_std_f32.o
       210          0          0          0          0      17538   arm_sub_f32.o
         8          0          0          0          0         68   __main.o
       284          0          0          0          0        156   __printf_wp.o
         0          0          0          0          0          0   __rtentry.o
        12          0          0          0          0          0   __rtentry2.o
         6          0          0          0          0          0   __rtentry4.o
        52          8          0          0          0          0   __scatter.o
        26          0          0          0          0          0   __scatter_copy.o
        28          0          0          0          0          0   __scatter_zi.o
        48          4          0          0          0         84   _fptrap.o
        48          6          0          0          0         96   _printf_char_common.o
        36          4          0          0          0         80   _printf_char_file.o
       120         16          0          0          0         92   _printf_dec.o
         6          0          0          0          0          0   _printf_f.o
      1050          0          0          0          0        216   _printf_fp_dec.o
       128         16          0          0          0         84   _printf_fp_infnan.o
         6          0          0          0          0          0   _printf_i.o
       178          0          0          0          0         88   _printf_intcommon.o
         0          0          0          0          0          0   _printf_percent.o
         4          0          0          0          0          0   _printf_percent_end.o
        22          0          0          0          0        100   _rserrno.o
       220          4        148          0          0         96   bigflt0.o
      1910        128          0          0          0        672   btod.o
        10          0          0          0          0         68   defsig_exit.o
       172        110          0          0          0         76   defsig_fpe_inner.o
        14          0          0          0          0         80   defsig_fpe_outer.o
        50          0          0          0          0         88   defsig_general.o
        80         58          0          0          0         76   defsig_rtmem_inner.o
        14          0          0          0          0         80   defsig_rtmem_outer.o
        52         38          0          0          0         76   defsig_rtred_inner.o
        14          0          0          0          0         80   defsig_rtred_outer.o
        12          0          0          0          0         72   exit.o
        76          0          0          0          0         88   fclose.o
         8          0          0          0          0         68   ferror.o
       236          4          0          0          0        128   fopen.o
       248          6          0          0          0         84   fseek.o
        66          0          0          0          0         76   ftell.o
        94          0          0          0          0         80   h1_alloc.o
        52          0          0          0          0         68   h1_extend.o
        78          0          0          0          0         80   h1_free.o
        14          0          0          0          0         84   h1_init.o
         6          0          0          0          0        152   heapauxi.o
         4          0          0          0          0        136   hguard.o
         0          0          0          0          0          0   indicate_semi.o
       138          0          0          0          0        168   init_alloc.o
       312         46          0          0          0        112   initio.o
        44         10         28          0          0         76   lc_numeric_c.o
         2          0          0          0          0          0   libinit.o
        34          0          0          0          0          0   libinit2.o
         2          0          0          0          0          0   libshutdown.o
         6          0          0          0          0          0   libshutdown2.o
         8          4          0          0         96         68   libspace.o
       138          0          0          0          0         80   lludiv10.o
         0          0          0          0          0          0   maybetermalloc1.o
        24          4          0          0          0         84   noretval__2printf.o
         8          4          0          0          0         68   rt_errno_addr_intlibspace.o
         8          4          0          0          0         68   rt_heap_descriptor_intlibspace.o
         8          4          0          0          0         68   rt_locale_intlibspace.o
        78          0          0          0          0         80   rt_memclr_w.o
       100          0          0          0          0         80   rt_memcpy_w.o
         2          0          0          0          0          0   rtexit.o
        10          0          0          0          0          0   rtexit2.o
        70          0          0          0          0         80   setvbuf.o
       240          6          0          0          0        156   stdio.o
         0          0          0         12        252          0   stdio_streams.o
       128          0          0          0          0         68   strcmpv7m.o
        62          0          0          0          0         76   strlen.o
        12          4          0          0          0         68   sys_exit.o
       102          0         12          0          0        240   sys_io.o
        74          0          0          0          0         80   sys_stackheap_outer.o
        14          0          0          0          0         76   sys_wrch.o
         2          0          0          0          0         68   use_no_semi.o
        26          0          0          0          0        116   dflt_clz.o
        12          0          0          0          0        116   dretinf.o
       492         36          0          0          0        148   except.o
       122          8          0          0          0        132   f2d.o
       242          4          0          0          0        144   fnaninf.o
        10          0          0          0          0        116   fpinit.o
       316          0          0          0          0        132   funder_clz.o
        32          4          0          0          0        116   istatus.o
         4          0          0          0          0        116   printf1.o
       178          0          0          0          0        116   retnan.o
       126          0          0          0          0        148   trapv.o
         0          0          0          0          0          0   usenofp.o
        48          0          0          0          0        124   fpclassify.o
        38          0          0          0          0        116   fpclassifyf.o
        74         24          0          0          0        580   funder.o
      1548        110        320          0          0        268   powf.o
        58          0          0          0          0        136   sqrtf_full.o

    ----------------------------------------------------------------------
     13770        690        508         12        352      49001   Library Totals
        30          0          0          0          4          0   (incl. Padding)

    ----------------------------------------------------------------------

      Code (inc. data)   RO Data    RW Data    ZI Data      Debug   Library Name

      3296         16          0          0          0      40941   arm_cortexM4lf_math.lib
      7118        488        188         12        348       5436   c_w.l
      1560         52          0          0          0       1400   g_wm.l
      1766        134        320          0          0       1224   m_wm.l

    ----------------------------------------------------------------------
     13770        690        508         12        352      49001   Library Totals

    ----------------------------------------------------------------------

==============================================================================


      Code (inc. data)   RO Data    RW Data    ZI Data      Debug   

     15604       1028       1056         16       1888     651136   Grand Totals
     15604       1028       1056         16       1888     651136   ELF Image Totals
     15604       1028       1056         16          0          0   ROM Totals

==============================================================================

    Total RO  Size (Code + RO Data)                16660 (  16.27kB)
    Total RW  Size (RW Data + ZI Data)              1904 (   1.86kB)
    Total ROM Size (Code + RO Data + RW Data)      16676 (  16.29kB)

==============================================================================

